node_modules/@editorjs/editorjs/types/tools/adapters/tool-type.ts(4,13): error TS1294: This syntax is not allowed when 'erasableSyntaxOnly' is enabled.
node_modules/@editorjs/editorjs/types/utils/popover/popover-event.ts(5,13): error TS1294: This syntax is not allowed when 'erasableSyntaxOnly' is enabled.
node_modules/@editorjs/editorjs/types/utils/popover/popover-item-type.ts(4,13): error TS1294: This syntax is not allowed when 'erasableSyntaxOnly' is enabled.
src/api/apis.ts(1396,17): error TS2552: Cannot find name 'GetAllDocumentationsResponse'. Did you mean 'GetDocumentationResponse'?
src/components/EditorJs/EditorNew.tsx(46,13): error TS2322: Type '"ERROR"' is not assignable to type 'LogLevels | undefined'.
src/components/EditorJs/EditorSimple.tsx(159,13): error TS2322: Type '"ERROR"' is not assignable to type 'LogLevels | undefined'.
src/components/Message/MessageCard.tsx(200,29): error TS2345: Argument of type '{ _id: string; needEditor?: boolean | undefined; applying_program_count?: number | undefined; attributes?: { name: string; value: number; }[] | undefined; profile?: { name: string; required: boolean; updatedAt?: Date | undefined; path?: string | undefined; status?: string | undefined; feedback?: string | undefined; ...' is not assignable to parameter of type 'IUser'.
  Type 'null' is not assignable to type 'IUser'.
src/components/StudentOverviewTable/index.tsx(231,29): error TS2345: Argument of type '(thread: IApplicationDocModificationThreadItem) => boolean | undefined' is not assignable to parameter of type '(value: { updatedAt?: Date | undefined; isFinalVersion?: boolean | undefined; latest_message_left_by_id?: string | undefined; doc_thread_id?: string | undefined; createdAt?: Date | undefined; }, index: number, array: { ...; }[]) => unknown'.
  Types of parameters 'thread' and 'value' are incompatible.
    Type '{ updatedAt?: Date | undefined; isFinalVersion?: boolean | undefined; latest_message_left_by_id?: string | undefined; doc_thread_id?: string | undefined; createdAt?: Date | undefined; }' is not assignable to type 'IApplicationDocModificationThreadItem'.
      Types of property 'doc_thread_id' are incompatible.
        Type 'string | undefined' is not assignable to type 'ObjectId | undefined'.
          Type 'string' is not assignable to type 'ObjectId'.
src/components/StudentOverviewTable/index.tsx(245,29): error TS2345: Argument of type '(thread: IApplicationDocModificationThreadItem) => boolean' is not assignable to parameter of type '(value: { updatedAt?: Date | undefined; isFinalVersion?: boolean | undefined; latest_message_left_by_id?: string | undefined; doc_thread_id?: string | undefined; createdAt?: Date | undefined; }, index: number, array: { ...; }[]) => unknown'.
  Types of parameters 'thread' and 'value' are incompatible.
    Type '{ updatedAt?: Date | undefined; isFinalVersion?: boolean | undefined; latest_message_left_by_id?: string | undefined; doc_thread_id?: string | undefined; createdAt?: Date | undefined; }' is not assignable to type 'IApplicationDocModificationThreadItem'.
      Types of property 'doc_thread_id' are incompatible.
        Type 'string | undefined' is not assignable to type 'ObjectId | undefined'.
          Type 'string' is not assignable to type 'ObjectId'.
src/components/StudentOverviewTable/index.tsx(259,29): error TS2345: Argument of type '(thread: IApplicationDocModificationThreadItem) => boolean | undefined' is not assignable to parameter of type '(value: { updatedAt?: Date | undefined; isFinalVersion?: boolean | undefined; latest_message_left_by_id?: string | undefined; doc_thread_id?: string | undefined; createdAt?: Date | undefined; }, index: number, array: { ...; }[]) => unknown'.
  Types of parameters 'thread' and 'value' are incompatible.
    Type '{ updatedAt?: Date | undefined; isFinalVersion?: boolean | undefined; latest_message_left_by_id?: string | undefined; doc_thread_id?: string | undefined; createdAt?: Date | undefined; }' is not assignable to type 'IApplicationDocModificationThreadItem'.
      Types of property 'doc_thread_id' are incompatible.
        Type 'string | undefined' is not assignable to type 'ObjectId | undefined'.
          Type 'string' is not assignable to type 'ObjectId'.
src/components/StudentOverviewTable/index.tsx(276,29): error TS2345: Argument of type '(thread: IApplicationDocModificationThreadItem) => boolean | undefined' is not assignable to parameter of type '(value: { updatedAt?: Date | undefined; isFinalVersion?: boolean | undefined; latest_message_left_by_id?: string | undefined; doc_thread_id?: string | undefined; createdAt?: Date | undefined; }, index: number, array: { ...; }[]) => unknown'.
  Types of parameters 'thread' and 'value' are incompatible.
    Type '{ updatedAt?: Date | undefined; isFinalVersion?: boolean | undefined; latest_message_left_by_id?: string | undefined; doc_thread_id?: string | undefined; createdAt?: Date | undefined; }' is not assignable to type 'IApplicationDocModificationThreadItem'.
      Types of property 'doc_thread_id' are incompatible.
        Type 'string | undefined' is not assignable to type 'ObjectId | undefined'.
          Type 'string' is not assignable to type 'ObjectId'.
src/components/StudentOverviewTable/index.tsx(293,29): error TS2345: Argument of type '(thread: IApplicationDocModificationThreadItem) => boolean | undefined' is not assignable to parameter of type '(value: { updatedAt?: Date | undefined; isFinalVersion?: boolean | undefined; latest_message_left_by_id?: string | undefined; doc_thread_id?: string | undefined; createdAt?: Date | undefined; }, index: number, array: { ...; }[]) => unknown'.
  Types of parameters 'thread' and 'value' are incompatible.
    Type '{ updatedAt?: Date | undefined; isFinalVersion?: boolean | undefined; latest_message_left_by_id?: string | undefined; doc_thread_id?: string | undefined; createdAt?: Date | undefined; }' is not assignable to type 'IApplicationDocModificationThreadItem'.
      Types of property 'doc_thread_id' are incompatible.
        Type 'string | undefined' is not assignable to type 'ObjectId | undefined'.
          Type 'string' is not assignable to type 'ObjectId'.
src/components/StudentOverviewTable/index.tsx(307,29): error TS2345: Argument of type '(thread: IApplicationDocModificationThreadItem) => boolean | undefined' is not assignable to parameter of type '(value: { updatedAt?: Date | undefined; isFinalVersion?: boolean | undefined; latest_message_left_by_id?: string | undefined; doc_thread_id?: string | undefined; createdAt?: Date | undefined; }, index: number, array: { ...; }[]) => unknown'.
  Types of parameters 'thread' and 'value' are incompatible.
    Type '{ updatedAt?: Date | undefined; isFinalVersion?: boolean | undefined; latest_message_left_by_id?: string | undefined; doc_thread_id?: string | undefined; createdAt?: Date | undefined; }' is not assignable to type 'IApplicationDocModificationThreadItem'.
      Types of property 'doc_thread_id' are incompatible.
        Type 'string | undefined' is not assignable to type 'ObjectId | undefined'.
          Type 'string' is not assignable to type 'ObjectId'.
src/components/table/programs-table/TopToolbar.test.tsx(38,18): error TS2741: Property 'selectedCount' is missing in type '{ onAssignClick: Mock<Procedure>; table: { setColumnFilters: Mock<Procedure>; getSelectedRowModel: () => { rows: never[]; }; }; }' but required in type 'TopToolbarProps'.
src/components/table/programs-table/TopToolbar.test.tsx(64,18): error TS2741: Property 'selectedCount' is missing in type '{ onAssignClick: Mock<Procedure>; table: { setColumnFilters: Mock<Procedure>; getSelectedRowModel: () => { rows: never[]; }; }; }' but required in type 'TopToolbarProps'.
src/hooks/useAllCourses.ts(14,9): error TS2769: No overload matches this call.
  Overload 1 of 3, '(options: DefinedInitialDataOptions<{ success: boolean; message?: string | undefined; data?: { _id: string; all_course_chinese: string; all_course_english: string; description?: string | undefined; updatedBy?: string | objectOutputType<...> | undefined; }[] | undefined; }, Error, IAllCourse[], readonly unknown[]>, queryClient?: QueryClient | undefined): DefinedUseQueryResult<...>', gave the following error.
    Type '(data: { success: boolean; message?: string | undefined; data?: { _id: string; all_course_chinese: string; all_course_english: string; description?: string | undefined; updatedBy?: string | objectOutputType<...> | undefined; }[] | undefined; }) => { ...; }[]' is not assignable to type '(data: { success: boolean; message?: string | undefined; data?: { _id: string; all_course_chinese: string; all_course_english: string; description?: string | undefined; updatedBy?: string | objectOutputType<...> | undefined; }[] | undefined; }) => IAllCourse[]'.
      Type '{ _id: string; all_course_chinese: string; all_course_english: string; description?: string | undefined; updatedBy?: string | objectOutputType<{ _id: ZodOptional<ZodString>; }, ZodTypeAny, "passthrough"> | undefined; }[]' is not assignable to type 'IAllCourse[]'.
        Type '{ _id: string; all_course_chinese: string; all_course_english: string; description?: string | undefined; updatedBy?: string | objectOutputType<{ _id: ZodOptional<ZodString>; }, ZodTypeAny, "passthrough"> | undefined; }' is not assignable to type 'IAllCourse'.
          Types of property 'updatedBy' are incompatible.
            Type 'string | objectOutputType<{ _id: ZodOptional<ZodString>; }, ZodTypeAny, "passthrough"> | undefined' is not assignable to type 'string | IUser | ObjectId'.
              Type 'undefined' is not assignable to type 'string | IUser | ObjectId'.
  Overload 2 of 3, '(options: UndefinedInitialDataOptions<{ success: boolean; message?: string | undefined; data?: { _id: string; all_course_chinese: string; all_course_english: string; description?: string | undefined; updatedBy?: string | objectOutputType<...> | undefined; }[] | undefined; }, Error, IAllCourse[], readonly unknown[]>, queryClient?: QueryClient | undefined): UseQueryResult<...>', gave the following error.
    Type '(data: { success: boolean; message?: string | undefined; data?: { _id: string; all_course_chinese: string; all_course_english: string; description?: string | undefined; updatedBy?: string | objectOutputType<...> | undefined; }[] | undefined; }) => { ...; }[]' is not assignable to type '(data: { success: boolean; message?: string | undefined; data?: { _id: string; all_course_chinese: string; all_course_english: string; description?: string | undefined; updatedBy?: string | objectOutputType<...> | undefined; }[] | undefined; }) => IAllCourse[]'.
      Type '{ _id: string; all_course_chinese: string; all_course_english: string; description?: string | undefined; updatedBy?: string | objectOutputType<{ _id: ZodOptional<ZodString>; }, ZodTypeAny, "passthrough"> | undefined; }[]' is not assignable to type 'IAllCourse[]'.
        Type '{ _id: string; all_course_chinese: string; all_course_english: string; description?: string | undefined; updatedBy?: string | objectOutputType<{ _id: ZodOptional<ZodString>; }, ZodTypeAny, "passthrough"> | undefined; }' is not assignable to type 'IAllCourse'.
          Types of property 'updatedBy' are incompatible.
            Type 'string | objectOutputType<{ _id: ZodOptional<ZodString>; }, ZodTypeAny, "passthrough"> | undefined' is not assignable to type 'string | IUser | ObjectId'.
              Type 'undefined' is not assignable to type 'string | IUser | ObjectId'.
  Overload 3 of 3, '(options: UseQueryOptions<{ success: boolean; message?: string | undefined; data?: { _id: string; all_course_chinese: string; all_course_english: string; description?: string | undefined; updatedBy?: string | objectOutputType<...> | undefined; }[] | undefined; }, Error, IAllCourse[], readonly unknown[]>, queryClient?: QueryClient | undefined): UseQueryResult<...>', gave the following error.
    Type '(data: { success: boolean; message?: string | undefined; data?: { _id: string; all_course_chinese: string; all_course_english: string; description?: string | undefined; updatedBy?: string | objectOutputType<...> | undefined; }[] | undefined; }) => { ...; }[]' is not assignable to type '(data: { success: boolean; message?: string | undefined; data?: { _id: string; all_course_chinese: string; all_course_english: string; description?: string | undefined; updatedBy?: string | objectOutputType<...> | undefined; }[] | undefined; }) => IAllCourse[]'.
      Type '{ _id: string; all_course_chinese: string; all_course_english: string; description?: string | undefined; updatedBy?: string | objectOutputType<{ _id: ZodOptional<ZodString>; }, ZodTypeAny, "passthrough"> | undefined; }[]' is not assignable to type 'IAllCourse[]'.
        Type '{ _id: string; all_course_chinese: string; all_course_english: string; description?: string | undefined; updatedBy?: string | objectOutputType<{ _id: ZodOptional<ZodString>; }, ZodTypeAny, "passthrough"> | undefined; }' is not assignable to type 'IAllCourse'.
          Types of property 'updatedBy' are incompatible.
            Type 'string | objectOutputType<{ _id: ZodOptional<ZodString>; }, ZodTypeAny, "passthrough"> | undefined' is not assignable to type 'string | IUser | ObjectId'.
              Type 'undefined' is not assignable to type 'string | IUser | ObjectId'.
src/hooks/useCommunications.ts(349,50): error TS18046: 'm' is of type 'unknown'.
src/hooks/useCommunications.ts(359,51): error TS18046: 'm' is of type 'unknown'.
src/hooks/useProgram.ts(4,15): error TS2724: '"@/api"' has no exported member named 'GetProgramV2Response'. Did you mean 'ProgramResponse'?
src/hooks/useStudents.ts(56,29): error TS2345: Argument of type 'unknown' is not assignable to parameter of type 'Record<string, boolean>'.
src/hooks/useStudents.ts(73,22): error TS2345: Argument of type 'string[]' is not assignable to parameter of type 'Record<string, boolean>'.
  Index signature for type 'string' is missing in type 'string[]'.
src/pages/AIAssist/__tests__/AIAssistPage.empty.test.tsx(176,9): error TS2349: This expression is not callable.
  Type 'never' has no call signatures.
src/pages/AIAssist/AIAssistPage.tsx(1847,45): error TS2322: Type '{ '& .MuiInputBase-root': { pr: number; }; '& .MuiInputBase-inputMultiline': { caretColor: "text.primary"; color: "transparent"; } | undefined; }' is not assignable to type 'SxProps<Theme> | undefined'.
  Type '{ '& .MuiInputBase-root': { pr: number; }; '& .MuiInputBase-inputMultiline': { caretColor: "text.primary"; color: "transparent"; } | undefined; }' is not assignable to type 'undefined'.
src/pages/AIAssist/utils/mentionUtils.tsx(11,23): error TS2352: Conversion of type 'AIAssistPickerStudent' to type 'Record<string, unknown>' may be a mistake because neither type sufficiently overlaps with the other. If this was intentional, convert the expression to 'unknown' first.
  Index signature for type 'string' is missing in type 'AIAssistPickerStudent'.
src/pages/ApplicantsOverview/OpenApplicationsDistributionChart.tsx(57,17): error TS2322: Type 'ApplicationsDeadlineDistributionBucket[]' is not assignable to type 'Record<string, string | number>[]'.
  Type 'ApplicationsDeadlineDistributionBucket' is not assignable to type 'Record<string, string | number>'.
    Index signature for type 'string' is missing in type 'ApplicationsDeadlineDistributionBucket'.
src/pages/ArchivStudent/index.tsx(169,21): error TS2322: Type '(_e: FormEvent<HTMLFormElement>, _updateAgentList: unknown, _student_id: string) => void' is not assignable to type '(e: SyntheticEvent<Element, Event>, updateAgentList: Record<string, boolean>, student_id: string) => void'.
  Types of parameters '_e' and 'e' are incompatible.
    Type 'SyntheticEvent<Element, Event>' is not assignable to type 'FormEvent<HTMLFormElement>'.
      Types of property 'currentTarget' are incompatible.
        Type 'EventTarget & Element' is not assignable to type 'EventTarget & HTMLFormElement'.
          Type 'EventTarget & Element' is missing the following properties from type 'HTMLFormElement': acceptCharset, action, autocomplete, elements, and 148 more.
src/pages/ArchivStudent/index.tsx(171,21): error TS2322: Type '(_e: FormEvent<HTMLFormElement>, _updateAttributesList: unknown, _student_id: string) => void' is not assignable to type '(e: SyntheticEvent<Element, Event>, updateAttributesList: unknown, student_id: string) => void'.
  Types of parameters '_e' and 'e' are incompatible.
    Type 'SyntheticEvent<Element, Event>' is not assignable to type 'FormEvent<HTMLFormElement>'.
      Types of property 'currentTarget' are incompatible.
        Type 'EventTarget & Element' is not assignable to type 'EventTarget & HTMLFormElement'.
          Type 'EventTarget & Element' is missing the following properties from type 'HTMLFormElement': acceptCharset, action, autocomplete, elements, and 148 more.
src/pages/AssignmentAgentsEditors/AssignEssayWriters/AssignEssayWritersPage.tsx(90,26): error TS2345: Argument of type '(prevState: { error: string; isLoaded: boolean; success: boolean; res_modal_message: string; res_modal_status: number; essayDocumentThreads: { _id: string; student_id: string | IStudentResponseDef; ... 11 more ...; essayReviewerIds?: { ...; }[] | undefined; }[]; }) => { ...; } | { ...; }' is not assignable to parameter of type 'SetStateAction<{ error: string; isLoaded: boolean; success: boolean; res_modal_message: string; res_modal_status: number; essayDocumentThreads: { _id: string; student_id: string | IStudentResponseDef; ... 11 more ...; essayReviewerIds?: { ...; }[] | undefined; }[]; }>'.
  Type '(prevState: { error: string; isLoaded: boolean; success: boolean; res_modal_message: string; res_modal_status: number; essayDocumentThreads: { _id: string; student_id: string | IStudentResponseDef; ... 11 more ...; essayReviewerIds?: { ...; }[] | undefined; }[]; }) => { ...; } | { ...; }' is not assignable to type '(prevState: { error: string; isLoaded: boolean; success: boolean; res_modal_message: string; res_modal_status: number; essayDocumentThreads: { _id: string; student_id: string | IStudentResponseDef; ... 11 more ...; essayReviewerIds?: { ...; }[] | undefined; }[]; }) => { ...; }'.
    Type '{ isLoaded: true; essayDocumentThreads: ({ _id: string; student_id: string | IStudentResponseDef; file_type: string; updatedAt?: Date | undefined; isFinalVersion?: boolean | undefined; ... 8 more ...; essayReviewerIds?: { ...; }[] | undefined; } | { ...; } | undefined)[]; success: true; res_modal_status: number; err...' is not assignable to type '{ error: string; isLoaded: boolean; success: boolean; res_modal_message: string; res_modal_status: number; essayDocumentThreads: { _id: string; student_id: string | IStudentResponseDef; ... 11 more ...; essayReviewerIds?: { _id: string; needEditor?: boolean | undefined; applying_program_count?: number | undefined; a...'.
      Type '{ isLoaded: true; essayDocumentThreads: ({ _id: string; student_id: string | IStudentResponseDef; file_type: string; updatedAt?: Date | undefined; ... 9 more ...; essayReviewerIds?: { _id: string; needEditor?: boolean | undefined; applying_program_count?: number | undefined; attributes?: { name: string; value: numbe...' is not assignable to type '{ error: string; isLoaded: boolean; success: boolean; res_modal_message: string; res_modal_status: number; essayDocumentThreads: { _id: string; student_id: string | IStudentResponseDef; ... 11 more ...; essayReviewerIds?: { _id: string; needEditor?: boolean | undefined; applying_program_count?: number | undefined; a...'.
        Types of property 'essayDocumentThreads' are incompatible.
          Type '({ _id: string; student_id: string | IStudentResponseDef; file_type: string; updatedAt?: Date | undefined; isFinalVersion?: boolean | undefined; program_id?: string | ... 1 more ... | undefined; ... 7 more ...; essayReviewerIds?: { ...; }[] | undefined; } | { ...; } | undefined)[]' is not assignable to type '{ _id: string; student_id: string | IStudentResponseDef; file_type: string; updatedAt?: Date | undefined; isFinalVersion?: boolean | undefined; program_id?: string | ... 1 more ... | undefined; ... 7 more ...; essayReviewerIds?: { ...; }[] | undefined; }[]'.
            Type '{ _id: string; student_id: string | IStudentResponseDef; file_type: string; updatedAt?: Date | undefined; isFinalVersion?: boolean | undefined; program_id?: string | ... 1 more ... | undefined; ... 7 more ...; essayReviewerIds?: { ...; }[] | undefined; } | { ...; } | undefined' is not assignable to type '{ _id: string; student_id: string | IStudentResponseDef; file_type: string; updatedAt?: Date | undefined; isFinalVersion?: boolean | undefined; program_id?: string | ... 1 more ... | undefined; ... 7 more ...; essayReviewerIds?: { ...; }[] | undefined; }'.
              Type 'undefined' is not assignable to type '{ _id: string; student_id: string | IStudentResponseDef; file_type: string; updatedAt?: Date | undefined; isFinalVersion?: boolean | undefined; program_id?: string | ... 1 more ... | undefined; ... 7 more ...; essayReviewerIds?: { ...; }[] | undefined; }'.
src/pages/AssignmentAgentsEditors/AssignEssayWriters/AssignEssayWritersPage.tsx(116,26): error TS2345: Argument of type '(prevState: { error: string; isLoaded: boolean; success: boolean; res_modal_message: string; res_modal_status: number; essayDocumentThreads: { _id: string; student_id: string | IStudentResponseDef; ... 11 more ...; essayReviewerIds?: { ...; }[] | undefined; }[]; }) => { ...; }' is not assignable to parameter of type 'SetStateAction<{ error: string; isLoaded: boolean; success: boolean; res_modal_message: string; res_modal_status: number; essayDocumentThreads: { _id: string; student_id: string | IStudentResponseDef; ... 11 more ...; essayReviewerIds?: { ...; }[] | undefined; }[]; }>'.
  Type '(prevState: { error: string; isLoaded: boolean; success: boolean; res_modal_message: string; res_modal_status: number; essayDocumentThreads: { _id: string; student_id: string | import("C:/Users/steve/workspace/TaiGerPortalStaticWebsite/node_modules/@taiger-common/model/dist/types/schema/serialized").IStudentResponse...' is not assignable to type '(prevState: { error: string; isLoaded: boolean; success: boolean; res_modal_message: string; res_modal_status: number; essayDocumentThreads: { _id: string; student_id: string | import("C:/Users/steve/workspace/TaiGerPortalStaticWebsite/node_modules/@taiger-common/model/dist/types/schema/serialized").IStudentResponse...'. Two different types with this name exist, but they are unrelated.
    Call signature return types '{ isLoaded: true; error: unknown; res_modal_status: number; res_modal_message: string; success: boolean; essayDocumentThreads: { _id: string; student_id: string | IStudentResponseDef; ... 11 more ...; essayReviewerIds?: { ...; }[] | undefined; }[]; }' and '{ error: string; isLoaded: boolean; success: boolean; res_modal_message: string; res_modal_status: number; essayDocumentThreads: { _id: string; student_id: string | IStudentResponseDef; ... 11 more ...; essayReviewerIds?: { ...; }[] | undefined; }[]; }' are incompatible.
      The types of 'error' are incompatible between these types.
        Type 'unknown' is not assignable to type 'string'.
src/pages/AssignmentAgentsEditors/AssignEssayWriters/index.tsx(24,25): error TS2345: Argument of type '{ _id: string; needEditor?: boolean | undefined; applying_program_count?: number | undefined; attributes?: { name: string; value: number; }[] | undefined; profile?: { name: string; required: boolean; updatedAt?: Date | undefined; path?: string | undefined; status?: string | undefined; feedback?: string | undefined; ...' is not assignable to parameter of type 'IUser'.
  Type 'null' is not assignable to type 'IUser'.
src/pages/AssignmentAgentsEditors/AssignInterviewTrainers/AssignInterviewTrainersPage.tsx(84,26): error TS2345: Argument of type '(prevState: { error: string; isLoaded: boolean; success: boolean; res_modal_message: string; res_modal_status: number; interviews: { _id: string; student_id?: string | undefined; program_id?: string | undefined; ... 9 more ...; isClosed?: boolean | undefined; }[]; }) => { ...; } | { ...; }' is not assignable to parameter of type 'SetStateAction<{ error: string; isLoaded: boolean; success: boolean; res_modal_message: string; res_modal_status: number; interviews: { _id: string; student_id?: string | undefined; program_id?: string | undefined; ... 9 more ...; isClosed?: boolean | undefined; }[]; }>'.
  Type '(prevState: { error: string; isLoaded: boolean; success: boolean; res_modal_message: string; res_modal_status: number; interviews: { _id: string; student_id?: string | undefined; program_id?: string | undefined; ... 9 more ...; isClosed?: boolean | undefined; }[]; }) => { ...; } | { ...; }' is not assignable to type '(prevState: { error: string; isLoaded: boolean; success: boolean; res_modal_message: string; res_modal_status: number; interviews: { _id: string; student_id?: string | undefined; program_id?: string | undefined; ... 9 more ...; isClosed?: boolean | undefined; }[]; }) => { ...; }'.
    Type '{ isLoaded: true; interviews: ({ _id: string; student_id?: string | undefined; program_id?: string | undefined; end?: Date | undefined; start?: Date | undefined; trainer_id?: string[] | undefined; ... 6 more ...; isClosed?: boolean | undefined; } | undefined)[]; success: true; res_modal_status: number; error: string...' is not assignable to type '{ error: string; isLoaded: boolean; success: boolean; res_modal_message: string; res_modal_status: number; interviews: { _id: string; student_id?: string | undefined; program_id?: string | undefined; ... 9 more ...; isClosed?: boolean | undefined; }[]; }'.
      Type '{ isLoaded: true; interviews: ({ _id: string; student_id?: string | undefined; program_id?: string | undefined; end?: Date | undefined; start?: Date | undefined; trainer_id?: string[] | undefined; ... 6 more ...; isClosed?: boolean | undefined; } | undefined)[]; success: true; res_modal_status: number; error: string...' is not assignable to type '{ error: string; isLoaded: boolean; success: boolean; res_modal_message: string; res_modal_status: number; interviews: { _id: string; student_id?: string | undefined; program_id?: string | undefined; ... 9 more ...; isClosed?: boolean | undefined; }[]; }'.
        Types of property 'interviews' are incompatible.
          Type '({ _id: string; student_id?: string | undefined; program_id?: string | undefined; end?: Date | undefined; start?: Date | undefined; trainer_id?: string[] | undefined; thread_id?: string | undefined; ... 5 more ...; isClosed?: boolean | undefined; } | undefined)[]' is not assignable to type '{ _id: string; student_id?: string | undefined; program_id?: string | undefined; end?: Date | undefined; start?: Date | undefined; trainer_id?: string[] | undefined; thread_id?: string | undefined; ... 5 more ...; isClosed?: boolean | undefined; }[]'.
            Type '{ _id: string; student_id?: string | undefined; program_id?: string | undefined; end?: Date | undefined; start?: Date | undefined; trainer_id?: string[] | undefined; thread_id?: string | undefined; ... 5 more ...; isClosed?: boolean | undefined; } | undefined' is not assignable to type '{ _id: string; student_id?: string | undefined; program_id?: string | undefined; end?: Date | undefined; start?: Date | undefined; trainer_id?: string[] | undefined; thread_id?: string | undefined; ... 5 more ...; isClosed?: boolean | undefined; }'.
              Type 'undefined' is not assignable to type '{ _id: string; student_id?: string | undefined; program_id?: string | undefined; end?: Date | undefined; start?: Date | undefined; trainer_id?: string[] | undefined; thread_id?: string | undefined; ... 5 more ...; isClosed?: boolean | undefined; }'.
src/pages/AssignmentAgentsEditors/AssignInterviewTrainers/AssignInterviewTrainersPage.tsx(109,26): error TS2345: Argument of type '(prevState: { error: string; isLoaded: boolean; success: boolean; res_modal_message: string; res_modal_status: number; interviews: { _id: string; student_id?: string | undefined; program_id?: string | undefined; ... 9 more ...; isClosed?: boolean | undefined; }[]; }) => { ...; }' is not assignable to parameter of type 'SetStateAction<{ error: string; isLoaded: boolean; success: boolean; res_modal_message: string; res_modal_status: number; interviews: { _id: string; student_id?: string | undefined; program_id?: string | undefined; ... 9 more ...; isClosed?: boolean | undefined; }[]; }>'.
  Type '(prevState: { error: string; isLoaded: boolean; success: boolean; res_modal_message: string; res_modal_status: number; interviews: { _id: string; student_id?: string | undefined; program_id?: string | undefined; ... 9 more ...; isClosed?: boolean | undefined; }[]; }) => { ...; }' is not assignable to type '(prevState: { error: string; isLoaded: boolean; success: boolean; res_modal_message: string; res_modal_status: number; interviews: { _id: string; student_id?: string | undefined; program_id?: string | undefined; ... 9 more ...; isClosed?: boolean | undefined; }[]; }) => { ...; }'. Two different types with this name exist, but they are unrelated.
    Call signature return types '{ isLoaded: true; error: unknown; res_modal_status: number; res_modal_message: any; success: boolean; interviews: { _id: string; student_id?: string | undefined; program_id?: string | undefined; end?: Date | undefined; ... 8 more ...; isClosed?: boolean | undefined; }[]; }' and '{ error: string; isLoaded: boolean; success: boolean; res_modal_message: string; res_modal_status: number; interviews: { _id: string; student_id?: string | undefined; program_id?: string | undefined; ... 9 more ...; isClosed?: boolean | undefined; }[]; }' are incompatible.
      The types of 'error' are incompatible between these types.
        Type 'unknown' is not assignable to type 'string'.
src/pages/AssignmentAgentsEditors/AssignInterviewTrainers/AssignInterviewTrainersPage.tsx(114,40): error TS18046: 'error' is of type 'unknown'.
src/pages/AssignmentAgentsEditors/AssignInterviewTrainers/AssignInterviewTrainersPage.tsx(128,40): error TS2345: Argument of type 'unknown' is not assignable to parameter of type 'Record<string, boolean>'.
src/pages/AssignmentAgentsEditors/AssignInterviewTrainers/index.tsx(14,9): error TS2339: Property 'data' does not exist on type 'unknown'.
src/pages/AssignmentAgentsEditors/AssignInterviewTrainers/index.tsx(16,25): error TS2345: Argument of type '{ _id: string; needEditor?: boolean | undefined; applying_program_count?: number | undefined; attributes?: { name: string; value: number; }[] | undefined; profile?: { name: string; required: boolean; updatedAt?: Date | undefined; path?: string | undefined; status?: string | undefined; feedback?: string | undefined; ...' is not assignable to parameter of type 'IUser'.
  Type 'null' is not assignable to type 'IUser'.
src/pages/AssignmentAgentsEditors/AssignmentWrapper.tsx(48,25): error TS2345: Argument of type '{ _id: string; needEditor?: boolean | undefined; applying_program_count?: number | undefined; attributes?: { name: string; value: number; }[] | undefined; profile?: { name: string; required: boolean; updatedAt?: Date | undefined; path?: string | undefined; status?: string | undefined; feedback?: string | undefined; ...' is not assignable to parameter of type 'IUser'.
  Type 'null' is not assignable to type 'IUser'.
src/pages/Authentication/ResetPassword/ResetPassword.test.tsx(33,26): error TS2322: Type 'unknown' is not assignable to type 'string | undefined'.
src/pages/Authentication/ResetPassword/ResetPassword.test.tsx(34,17): error TS2322: Type 'unknown' is not assignable to type 'ReactI18NextChildren | Iterable<ReactI18NextChildren>'.
src/pages/Authentication/ResetPassword/ResetPassword.tsx(122,22): error TS2769: No overload matches this call.
  Overload 1 of 3, '(props: { href: string; } & ButtonOwnProps & Omit<ButtonBaseOwnProps, "classes"> & CommonProps & Omit<Omit<DetailedHTMLProps<AnchorHTMLAttributes<HTMLAnchorElement>, HTMLAnchorElement>, "ref"> & { ...; }, "href" | ... 24 more ... | "startIcon">): Element', gave the following error.
    Type '(e: FormEvent<HTMLFormElement>) => Promise<void>' is not assignable to type 'MouseEventHandler<HTMLAnchorElement>'.
      Types of parameters 'e' and 'event' are incompatible.
        Type 'MouseEvent<HTMLAnchorElement, MouseEvent>' is not assignable to type 'FormEvent<HTMLFormElement>'.
          Types of property 'currentTarget' are incompatible.
            Type 'EventTarget & HTMLAnchorElement' is not assignable to type 'EventTarget & HTMLFormElement'.
              Type 'EventTarget & HTMLAnchorElement' is missing the following properties from type 'HTMLFormElement': acceptCharset, action, autocomplete, elements, and 11 more.
  Overload 2 of 3, '(props: { component: ElementType<any, keyof IntrinsicElements>; } & ButtonOwnProps & Omit<ButtonBaseOwnProps, "classes"> & CommonProps & Omit<...>): Element | null', gave the following error.
    Property 'component' is missing in type '{ children: string | Element; color: "primary"; disabled: boolean; onClick: (e: FormEvent<HTMLFormElement>) => Promise<void>; sx: { mb: number; }; variant: "contained"; }' but required in type '{ component: ElementType<any, keyof IntrinsicElements>; }'.
  Overload 3 of 3, '(props: DefaultComponentProps<ExtendButtonBaseTypeMap<ButtonTypeMap<{}, "button">>>): Element | null', gave the following error.
    Type '(e: FormEvent<HTMLFormElement>) => Promise<void>' is not assignable to type 'MouseEventHandler<HTMLButtonElement>'.
      Types of parameters 'e' and 'event' are incompatible.
        Type 'MouseEvent<HTMLButtonElement, MouseEvent>' is not assignable to type 'FormEvent<HTMLFormElement>'.
          Types of property 'currentTarget' are incompatible.
            Type 'EventTarget & HTMLButtonElement' is not assignable to type 'EventTarget & HTMLFormElement'.
              Type 'EventTarget & HTMLButtonElement' is missing the following properties from type 'HTMLFormElement': acceptCharset, action, autocomplete, elements, and 12 more.
src/pages/Authentication/ResetPasswordRequest/ResetPasswordRequest.test.tsx(27,25): error TS2347: Untyped function calls may not accept type arguments.
src/pages/Authentication/ResetPasswordRequest/ResetPasswordRequest.test.tsx(30,28): error TS7006: Parameter 'props' implicitly has an 'any' type.
src/pages/Authentication/ResetPasswordRequest/ResetPasswordRequest.test.tsx(30,35): error TS7006: Parameter 'ref' implicitly has an 'any' type.
src/pages/Authentication/SignIn/SignIn.test.tsx(31,25): error TS2347: Untyped function calls may not accept type arguments.
src/pages/Authentication/SignIn/SignIn.test.tsx(34,28): error TS7006: Parameter 'props' implicitly has an 'any' type.
src/pages/Authentication/SignIn/SignIn.test.tsx(34,35): error TS7006: Parameter 'ref' implicitly has an 'any' type.
src/pages/BaseDocuments/AcceptedFilePreviewModal.tsx(86,37): error TS2345: Argument of type '{ _id: string; needEditor?: boolean | undefined; applying_program_count?: number | undefined; attributes?: { name: string; value: number; }[] | undefined; profile?: { name: string; required: boolean; updatedAt?: Date | undefined; path?: string | undefined; status?: string | undefined; feedback?: string | undefined; ...' is not assignable to parameter of type 'IUser'.
  Type 'null' is not assignable to type 'IUser'.
src/pages/BaseDocuments/AcceptedFilePreviewModal.tsx(86,64): error TS2345: Argument of type '{ _id: string; needEditor?: boolean | undefined; applying_program_count?: number | undefined; attributes?: { name: string; value: number; }[] | undefined; profile?: { name: string; required: boolean; updatedAt?: Date | undefined; path?: string | undefined; status?: string | undefined; feedback?: string | undefined; ...' is not assignable to parameter of type 'IUser'.
  Type 'null' is not assignable to type 'IUser'.
src/pages/BaseDocuments/AllBaseDocuments.tsx(23,25): error TS2345: Argument of type '{ _id: string; needEditor?: boolean | undefined; applying_program_count?: number | undefined; attributes?: { name: string; value: number; }[] | undefined; profile?: { name: string; required: boolean; updatedAt?: Date | undefined; path?: string | undefined; status?: string | undefined; feedback?: string | undefined; ...' is not assignable to parameter of type 'IUser'.
  Type 'null' is not assignable to type 'IUser'.
src/pages/BaseDocuments/AllBaseDocuments.tsx(47,32): error TS2345: Argument of type '{ _id: string; needEditor?: boolean | undefined; applying_program_count?: number | undefined; attributes?: { name: string; value: number; }[] | undefined; profile?: { name: string; required: boolean; updatedAt?: Date | undefined; path?: string | undefined; status?: string | undefined; feedback?: string | undefined; ...' is not assignable to parameter of type 'IUser'.
  Type 'null' is not assignable to type 'IUser'.
src/pages/BaseDocuments/BaseDocuments.tsx(22,35): error TS2345: Argument of type '{ _id: string; needEditor?: boolean | undefined; applying_program_count?: number | undefined; attributes?: { name: string; value: number; }[] | undefined; profile?: { name: string; required: boolean; updatedAt?: Date | undefined; path?: string | undefined; status?: string | undefined; feedback?: string | undefined; ...' is not assignable to parameter of type 'IUser'.
  Type 'null' is not assignable to type 'IUser'.
src/pages/BaseDocuments/BaseDocuments.tsx(24,42): error TS18047: 'user' is possibly 'null'.
src/pages/BaseDocuments/BaseDocuments.tsx(55,33): error TS2345: Argument of type '{ _id: string; needEditor?: boolean | undefined; applying_program_count?: number | undefined; attributes?: { name: string; value: number; }[] | undefined; profile?: { name: string; required: boolean; updatedAt?: Date | undefined; path?: string | undefined; status?: string | undefined; feedback?: string | undefined; ...' is not assignable to parameter of type 'IUser'.
  Type 'null' is not assignable to type 'IUser'.
src/pages/BaseDocuments/BaseDocuments.tsx(60,33): error TS2345: Argument of type '{ _id: string; needEditor?: boolean | undefined; applying_program_count?: number | undefined; attributes?: { name: string; value: number; }[] | undefined; profile?: { name: string; required: boolean; updatedAt?: Date | undefined; path?: string | undefined; status?: string | undefined; feedback?: string | undefined; ...' is not assignable to parameter of type 'IUser'.
  Type 'null' is not assignable to type 'IUser'.
src/pages/BaseDocuments/BaseDocuments.tsx(73,32): error TS2345: Argument of type '{ _id: string; needEditor?: boolean | undefined; applying_program_count?: number | undefined; attributes?: { name: string; value: number; }[] | undefined; profile?: { name: string; required: boolean; updatedAt?: Date | undefined; path?: string | undefined; status?: string | undefined; feedback?: string | undefined; ...' is not assignable to parameter of type 'IUser'.
  Type 'null' is not assignable to type 'IUser'.
src/pages/BaseDocuments/BaseDocumentsTable.tsx(113,13): error TS2322: Type 'IStudentResponseDef[]' is not assignable to type 'BaseDocumentStudentRow[]'.
  Type 'IStudentResponseDef' is not assignable to type 'BaseDocumentStudentRow'.
    Types of property 'profile' are incompatible.
      Type '{ name: string; required: boolean; updatedAt?: Date | undefined; path?: string | undefined; status?: string | undefined; feedback?: string | undefined; }[] | undefined' is not assignable to type 'BaseDocumentProfileItem[]'.
        Type 'undefined' is not assignable to type 'BaseDocumentProfileItem[]'.
src/pages/BaseDocuments/BaseDocumentsTable.tsx(164,25): error TS2352: Conversion of type 'IStudentResponseDef | undefined' to type 'BaseDocumentProfileItem' may be a mistake because neither type sufficiently overlaps with the other. If this was intentional, convert the expression to 'unknown' first.
  Property 'name' is missing in type 'IStudentResponseDef' but required in type 'BaseDocumentProfileItem'.
src/pages/Communications/CommunicationExpandPage.tsx(221,63): error TS2554: Expected 0 arguments, but got 1.
src/pages/Communications/CommunicationExpandPage.tsx(307,21): error TS2322: Type 'boolean' is not assignable to type 'HTMLElement'.
src/pages/Communications/CommunicationExpandPage.tsx(324,64): error TS2345: Argument of type 'string | undefined' is not assignable to parameter of type 'string'.
  Type 'undefined' is not assignable to type 'string'.
src/pages/Communications/CommunicationExpandPage.tsx(325,27): error TS2339: Property 'student' does not exist on type '{}'.
src/pages/Communications/CommunicationExpandPage.tsx(326,26): error TS2339: Property 'data' does not exist on type '{}'.
src/pages/Communications/CommunicationExpandPage.tsx(421,25): error TS2345: Argument of type '{ _id: string; needEditor?: boolean | undefined; applying_program_count?: number | undefined; attributes?: { name: string; value: number; }[] | undefined; profile?: { name: string; required: boolean; updatedAt?: Date | undefined; path?: string | undefined; status?: string | undefined; feedback?: string | undefined; ...' is not assignable to parameter of type 'IUser'.
  Type 'null' is not assignable to type 'IUser'.
src/pages/Communications/CommunicationExpandPage.tsx(499,33): error TS2322: Type 'string | undefined' is not assignable to type 'string'.
  Type 'undefined' is not assignable to type 'string'.
src/pages/Communications/CommunicationExpandPage.tsx(500,33): error TS2322: Type 'string | false' is not assignable to type 'string'.
  Type 'boolean' is not assignable to type 'string'.
src/pages/Communications/CommunicationExpandPage.tsx(557,37): error TS2322: Type 'string | false' is not assignable to type 'string'.
  Type 'boolean' is not assignable to type 'string'.
src/pages/Communications/CommunicationExpandPageMessagesComponent.tsx(83,35): error TS2322: Type 'IStudentResponseDef' is not assignable to type '{ [key: string]: unknown; _id?: { toString: () => string; } | undefined; firstname?: string | undefined; }'.
  Index signature for type 'string' is missing in type 'IStudentResponseDef'.
src/pages/Communications/CommunicationExpandPageMessagesComponent.tsx(140,23): error TS2540: Cannot assign to 'current' because it is a read-only property.
src/pages/Communications/CommunicationExpandPageMessagesComponent.tsx(142,27): error TS2540: Cannot assign to 'current' because it is a read-only property.
src/pages/Communications/CommunicationExpandPageMessagesComponent.tsx(326,29): error TS2719: Type '{ _id: string; needEditor?: boolean | undefined; applying_program_count?: number | undefined; attributes?: { name: string; value: number; }[] | undefined; profile?: { name: string; required: boolean; updatedAt?: Date | undefined; path?: string | undefined; status?: string | undefined; feedback?: string | undefined; ...' is not assignable to type '{ _id: string; needEditor?: boolean | undefined; applying_program_count?: number | undefined; attributes?: { name: string; value: number; }[] | undefined; profile?: { name: string; required: boolean; updatedAt?: Date | undefined; path?: string | undefined; status?: string | undefined; feedback?: string | undefined; ...'. Two different types with this name exist, but they are unrelated.
  Type 'null' is not assignable to type '{ _id: string; needEditor?: boolean | undefined; applying_program_count?: number | undefined; attributes?: { name: string; value: number; }[] | undefined; profile?: { name: string; required: boolean; updatedAt?: Date | undefined; path?: string | undefined; status?: string | undefined; feedback?: string | undefined; ...'.
src/pages/Communications/CommunicationExpandPageMessagesComponent.tsx(438,33): error TS2322: Type 'unknown[]' is not assignable to type 'ThreadMessage[]'.
  Type 'unknown' is not assignable to type 'ThreadMessage'.
src/pages/Communications/CommunicationExpandPageMessagesComponent.tsx(439,33): error TS2719: Type '{ _id: string; needEditor?: boolean | undefined; applying_program_count?: number | undefined; attributes?: { name: string; value: number; }[] | undefined; profile?: { name: string; required: boolean; updatedAt?: Date | undefined; path?: string | undefined; status?: string | undefined; feedback?: string | undefined; ...' is not assignable to type '{ _id: string; needEditor?: boolean | undefined; applying_program_count?: number | undefined; attributes?: { name: string; value: number; }[] | undefined; profile?: { name: string; required: boolean; updatedAt?: Date | undefined; path?: string | undefined; status?: string | undefined; feedback?: string | undefined; ...'. Two different types with this name exist, but they are unrelated.
  Type 'null' is not assignable to type '{ _id: string; needEditor?: boolean | undefined; applying_program_count?: number | undefined; attributes?: { name: string; value: number; }[] | undefined; profile?: { name: string; required: boolean; updatedAt?: Date | undefined; path?: string | undefined; status?: string | undefined; feedback?: string | undefined; ...'.
src/pages/Communications/CommunicationExpandPageMessagesComponent.tsx(450,29): error TS2322: Type 'unknown[]' is not assignable to type 'ThreadMessage[]'.
  Type 'unknown' is not assignable to type 'ThreadMessage'.
src/pages/Communications/CommunicationExpandPageMessagesComponent.tsx(451,29): error TS2719: Type '{ _id: string; needEditor?: boolean | undefined; applying_program_count?: number | undefined; attributes?: { name: string; value: number; }[] | undefined; profile?: { name: string; required: boolean; updatedAt?: Date | undefined; path?: string | undefined; status?: string | undefined; feedback?: string | undefined; ...' is not assignable to type '{ _id: string; needEditor?: boolean | undefined; applying_program_count?: number | undefined; attributes?: { name: string; value: number; }[] | undefined; profile?: { name: string; required: boolean; updatedAt?: Date | undefined; path?: string | undefined; status?: string | undefined; feedback?: string | undefined; ...'. Two different types with this name exist, but they are unrelated.
  Type 'null' is not assignable to type '{ _id: string; needEditor?: boolean | undefined; applying_program_count?: number | undefined; attributes?: { name: string; value: number; }[] | undefined; profile?: { name: string; required: boolean; updatedAt?: Date | undefined; path?: string | undefined; status?: string | undefined; feedback?: string | undefined; ...'.
src/pages/Communications/CommunicationExpandPageMessagesComponent.tsx(484,33): error TS2322: Type 'unknown[]' is not assignable to type 'Record<string, CheckResultItem>[]'.
  Type 'unknown' is not assignable to type 'Record<string, CheckResultItem>'.
src/pages/Communications/CommunicationSinglePage.tsx(11,64): error TS2345: Argument of type 'string | undefined' is not assignable to parameter of type 'string'.
  Type 'undefined' is not assignable to type 'string'.
src/pages/Communications/CommunicationSinglePage.tsx(19,42): error TS2322: Type 'unknown' is not assignable to type '{ data: { _id: string; createdAt?: Date | undefined; student_id?: string | undefined; user_id?: string | undefined; message?: string | undefined; ignore_message?: boolean | undefined; ... 4 more ...; ignoredMessageBy?: string | undefined; }[]; student: IStudentResponseDef; }'.
src/pages/Communications/CommunicationSinglePageBody.tsx(62,51): error TS2345: Argument of type '{ _id: string; needEditor?: boolean | undefined; applying_program_count?: number | undefined; attributes?: { name: string; value: number; }[] | undefined; profile?: { name: string; required: boolean; updatedAt?: Date | undefined; path?: string | undefined; status?: string | undefined; feedback?: string | undefined; ...' is not assignable to parameter of type 'IUser'.
  Type 'null' is not assignable to type 'IUser'.
src/pages/Communications/CommunicationSinglePageBody.tsx(80,51): error TS2345: Argument of type '{ _id: string; needEditor?: boolean | undefined; applying_program_count?: number | undefined; attributes?: { name: string; value: number; }[] | undefined; profile?: { name: string; required: boolean; updatedAt?: Date | undefined; path?: string | undefined; status?: string | undefined; feedback?: string | undefined; ...' is not assignable to parameter of type 'IUser'.
  Type 'null' is not assignable to type 'IUser'.
src/pages/Communications/CommunicationSinglePageBody.tsx(154,35): error TS2322: Type 'IStudentResponseDef' is not assignable to type '{ [key: string]: unknown; _id?: { toString: () => string; } | undefined; firstname?: string | undefined; }'.
  Index signature for type 'string' is missing in type 'IStudentResponseDef'.
src/pages/Communications/CommunicationSinglePageBody.tsx(199,37): error TS2345: Argument of type '{ _id: string; needEditor?: boolean | undefined; applying_program_count?: number | undefined; attributes?: { name: string; value: number; }[] | undefined; profile?: { name: string; required: boolean; updatedAt?: Date | undefined; path?: string | undefined; status?: string | undefined; feedback?: string | undefined; ...' is not assignable to parameter of type 'IUser'.
  Type 'null' is not assignable to type 'IUser'.
src/pages/Communications/CommunicationSinglePageBody.tsx(338,25): error TS2322: Type 'unknown[]' is not assignable to type 'ThreadMessage[]'.
  Type 'unknown' is not assignable to type 'ThreadMessage'.
src/pages/Communications/CommunicationSinglePageBody.tsx(339,25): error TS2719: Type '{ _id: string; needEditor?: boolean | undefined; applying_program_count?: number | undefined; attributes?: { name: string; value: number; }[] | undefined; profile?: { name: string; required: boolean; updatedAt?: Date | undefined; path?: string | undefined; status?: string | undefined; feedback?: string | undefined; ...' is not assignable to type '{ _id: string; needEditor?: boolean | undefined; applying_program_count?: number | undefined; attributes?: { name: string; value: number; }[] | undefined; profile?: { name: string; required: boolean; updatedAt?: Date | undefined; path?: string | undefined; status?: string | undefined; feedback?: string | undefined; ...'. Two different types with this name exist, but they are unrelated.
  Type 'null' is not assignable to type '{ _id: string; needEditor?: boolean | undefined; applying_program_count?: number | undefined; attributes?: { name: string; value: number; }[] | undefined; profile?: { name: string; required: boolean; updatedAt?: Date | undefined; path?: string | undefined; status?: string | undefined; feedback?: string | undefined; ...'.
src/pages/Communications/CommunicationSinglePageBody.tsx(349,21): error TS2322: Type 'unknown[]' is not assignable to type 'ThreadMessage[]'.
  Type 'unknown' is not assignable to type 'ThreadMessage'.
src/pages/Communications/CommunicationSinglePageBody.tsx(350,21): error TS2719: Type '{ _id: string; needEditor?: boolean | undefined; applying_program_count?: number | undefined; attributes?: { name: string; value: number; }[] | undefined; profile?: { name: string; required: boolean; updatedAt?: Date | undefined; path?: string | undefined; status?: string | undefined; feedback?: string | undefined; ...' is not assignable to type '{ _id: string; needEditor?: boolean | undefined; applying_program_count?: number | undefined; attributes?: { name: string; value: number; }[] | undefined; profile?: { name: string; required: boolean; updatedAt?: Date | undefined; path?: string | undefined; status?: string | undefined; feedback?: string | undefined; ...'. Two different types with this name exist, but they are unrelated.
  Type 'null' is not assignable to type '{ _id: string; needEditor?: boolean | undefined; applying_program_count?: number | undefined; attributes?: { name: string; value: number; }[] | undefined; profile?: { name: string; required: boolean; updatedAt?: Date | undefined; path?: string | undefined; status?: string | undefined; feedback?: string | undefined; ...'.
src/pages/Communications/CommunicationSinglePageBody.tsx(372,25): error TS2322: Type 'unknown[]' is not assignable to type 'Record<string, CheckResultItem>[]'.
  Type 'unknown' is not assignable to type 'Record<string, CheckResultItem>'.
src/pages/Communications/Message.tsx(35,15): error TS2305: Module '"@taiger-common/core"' has no exported member 'IUser'.
src/pages/Communications/Message.tsx(397,29): error TS2322: Type '{ defaultHeight: number; editorState: OutputData | undefined; handleClickSave: ((e: MouseEvent<Element, MouseEvent>, editorState: { time?: number | undefined; blocks?: unknown[] | undefined; }) => void) | undefined; holder: string; imageEnable: false; readOnly: true; }' is not assignable to type 'IntrinsicAttributes & EditorSimpleProps'.
  Property 'handleClickSave' does not exist on type 'IntrinsicAttributes & EditorSimpleProps'.
src/pages/Communications/MessageContainer.test.tsx(59,14): error TS2741: Property 'onDeleteSingleMessage' is missing in type '{ accordionKeys: number[]; idx: number; isDeleting: false; isTaiGerView: false; message: { _id: string; message: string; createdAt: string; user_id: { _id: string; firstname: string; lastname: string; pictureUrl: string; }; }; student_id: string; }' but required in type 'MessageContainerProps'.
src/pages/Communications/MessageContainer.test.tsx(79,17): error TS2322: Type '{ user_id: null; _id: string; message: string; createdAt: string; }' is not assignable to type 'ThreadMessage'.
  Types of property 'user_id' are incompatible.
    Type 'null' is not assignable to type 'MessageUser | undefined'.
src/pages/Communications/MessageContainer.tsx(53,38): error TS2345: Argument of type '(prevState: { error: string; isEdit: boolean; message: ThreadMessage; buttonDisabled: boolean; editorState: {}; expand: boolean; deadline: string; accordionKeys: number[]; res_status: number; res_modal_status: number; res_modal_message: string; }) => { ...; }' is not assignable to parameter of type 'SetStateAction<{ error: string; isEdit: boolean; message: ThreadMessage; buttonDisabled: boolean; editorState: {}; expand: boolean; deadline: string; accordionKeys: number[]; res_status: number; res_modal_status: number; res_modal_message: string; }>'.
  Type '(prevState: { error: string; isEdit: boolean; message: import("C:/Users/steve/workspace/TaiGerPortalStaticWebsite/src/components/Message/MessageCard").ThreadMessage; buttonDisabled: boolean; ... 6 more ...; res_modal_message: string; }) => { ...; }' is not assignable to type '(prevState: { error: string; isEdit: boolean; message: import("C:/Users/steve/workspace/TaiGerPortalStaticWebsite/src/components/Message/MessageCard").ThreadMessage; buttonDisabled: boolean; ... 6 more ...; res_modal_message: string; }) => { ...; }'. Two different types with this name exist, but they are unrelated.
    Call signature return types '{ editorState: any; message: { _id: string; createdAt?: Date | undefined; student_id?: string | undefined; user_id?: string | undefined; message?: string | undefined; ignore_message?: boolean | undefined; ... 4 more ...; ignoredMessageBy?: string | undefined; } | undefined; ... 8 more ...; res_modal_message: string; }' and '{ error: string; isEdit: boolean; message: ThreadMessage; buttonDisabled: boolean; editorState: {}; expand: boolean; deadline: string; accordionKeys: number[]; res_status: number; res_modal_status: number; res_modal_message: string; }' are incompatible.
      The types of 'message' are incompatible between these types.
        Type '{ _id: string; createdAt?: Date | undefined; student_id?: string | undefined; user_id?: string | undefined; message?: string | undefined; ignore_message?: boolean | undefined; ... 4 more ...; ignoredMessageBy?: string | undefined; } | undefined' is not assignable to type 'ThreadMessage'.
          Type 'undefined' is not assignable to type 'ThreadMessage'.
src/pages/Communications/MessageContainer.tsx(55,41): error TS2345: Argument of type 'ApiPayload' is not assignable to parameter of type 'string'.
src/pages/Communications/MessageContainer.tsx(95,13): error TS2322: Type 'string' is not assignable to type 'ApiPayload'.
src/pages/Communications/MessageContainer.tsx(119,52): error TS18047: 'user' is possibly 'null'.
src/pages/Communications/MessageContainer.tsx(128,13): error TS2741: Property 'blocks' is missing in type '{}' but required in type 'OutputData'.
src/pages/Communications/MessageContainer.tsx(131,13): error TS2322: Type '(e: React.FormEvent<HTMLFormElement>, editorState: OutputData, messageId: string) => void' is not assignable to type '(e: MouseEvent<HTMLElement, MouseEvent>, editorState: OutputData, message_id: string) => void'.
  Types of parameters 'e' and 'e' are incompatible.
    Type 'MouseEvent<HTMLElement, MouseEvent>' is not assignable to type 'FormEvent<HTMLFormElement>'.
      Types of property 'currentTarget' are incompatible.
        Type 'EventTarget & HTMLElement' is not assignable to type 'EventTarget & HTMLFormElement'.
          Type 'EventTarget & HTMLElement' is missing the following properties from type 'HTMLFormElement': acceptCharset, action, autocomplete, elements, and 15 more.
src/pages/Communications/MessageContainer.tsx(135,13): error TS2322: Type 'ThreadMessage' is not assignable to type '{ _id: string | { toString: () => string; }; createdAt?: string | undefined; user_id?: { pictureUrl?: string | undefined; } | undefined; }'.
  Types of property 'createdAt' are incompatible.
    Type 'string | Date | undefined' is not assignable to type 'string | undefined'.
      Type 'Date' is not assignable to type 'string'.
src/pages/Communications/MessageContainer.tsx(139,10): error TS2739: Type '{ accordionKeys: number[]; idx: number; isDeleting: boolean; isTaiGerView: boolean; message: ThreadMessage; onDeleteSingleMessage: (messageId: string) => void; onEditMode: () => void; }' is missing the following properties from type 'MessageProps': path, isLoaded
src/pages/Communications/MessageEdit.test.tsx(48,44): error TS2322: Type 'null' is not assignable to type 'OutputData'.
src/pages/Communications/MessageEdit.tsx(57,9): error TS2322: Type 'null' is not assignable to type 'OutputData'.
src/pages/Communications/MessageList.test.tsx(26,14): error TS2739: Type '{ accordionKeys: number[]; isUpperMessagList: false; student_id: string; thread: { _id: string; message: string; createdAt: string; user_id: { _id: string; firstname: string; lastname: string; pictureUrl: string; }; }[]; }' is missing the following properties from type 'MessageListProps': isDeleting, isTaiGerView
src/pages/Communications/MessageList.test.tsx(43,14): error TS2739: Type '{ accordionKeys: never[]; isUpperMessagList: false; student_id: string; thread: never[]; }' is missing the following properties from type 'MessageListProps': isDeleting, isTaiGerView
src/pages/Communications/MessageList.tsx(81,21): error TS2322: Type '((messageId: string) => void) | undefined' is not assignable to type '(messageId: string) => void'.
  Type 'undefined' is not assignable to type '(messageId: string) => void'.
src/pages/CourseAnalysis/AllCourses/AllCoursesTable.test.tsx(28,33): error TS2322: Type '{ data: never[]; isLoading: false; }' is not assignable to type 'IntrinsicAttributes & { courses: IAllCourse[]; isLoading: boolean; }'.
  Property 'data' does not exist on type 'IntrinsicAttributes & { courses: IAllCourse[]; isLoading: boolean; }'.
src/pages/CourseAnalysis/AllCourses/AllCoursesTable.test.tsx(33,33): error TS2322: Type '{ data: never[]; isLoading: false; }' is not assignable to type 'IntrinsicAttributes & { courses: IAllCourse[]; isLoading: boolean; }'.
  Property 'data' does not exist on type 'IntrinsicAttributes & { courses: IAllCourse[]; isLoading: boolean; }'.
src/pages/CourseAnalysis/AllCourses/AllCoursesTable.tsx(22,40): error TS2559: Type '{ tableHeadCellStyle: { py: number; px: number; '& .MuiInputAdornment-root': { height: number; }; '& .MuiSvgIcon-root': { fontSize: number; }; }; toolbarStyle: { display: string; justifyContent: string; ... 4 more ...; bgcolor: string; }; }' has no properties in common with type '{ tableHeadStyle?: object | undefined; tableBodyRowStyle?: object | undefined; tableContainerStyle?: object | undefined; tablePaperStyle?: object | undefined; tableBottomToolbarStyle?: object | undefined; searchTextFieldStyle?: object | undefined; searchFieldInputStyle?: object | undefined; tableFilterTextFieldStyle...'.
src/pages/CourseAnalysis/AllCourses/AllCoursesTable.tsx(56,41): error TS2345: Argument of type '{ columns: MRT_ColumnDef<IAllCourse, unknown>[]; state: { isLoading: boolean; }; data: IAllCourse[]; renderTopToolbar: () => JSX.Element; enableFilters: boolean; ... 17 more ...; muiToolbarAlertBannerProps: { ...; } | undefined; }' is not assignable to parameter of type 'MRT_TableOptions<IAllCourse>'.
  Types of property 'muiFilterTextFieldProps' are incompatible.
    Type '{ sx: object | undefined; variant: string; size: string; }' is not assignable to type 'TextFieldProps | ((props: { column: MRT_Column<IAllCourse, unknown>; rangeFilterIndex?: number | undefined; table: MRT_TableInstance<IAllCourse>; }) => TextFieldProps) | undefined'.
      Type '{ sx: object | undefined; variant: string; size: string; }' is not assignable to type 'OutlinedTextFieldProps | FilledTextFieldProps | StandardTextFieldProps | ((props: { column: MRT_Column<IAllCourse, unknown>; rangeFilterIndex?: number | undefined; table: MRT_TableInstance<...>; }) => TextFieldProps)'.
        Type '{ sx: object | undefined; variant: string; size: string; }' is not assignable to type 'StandardTextFieldProps'.
          Types of property 'variant' are incompatible.
            Type 'string' is not assignable to type '"standard"'.
src/pages/CourseAnalysis/AllCourses/AllCoursesTable.tsx(64,17): error TS2322: Type 'MRT_TableInstance<IAllCourse>' is not assignable to type '{ getSelectedRowModel: () => { rows: { original: CourseRow; }[]; }; }'.
  The types of 'getSelectedRowModel().rows' are incompatible between these types.
    Type 'MRT_Row<IAllCourse>[]' is not assignable to type '{ original: CourseRow; }[]'.
      Type 'MRT_Row<IAllCourse>' is not assignable to type '{ original: CourseRow; }'.
        Types of property 'original' are incompatible.
          Type 'IAllCourse' has no properties in common with type 'CourseRow'.
src/pages/CourseAnalysis/AllCourses/AllCoursesTable.tsx(84,33): error TS2339: Property '_id' does not exist on type 'IAllCourse'.
src/pages/CourseAnalysis/AllCourses/CourseForm.tsx(28,29): error TS2345: Argument of type 'string | undefined' is not assignable to parameter of type 'string'.
  Type 'undefined' is not assignable to type 'string'.
src/pages/CourseAnalysis/AllCourses/CourseForm.tsx(32,35): error TS2339: Property 'data' does not exist on type '{}'.
src/pages/CourseAnalysis/AllCourses/CourseForm.tsx(33,35): error TS2339: Property 'data' does not exist on type '{}'.
src/pages/CourseAnalysis/AllCourses/CourseForm.tsx(65,20): error TS2345: Argument of type '{ payload: { all_course_chinese: any; all_course_english: any; }; }' is not assignable to parameter of type '{ courseId: string; payload: ApiPayload; }'.
  Property 'courseId' is missing in type '{ payload: { all_course_chinese: any; all_course_english: any; }; }' but required in type '{ courseId: string; payload: ApiPayload; }'.
src/pages/CourseAnalysis/AllCourses/CourseForm.tsx(67,22): error TS2322: Type 'string | undefined' is not assignable to type 'string'.
  Type 'undefined' is not assignable to type 'string'.
src/pages/CourseAnalysis/AllCourses/DeleteCourseDialog.tsx(61,18): error TS2322: Type 'string[] | undefined' is not assignable to type 'string'.
  Type 'undefined' is not assignable to type 'string'.
src/pages/CourseAnalysis/AllCourses/DeleteCourseDialog.tsx(97,50): error TS2554: Expected 0 arguments, but got 1.
src/pages/CourseAnalysis/CourseKeywordsEdit/CourseKeywordsNew.tsx(151,75): error TS2345: Argument of type 'ChangeEvent<HTMLInputElement | HTMLTextAreaElement>' is not assignable to parameter of type 'ChangeEvent<HTMLInputElement>'.
  Type 'HTMLInputElement | HTMLTextAreaElement' is not assignable to type 'HTMLInputElement'.
    Type 'HTMLTextAreaElement' is missing the following properties from type 'HTMLInputElement': accept, align, alt, capture, and 29 more.
src/pages/CourseAnalysis/CourseKeywordsEdit/CourseKeywordsNew.tsx(166,75): error TS2345: Argument of type 'ChangeEvent<HTMLInputElement | HTMLTextAreaElement>' is not assignable to parameter of type 'ChangeEvent<HTMLInputElement>'.
  Type 'HTMLInputElement | HTMLTextAreaElement' is not assignable to type 'HTMLInputElement'.
    Type 'HTMLTextAreaElement' is missing the following properties from type 'HTMLInputElement': accept, align, alt, capture, and 29 more.
src/pages/CourseAnalysis/ProgramRequirements/index.tsx(14,13): error TS2339: Property 'programRequirements' does not exist on type 'unknown'.
src/pages/CourseAnalysis/ProgramRequirements/ProgramRequirementsEditIndex.tsx(13,13): error TS2339: Property 'programRequirement' does not exist on type 'unknown'.
src/pages/CourseAnalysis/ProgramRequirements/ProgramRequirementsNew.tsx(32,5): error TS2724: '"@taiger-common/model"' has no exported member named 'ProgramRequirementProgramCategory'. Did you mean 'IProgramrequirementProgramCategory'?
src/pages/CourseAnalysis/ProgramRequirements/ProgramRequirementsNew.tsx(536,57): error TS2345: Argument of type '{ _id: string; description?: string | undefined; categoryName?: string | undefined; keywords?: { zh?: string[] | undefined; en?: string[] | undefined; } | undefined; antiKeywords?: { zh?: string[] | undefined; en?: string[] | undefined; } | undefined; }[]' is not assignable to parameter of type 'string[]'.
  Type '{ _id: string; description?: string | undefined; categoryName?: string | undefined; keywords?: { zh?: string[] | undefined; en?: string[] | undefined; } | undefined; antiKeywords?: { zh?: string[] | undefined; en?: string[] | undefined; } | undefined; }' is not assignable to type 'string'.
src/pages/CourseAnalysis/ProgramRequirements/ProgramRequirementsNew.tsx(545,61): error TS2532: Object is possibly 'undefined'.
src/pages/CourseAnalysis/ProgramRequirements/ProgramRequirementsNew.tsx(551,61): error TS2532: Object is possibly 'undefined'.
src/pages/CourseAnalysis/ProgramRequirements/ProgramRequirementsNew.tsx(571,65): error TS2339: Property '_id' does not exist on type '{ key: number; className: string; disabled: boolean; 'data-tag-index': number; tabIndex: -1; onDelete: (event: any) => void; }'.
src/pages/CourseAnalysis/ProgramRequirements/ProgramRequirementsNew.tsx(578,69): error TS2783: 'key' is specified more than once, so this usage will be overwritten.
src/pages/CourseAnalysis/ProgramRequirements/ProgramRequirementsNew.tsx(590,49): error TS2322: Type 'string[] | undefined' is not assignable to type '{ _id: string; description?: string | undefined; categoryName?: string | undefined; keywords?: { zh?: string[] | undefined; en?: string[] | undefined; } | undefined; antiKeywords?: { zh?: string[] | undefined; en?: string[] | undefined; } | undefined; }[] | undefined'.
  Type 'string[]' is not assignable to type '{ _id: string; description?: string | undefined; categoryName?: string | undefined; keywords?: { zh?: string[] | undefined; en?: string[] | undefined; } | undefined; antiKeywords?: { zh?: string[] | undefined; en?: string[] | undefined; } | undefined; }[]'.
    Type 'string' is not assignable to type '{ _id: string; description?: string | undefined; categoryName?: string | undefined; keywords?: { zh?: string[] | undefined; en?: string[] | undefined; } | undefined; antiKeywords?: { zh?: string[] | undefined; en?: string[] | undefined; } | undefined; }'.
src/pages/CourseAnalysis/ProgramRequirements/ProgramRequirementsOverview.tsx(186,18): error TS2322: Type '{ columns: ({ accessorKey: "program_category"; header: string; size: number; } | { accessorKey: "requiredECTS"; header: string; size: number; } | { accessorFn: (row: ProgramCategory) => string; header: string; size: number; })[]; ... 5 more ...; muiTableProps: { ...; }; }' is not assignable to type 'IntrinsicAttributes & MaterialReactTableProps<ProgramCategory>'.
  Types of property 'data' are incompatible.
    Type 'ProgramCategory[] | undefined' is not assignable to type 'ProgramCategory[]'.
      Type 'undefined' is not assignable to type 'ProgramCategory[]'.
src/pages/CourseAnalysis/ProgramRequirements/ProgramRequirementsOverview.tsx(303,21): error TS2322: Type '({ accessorFn: (row: ProgramRequirementItem) => string | undefined; id: string; header: string; size: number; filterVariant: string; enableColumnFilter?: undefined; enableSorting?: undefined; Cell?: undefined; } | { ...; })[]' is not assignable to type 'MRT_ColumnDef<ProgramRequirementItem, any>[]'.
  Type '{ accessorFn: (row: ProgramRequirementItem) => string | undefined; id: string; header: string; size: number; filterVariant: string; enableColumnFilter?: undefined; enableSorting?: undefined; Cell?: undefined; } | { ...; }' is not assignable to type 'MRT_ColumnDef<ProgramRequirementItem, any>'.
    Type '{ accessorFn: (row: ProgramRequirementItem) => string | undefined; id: string; header: string; size: number; filterVariant: string; enableColumnFilter?: undefined; enableSorting?: undefined; Cell?: undefined; }' is not assignable to type 'MRT_ColumnDef<ProgramRequirementItem, any>'.
      Types of property 'filterVariant' are incompatible.
        Type 'string' is not assignable to type '"text" | "select" | "time" | "checkbox" | "autocomplete" | "date" | "date-range" | "datetime" | "datetime-range" | "multi-select" | "range" | "range-slider" | "time-range" | undefined'.
src/pages/CourseAnalysis/ProgramRequirements/ProgramRequirementsOverview.tsx(331,17): error TS2322: Type '{ children: Element[]; onClose: () => void; open: boolean; size: string; }' is not assignable to type 'IntrinsicAttributes & DialogProps'.
  Property 'size' does not exist on type 'IntrinsicAttributes & DialogProps'.
src/pages/CRM/components/CardConfigurations.test.tsx(41,34): error TS2339: Property 'render' does not exist on type '{ key: string; label: string; type: string; } | { key: string; label: string; type: string; multiline: boolean; rows: number; } | { key: string; label: string; type: string; multiline?: undefined; rows?: undefined; } | { ...; } | { ...; } | { ...; } | { ...; }'.
  Property 'render' does not exist on type '{ key: string; label: string; type: string; }'.
src/pages/CRM/components/CardConfigurations.test.tsx(43,36): error TS2339: Property 'render' does not exist on type '{ key: string; label: string; type: string; } | { key: string; label: string; type: string; multiline: boolean; rows: number; } | { key: string; label: string; type: string; multiline?: undefined; rows?: undefined; } | { ...; } | { ...; } | { ...; } | { ...; }'.
  Property 'render' does not exist on type '{ key: string; label: string; type: string; }'.
src/pages/CRM/components/CardConfigurations.tsx(155,25): error TS2769: No overload matches this call.
  Overload 1 of 2, '(props: { component: ElementType<any, keyof IntrinsicElements>; } & TypographyOwnProps & CommonProps & Omit<any, "p" | ... 112 more ... | "variantMapping">): Element | null', gave the following error.
    Type '{}' is not assignable to type 'ReactNode'.
  Overload 2 of 2, '(props: DefaultComponentProps<TypographyTypeMap<{}, "span">>): Element | null', gave the following error.
    Type '{}' is not assignable to type 'ReactNode'.
src/pages/CRM/components/StatusMenu.tsx(32,41): error TS2345: Argument of type 'string | undefined' is not assignable to parameter of type 'string'.
  Type 'undefined' is not assignable to type 'string'.
src/pages/CRM/components/StatusMenu.tsx(34,9): error TS7034: Variable 'nextOptions' implicitly has type 'any[]' in some locations where its type cannot be determined.
src/pages/CRM/components/StatusMenu.tsx(68,14): error TS7005: Variable 'nextOptions' implicitly has an 'any[]' type.
src/pages/CRM/LeadDashboard.tsx(21,1): error TS6133: 'ChipOwnProps' is declared but its value is never read.
src/pages/CRM/MeetingDashboard.tsx(130,25): error TS2345: Argument of type '{ _id: string; needEditor?: boolean | undefined; applying_program_count?: number | undefined; attributes?: { name: string; value: number; }[] | undefined; profile?: { name: string; required: boolean; updatedAt?: Date | undefined; path?: string | undefined; status?: string | undefined; feedback?: string | undefined; ...' is not assignable to parameter of type 'IUser'.
  Type 'null' is not assignable to type 'IUser'.
src/pages/CRM/MeetingDashboard.tsx(200,29): error TS2345: Argument of type '{ getBoundingClientRect: () => DOMRect; nodeType: number; }' is not assignable to parameter of type 'SetStateAction<null>'.
  Type '{ getBoundingClientRect: () => DOMRect; nodeType: number; }' provides no match for the signature '(prevState: null): null'.
src/pages/CRM/MeetingDashboard.tsx(282,49): error TS2339: Property 'data' does not exist on type '{}'.
src/pages/CRM/MeetingDashboard.tsx(292,45): error TS2339: Property 'data' does not exist on type '{}'.
src/pages/CRM/MeetingDashboard.tsx(319,39): error TS2769: No overload matches this call.
  Overload 1 of 4, '(value: string | number | Date): Date', gave the following error.
    Argument of type 'unknown' is not assignable to parameter of type 'string | number | Date'.
  Overload 2 of 4, '(value: string | number): Date', gave the following error.
    Argument of type 'unknown' is not assignable to parameter of type 'string | number'.
src/pages/CRM/MeetingDashboard.tsx(351,43): error TS2345: Argument of type 'unknown' is not assignable to parameter of type 'string | undefined'.
src/pages/CRM/MeetingDashboard.tsx(363,52): error TS2339: Property 'gist' does not exist on type 'string'.
src/pages/CRM/MeetingDashboard.tsx(448,63): error TS2345: Argument of type 'string | undefined' is not assignable to parameter of type 'string'.
  Type 'undefined' is not assignable to type 'string'.
src/pages/CRM/MeetingDashboard.tsx(472,62): error TS2345: Argument of type 'string | undefined' is not assignable to parameter of type 'string'.
  Type 'undefined' is not assignable to type 'string'.
src/pages/CRM/MeetingDashboard.tsx(624,62): error TS2345: Argument of type 'string | undefined' is not assignable to parameter of type 'string | null'.
  Type 'undefined' is not assignable to type 'string | null'.
src/pages/CRM/MeetingPage.tsx(59,61): error TS2345: Argument of type 'string | undefined' is not assignable to parameter of type 'string'.
  Type 'undefined' is not assignable to type 'string'.
src/pages/CRM/MeetingPage.tsx(62,25): error TS2345: Argument of type '{ _id: string; needEditor?: boolean | undefined; applying_program_count?: number | undefined; attributes?: { name: string; value: number; }[] | undefined; profile?: { name: string; required: boolean; updatedAt?: Date | undefined; path?: string | undefined; status?: string | undefined; feedback?: string | undefined; ...' is not assignable to parameter of type 'IUser'.
  Type 'null' is not assignable to type 'IUser'.
src/pages/CRM/MeetingPage.tsx(65,27): error TS2339: Property 'data' does not exist on type '{}'.
src/pages/CRM/MeetingPage.tsx(67,30): error TS2339: Property 'data' does not exist on type '{}'.
src/pages/CRM/MeetingPage.tsx(75,36): error TS2345: Argument of type 'string | undefined' is not assignable to parameter of type 'string'.
  Type 'undefined' is not assignable to type 'string'.
src/pages/CRM/MeetingPage.tsx(95,29): error TS2345: Argument of type '{ getBoundingClientRect: () => DOMRect; nodeType: number; }' is not assignable to parameter of type 'SetStateAction<null>'.
  Type '{ getBoundingClientRect: () => DOMRect; nodeType: number; }' provides no match for the signature '(prevState: null): null'.
src/pages/CRM/MeetingPage.tsx(341,66): error TS2345: Argument of type 'string | undefined' is not assignable to parameter of type 'string | null'.
  Type 'undefined' is not assignable to type 'string | null'.
src/pages/CustomerSupport/CreateTicket.tsx(92,51): error TS2345: Argument of type 'SelectChangeEvent<string>' is not assignable to parameter of type 'ChangeEvent<HTMLInputElement>'.
  Type 'Event & { target: { value: string; name: string; }; }' is missing the following properties from type 'ChangeEvent<HTMLInputElement>': nativeEvent, isDefaultPrevented, isPropagationStopped, persist
src/pages/CustomerSupport/CustomerSupportBody.tsx(133,80): error TS2339: Property 'updatedAt' does not exist on type '{ _id: string; requester_id: string; status?: string | undefined; createdAt?: Date | undefined; messages?: { createdAt?: Date | undefined; user_id?: string | undefined; message?: string | undefined; file?: { ...; }[] | undefined; ignore_message?: boolean | undefined; }[] | undefined; description?: string | undefined...'.
src/pages/CustomerSupport/CustomerTicketDetailPage.tsx(52,13): error TS2339: Property 'complaintTicket' does not exist on type 'unknown'.
src/pages/CustomerSupport/CustomerTicketDetailPageBody.tsx(695,34): error TS2339: Property 'isFinalVersion' does not exist on type '{ _id: string; requester_id: string; status?: string | undefined; createdAt?: Date | undefined; messages?: { createdAt?: Date | undefined; user_id?: string | undefined; message?: string | undefined; file?: { ...; }[] | undefined; ignore_message?: boolean | undefined; }[] | undefined; description?: string | undefined...'.
src/pages/CustomerSupport/index.tsx(13,13): error TS2339: Property 'complaintTickets' does not exist on type 'unknown'.
src/pages/CVMLRLCenter/components/ApplicationAccordionSummary.tsx(45,42): error TS2345: Argument of type '{}' is not assignable to parameter of type '{ school: string; program_name: string; _id: string; isArchiv?: boolean | undefined; isLocked?: boolean | undefined; programSubjects?: string[] | undefined; degree?: string | undefined; ... 71 more ...; vcId?: string | undefined; }'.
  Type '{}' is missing the following properties from type '{ school: string; program_name: string; _id: string; isArchiv?: boolean | undefined; isLocked?: boolean | undefined; programSubjects?: string[] | undefined; degree?: string | undefined; ... 71 more ...; vcId?: string | undefined; }': school, program_name, _id
src/pages/CVMLRLCenter/CVMLRLDashboard.tsx(119,21): error TS2322: Type 'OpenTaskRow[]' is not assignable to type 'IDocRowData[]'.
  Type 'OpenTaskRow' is not assignable to type 'IDocRowData'.
    Types of property 'student_id' are incompatible.
      Type 'string | IStudentResponseDef | undefined' is not assignable to type 'string | undefined'.
        Type 'IStudentResponseDef' is not assignable to type 'string'.
src/pages/CVMLRLCenter/CVMLRLDashboard.tsx(128,21): error TS2322: Type 'OpenTaskRow[]' is not assignable to type 'IDocRowData[]'.
  Type 'OpenTaskRow' is not assignable to type 'IDocRowData'.
    Types of property 'student_id' are incompatible.
      Type 'string | IStudentResponseDef | undefined' is not assignable to type 'string | undefined'.
        Type 'IStudentResponseDef' is not assignable to type 'string'.
src/pages/CVMLRLCenter/CVMLRLDashboard.tsx(141,21): error TS2322: Type 'OpenTaskRow[]' is not assignable to type 'IDocRowData[]'.
  Type 'OpenTaskRow' is not assignable to type 'IDocRowData'.
    Types of property 'student_id' are incompatible.
      Type 'string | IStudentResponseDef | undefined' is not assignable to type 'string | undefined'.
        Type 'IStudentResponseDef' is not assignable to type 'string'.
src/pages/CVMLRLCenter/CVMLRLDashboard.tsx(148,21): error TS2322: Type 'OpenTaskRow[]' is not assignable to type 'IDocRowData[]'.
  Type 'OpenTaskRow' is not assignable to type 'IDocRowData'.
    Types of property 'student_id' are incompatible.
      Type 'string | IStudentResponseDef | undefined' is not assignable to type 'string | undefined'.
        Type 'IStudentResponseDef' is not assignable to type 'string'.
src/pages/CVMLRLCenter/CVMLRLOverviewPaginated.tsx(57,5): error TS2322: Type '"new_message"' is not assignable to type 'ThreadCategory'.
src/pages/CVMLRLCenter/CVMLRLOverviewPaginated.tsx(58,5): error TS2322: Type '"fav"' is not assignable to type 'ThreadCategory'.
src/pages/CVMLRLCenter/CVMLRLOverviewPaginated.tsx(59,5): error TS2322: Type '"followup"' is not assignable to type 'ThreadCategory'.
src/pages/CVMLRLCenter/CVMLRLOverviewPaginated.tsx(60,5): error TS2820: Type '"pending_progress"' is not assignable to type 'ThreadCategory'. Did you mean '"in_progress"'?
src/pages/CVMLRLCenter/CVMLRLOverviewPaginated.tsx(483,29): error TS2322: Type 'Record<string, unknown>[]' is not assignable to type 'OpenTaskRow[]'.
  Property 'id' is missing in type 'Record<string, unknown>' but required in type 'OpenTaskRow'.
src/pages/CVMLRLCenter/DocModificationThreadPage/components/DescriptionBlock.tsx(79,43): error TS2339: Property 'prop' does not exist on type '{ _id: string; name: string; path: string; category_name: string; updatedAt?: Date | undefined; }'.
src/pages/CVMLRLCenter/DocModificationThreadPage/components/DescriptionBlock.tsx(80,42): error TS2339: Property 'alias' does not exist on type '{ _id: string; name: string; path: string; category_name: string; updatedAt?: Date | undefined; }'.
src/pages/CVMLRLCenter/DocModificationThreadPage/components/DescriptionBlock.tsx(115,102): error TS2339: Property 'prop' does not exist on type '{ _id: string; name: string; path: string; category_name: string; updatedAt?: Date | undefined; }'.
src/pages/CVMLRLCenter/DocModificationThreadPage/components/DescriptionBlock.tsx(124,53): error TS2345: Argument of type '{ _id: string; needEditor?: boolean | undefined; applying_program_count?: number | undefined; attributes?: { name: string; value: number; }[] | undefined; profile?: { name: string; required: boolean; updatedAt?: Date | undefined; path?: string | undefined; status?: string | undefined; feedback?: string | undefined; ...' is not assignable to parameter of type 'IUser'.
  Type 'null' is not assignable to type 'IUser'.
src/pages/CVMLRLCenter/DocModificationThreadPage/components/DiscussionEditorCard.test.tsx(67,5): error TS2741: Property 'blocks' is missing in type '{}' but required in type 'OutputData'.
src/pages/CVMLRLCenter/DocModificationThreadPage/components/DiscussionEditorCard.tsx(110,29): error TS2322: Type 'unknown[]' is not assignable to type 'Record<string, CheckResultItem>[]'.
  Type 'unknown' is not assignable to type 'Record<string, CheckResultItem>'.
src/pages/CVMLRLCenter/DocModificationThreadPage/components/DiscussionEditorCard.tsx(112,29): error TS2322: Type 'File[] | null' is not assignable to type 'File[] | { name: string; }[] | undefined'.
  Type 'null' is not assignable to type 'File[] | { name: string; }[] | undefined'.
src/pages/CVMLRLCenter/DocModificationThreadPage/components/EssayDifficultyIndicator.tsx(85,29): error TS2454: Variable 'gradient' is used before being assigned.
src/pages/CVMLRLCenter/DocModificationThreadPage/components/EssayDifficultyIndicator.tsx(92,29): error TS2454: Variable 'tooltip' is used before being assigned.
src/pages/CVMLRLCenter/DocModificationThreadPage/components/EssayDifficultyIndicator.tsx(100,26): error TS2454: Variable 'icon' is used before being assigned.
src/pages/CVMLRLCenter/DocModificationThreadPage/components/EssayDifficultyIndicator.tsx(114,26): error TS2454: Variable 'label' is used before being assigned.
src/pages/CVMLRLCenter/DocModificationThreadPage/components/InformationBlock.test.tsx(102,18): error TS2741: Property 'isWithdraw' is missing in type '{ agents: never[]; deadline: string; editors: never[]; conflict_list: never[]; documentsthreadId: string; isFavorite: boolean; isGeneralRL: boolean; template_obj: null; startEditingEditor: Mock<Procedure>; handleFavoriteToggle: Mock<...>; thread: any; user: any; children: Element; }' but required in type 'InformationBlockProps'.
src/pages/CVMLRLCenter/DocModificationThreadPage/components/RequirementsBlock.tsx(27,38): error TS2322: Type 'string | boolean' is not assignable to type 'string'.
  Type 'boolean' is not assignable to type 'string'.
src/pages/CVMLRLCenter/DocModificationThreadPage/components/RequirementsBlock.tsx(27,59): error TS2345: Argument of type '{ _id: string; student_id: string | IStudentResponseDef; file_type: string; updatedAt?: Date | undefined; isFinalVersion?: boolean | undefined; program_id?: string | ... 1 more ... | undefined; ... 7 more ...; essayReviewerIds?: { ...; }[] | undefined; }' is not assignable to parameter of type '{ file_type?: string | undefined; program_id?: { [key: string]: string; } | undefined; }'.
  Types of property 'program_id' are incompatible.
    Type 'string | { school: string; program_name: string; _id: string; isArchiv?: boolean | undefined; isLocked?: boolean | undefined; programSubjects?: string[] | undefined; degree?: string | undefined; ... 71 more ...; vcId?: string | undefined; } | undefined' is not assignable to type '{ [key: string]: string; } | undefined'.
      Type 'string' is not assignable to type '{ [key: string]: string; }'.
src/pages/CVMLRLCenter/DocModificationThreadPage/components/RequirementsBlock.tsx(38,56): error TS2551: Property 'lighter' does not exist on type 'PaletteColor'. Did you mean 'light'?
src/pages/CVMLRLCenter/DocModificationThreadPage/components/RequirementsBlock.tsx(83,52): error TS2551: Property 'lighter' does not exist on type 'PaletteColor'. Did you mean 'light'?
src/pages/CVMLRLCenter/DocModificationThreadPage/components/RequirementsSection.tsx(161,25): error TS2322: Type '{ template_obj: { _id: string; name: string; path: string; category_name: string; updatedAt?: Date | undefined; } | null; thread: { _id: string; student_id: string | IStudentResponseDef; ... 11 more ...; essayReviewerIds?: { ...; }[] | undefined; }; }' is not assignable to type 'IntrinsicAttributes & RequirementsBlockProps'.
  Property 'template_obj' does not exist on type 'IntrinsicAttributes & RequirementsBlockProps'.
src/pages/CVMLRLCenter/DocModificationThreadPage/components/SimilarThreadsTab.tsx(130,35): error TS2769: No overload matches this call.
  Overload 1 of 2, '(props: { component: ElementType<any, keyof IntrinsicElements>; } & TypographyOwnProps & CommonProps & Omit<any, "p" | ... 112 more ... | "variantMapping">): Element | null', gave the following error.
    Type '"text.secondary"' is not assignable to type 'OverridableStringUnion<"inherit" | Variant, TypographyPropsVariantOverrides> | undefined'.
  Overload 2 of 2, '(props: DefaultComponentProps<TypographyTypeMap<{}, "span">>): Element | null', gave the following error.
    Type '"text.secondary"' is not assignable to type 'OverridableStringUnion<"inherit" | Variant, TypographyPropsVariantOverrides> | undefined'.
src/pages/CVMLRLCenter/DocModificationThreadPage/components/TeamInformationCard.tsx(114,57): error TS2345: Argument of type 'string | undefined' is not assignable to parameter of type 'string'.
  Type 'undefined' is not assignable to type 'string'.
src/pages/CVMLRLCenter/DocModificationThreadPage/components/TeamInformationCard.tsx(154,57): error TS2345: Argument of type 'string | undefined' is not assignable to parameter of type 'string'.
  Type 'undefined' is not assignable to type 'string'.
src/pages/CVMLRLCenter/DocModificationThreadPage/components/TeamInformationCard.tsx(204,25): error TS18048: 'thread.outsourced_user_id.length' is possibly 'undefined'.
src/pages/CVMLRLCenter/DocModificationThreadPage/components/TeamInformationCard.tsx(236,65): error TS2345: Argument of type 'string | undefined' is not assignable to parameter of type 'string'.
  Type 'undefined' is not assignable to type 'string'.
src/pages/CVMLRLCenter/DocModificationThreadPage/components/TeamInformationCard.tsx(284,65): error TS2345: Argument of type 'string | undefined' is not assignable to parameter of type 'string'.
  Type 'undefined' is not assignable to type 'string'.
src/pages/CVMLRLCenter/DocModificationThreadPage/components/TeamInformationCard.tsx(350,57): error TS2345: Argument of type 'string | undefined' is not assignable to parameter of type 'string'.
  Type 'undefined' is not assignable to type 'string'.
src/pages/CVMLRLCenter/DocModificationThreadPage/components/TeamInformationCard.tsx(390,57): error TS2345: Argument of type 'string | undefined' is not assignable to parameter of type 'string'.
  Type 'undefined' is not assignable to type 'string'.
src/pages/CVMLRLCenter/DocModificationThreadPage/CVDraftHistoryDialog.tsx(117,25): error TS2352: Conversion of type 'string | CVPersonal | CVEducation[] | CVExperience[] | CVAward[] | CVLanguage[] | CVComputerSkill[]' to type 'Record<string, unknown>[]' may be a mistake because neither type sufficiently overlaps with the other. If this was intentional, convert the expression to 'unknown' first.
  Type 'CVComputerSkill[]' is not comparable to type 'Record<string, unknown>[]'.
    Type 'CVComputerSkill' is not comparable to type 'Record<string, unknown>'.
      Index signature for type 'string' is missing in type 'CVComputerSkill'.
src/pages/CVMLRLCenter/DocModificationThreadPage/CVDraftHistoryDialog.tsx(118,25): error TS2352: Conversion of type 'string | CVPersonal | CVEducation[] | CVExperience[] | CVAward[] | CVLanguage[] | CVComputerSkill[]' to type 'Record<string, unknown>[]' may be a mistake because neither type sufficiently overlaps with the other. If this was intentional, convert the expression to 'unknown' first.
  Type 'CVComputerSkill[]' is not comparable to type 'Record<string, unknown>[]'.
    Type 'CVComputerSkill' is not comparable to type 'Record<string, unknown>'.
      Index signature for type 'string' is missing in type 'CVComputerSkill'.
src/pages/CVMLRLCenter/DocModificationThreadPage/CVDraftHistoryDialog.tsx(162,25): error TS2352: Conversion of type 'string | CVPersonal | CVEducation[] | CVExperience[] | CVAward[] | CVLanguage[] | CVComputerSkill[]' to type 'Record<string, unknown>[]' may be a mistake because neither type sufficiently overlaps with the other. If this was intentional, convert the expression to 'unknown' first.
  Type 'CVComputerSkill[]' is not comparable to type 'Record<string, unknown>[]'.
    Type 'CVComputerSkill' is not comparable to type 'Record<string, unknown>'.
      Index signature for type 'string' is missing in type 'CVComputerSkill'.
src/pages/CVMLRLCenter/DocModificationThreadPage/CVDraftHistoryDialog.tsx(163,25): error TS2352: Conversion of type 'string | CVPersonal | CVEducation[] | CVExperience[] | CVAward[] | CVLanguage[] | CVComputerSkill[]' to type 'Record<string, unknown>[]' may be a mistake because neither type sufficiently overlaps with the other. If this was intentional, convert the expression to 'unknown' first.
  Type 'CVComputerSkill[]' is not comparable to type 'Record<string, unknown>[]'.
    Type 'CVComputerSkill' is not comparable to type 'Record<string, unknown>'.
      Index signature for type 'string' is missing in type 'CVComputerSkill'.
src/pages/CVMLRLCenter/DocModificationThreadPage/DocumentCheckingResultModal.tsx(58,25): error TS2339: Property 'isPassed' does not exist on type '{ success: boolean; message?: string | undefined; data?: unknown; }'.
src/pages/CVMLRLCenter/DocModificationThreadPage/DocumentCheckingResultModal.tsx(58,44): error TS2339: Property 'reason' does not exist on type '{ success: boolean; message?: string | undefined; data?: unknown; }'.
src/pages/CVMLRLCenter/DocModificationThreadPage/DocumentCheckingResultModal.tsx(71,26): error TS18046: 'err' is of type 'unknown'.
src/pages/CVMLRLCenter/DocModificationThreadPage/DocumentCheckingResultModal.tsx(85,22): error TS2345: Argument of type '""' is not assignable to parameter of type 'SetStateAction<null>'.
src/pages/CVMLRLCenter/DocModificationThreadPage/DocumentThreadsPage/DocumentCommunicatiomExpandPage.test.tsx(72,18): error TS2786: 'DocumentCommunicationExpandPage' cannot be used as a JSX component.
  Its type '() => Error | JSX.Element' is not a valid JSX element type.
    Type '() => Error | JSX.Element' is not assignable to type '(props: any, deprecatedLegacyContext?: any) => ReactNode'.
      Type 'Error | Element' is not assignable to type 'ReactNode'.
        Type 'Error' is not assignable to type 'ReactNode'.
src/pages/CVMLRLCenter/DocModificationThreadPage/DocumentThreadsPage/DocumentCommunicatiomExpandPage.tsx(216,10): error TS2352: Conversion of type 'string | undefined' to type '{ _id: string; needEditor?: boolean | undefined; applying_program_count?: number | undefined; attributes?: { name: string; value: number; }[] | undefined; profile?: { name: string; required: boolean; updatedAt?: Date | undefined; path?: string | undefined; status?: string | undefined; feedback?: string | undefined; ...' may be a mistake because neither type sufficiently overlaps with the other. If this was intentional, convert the expression to 'unknown' first.
  Type 'string' is not comparable to type '{ _id: string; needEditor?: boolean | undefined; applying_program_count?: number | undefined; attributes?: { name: string; value: number; }[] | undefined; profile?: { name: string; required: boolean; updatedAt?: Date | undefined; path?: string | undefined; status?: string | undefined; feedback?: string | undefined; ...'.
src/pages/CVMLRLCenter/DocModificationThreadPage/DocumentThreadsPage/DocumentCommunicatiomExpandPage.tsx(390,29): error TS2322: Type 'string | null' is not assignable to type 'string | undefined'.
  Type 'null' is not assignable to type 'string | undefined'.
src/pages/CVMLRLCenter/DocModificationThreadPage/DocumentThreadsPage/DocumentCommunicatiomExpandPage.tsx(501,13): error TS2339: Property 'students' does not exist on type '{}'.
src/pages/CVMLRLCenter/DocModificationThreadPage/DocumentThreadsPage/DocumentCommunicatiomExpandPage.tsx(504,42): error TS2345: Argument of type 'string | null' is not assignable to parameter of type 'string'.
  Type 'null' is not assignable to type 'string'.
src/pages/CVMLRLCenter/DocModificationThreadPage/DocumentThreadsPage/DocumentCommunicatiomExpandPage.tsx(505,54): error TS2339: Property 'threads' does not exist on type '{ _id: string; student_id: string | IStudentResponseDef; file_type: string; updatedAt?: Date | undefined; isFinalVersion?: boolean | undefined; program_id?: string | ... 1 more ... | undefined; ... 7 more ...; essayReviewerIds?: { ...; }[] | undefined; }[]'.
src/pages/CVMLRLCenter/DocModificationThreadPage/DocumentThreadsPage/DocumentCommunicatiomExpandPage.tsx(561,28): error TS2362: The left-hand side of an arithmetic operation must be of type 'any', 'number', 'bigint' or an enum type.
src/pages/CVMLRLCenter/DocModificationThreadPage/DocumentThreadsPage/DocumentCommunicatiomExpandPage.tsx(561,28): error TS18048: 'a.isFinalVersion' is possibly 'undefined'.
src/pages/CVMLRLCenter/DocModificationThreadPage/DocumentThreadsPage/DocumentCommunicatiomExpandPage.tsx(561,47): error TS2363: The right-hand side of an arithmetic operation must be of type 'any', 'number', 'bigint' or an enum type.
src/pages/CVMLRLCenter/DocModificationThreadPage/DocumentThreadsPage/DocumentCommunicatiomExpandPage.tsx(561,47): error TS18048: 'b.isFinalVersion' is possibly 'undefined'.
src/pages/CVMLRLCenter/DocModificationThreadPage/DocumentThreadsPage/DocumentCommunicatiomExpandPage.tsx(573,25): error TS2345: Argument of type '{ _id: string; needEditor?: boolean | undefined; applying_program_count?: number | undefined; attributes?: { name: string; value: number; }[] | undefined; profile?: { name: string; required: boolean; updatedAt?: Date | undefined; path?: string | undefined; status?: string | undefined; feedback?: string | undefined; ...' is not assignable to parameter of type 'IUser'.
  Type 'null' is not assignable to type 'IUser'.
src/pages/CVMLRLCenter/DocModificationThreadPage/DocumentThreadsPage/EmbeddedThreadComponent.tsx(56,26): error TS2339: Property 'data' does not exist on type '{}'.
src/pages/CVMLRLCenter/DocModificationThreadPage/DocumentThreadsPage/EmbeddedThreadComponent.tsx(57,28): error TS2339: Property 'data' does not exist on type '{}'.
src/pages/CVMLRLCenter/DocModificationThreadPage/DocumentThreadsPage/EmbeddedThreadComponent.tsx(58,26): error TS2339: Property 'data' does not exist on type '{}'.
src/pages/CVMLRLCenter/DocModificationThreadPage/DocumentThreadsPage/EmbeddedThreadComponent.tsx(59,33): error TS2339: Property 'data' does not exist on type '{}'.
src/pages/CVMLRLCenter/DocModificationThreadPage/DocumentThreadsPage/EmbeddedThreadComponent.tsx(60,27): error TS2339: Property 'data' does not exist on type '{}'.
src/pages/CVMLRLCenter/DocModificationThreadPage/DocumentThreadsPage/EmbeddedThreadComponent.tsx(61,34): error TS2339: Property 'data' does not exist on type '{}'.
src/pages/CVMLRLCenter/DocModificationThreadPage/DocumentThreadsPage/EmbeddedThreadComponent.tsx(62,34): error TS2339: Property 'data' does not exist on type '{}'.
src/pages/CVMLRLCenter/DocModificationThreadPage/DocumentThreadsPage/EmbeddedThreadComponent.tsx(218,43): error TS2345: Argument of type '{ _id: string; needEditor?: boolean | undefined; applying_program_count?: number | undefined; attributes?: { name: string; value: number; }[] | undefined; profile?: { name: string; required: boolean; updatedAt?: Date | undefined; path?: string | undefined; status?: string | undefined; feedback?: string | undefined; ...' is not assignable to parameter of type 'IUser'.
  Type 'null' is not assignable to type 'IUser'.
src/pages/CVMLRLCenter/DocModificationThreadPage/DocumentThreadsPage/GeneralRLRequirementsTab.tsx(56,31): error TS2339: Property 'data' does not exist on type '{}'.
src/pages/CVMLRLCenter/DocModificationThreadPage/DocumentThreadsPage/GeneralRLRequirementsTab.tsx(80,40): error TS2339: Property 'school' does not exist on type '{}'.
src/pages/CVMLRLCenter/DocModificationThreadPage/DocumentThreadsPage/GeneralRLRequirementsTab.tsx(81,45): error TS2339: Property 'program_name' does not exist on type '{}'.
src/pages/CVMLRLCenter/DocModificationThreadPage/DocumentThreadsPage/GeneralRLRequirementsTab.tsx(82,47): error TS2339: Property 'rl_required' does not exist on type '{}'.
src/pages/CVMLRLCenter/DocModificationThreadPage/DocumentThreadsPage/GeneralRLRequirementsTab.tsx(85,30): error TS2339: Property 'rl_requirements' does not exist on type '{}'.
src/pages/CVMLRLCenter/DocModificationThreadPage/DocumentThreadsPage/GeneralRLRequirementsTab.tsx(89,52): error TS2339: Property '_id' does not exist on type '{}'.
src/pages/CVMLRLCenter/DocModificationThreadPage/DocumentThreadsPage/GeneralRLRequirementsTab.tsx(91,42): error TS2339: Property '_id' does not exist on type '{}'.
src/pages/CVMLRLCenter/DocModificationThreadPage/DocumentThreadsPage/GeneralRLRequirementsTab.tsx(92,41): error TS2339: Property '_id' does not exist on type '{}'.
src/pages/CVMLRLCenter/DocModificationThreadPage/DocumentThreadsPage/GeneralRLRequirementsTab.tsx(93,41): error TS2339: Property '_id' does not exist on type '{}'.
src/pages/CVMLRLCenter/DocModificationThreadPage/DocumentThreadsPage/GeneralRLRequirementsTab.tsx(116,37): error TS18048: 'a.deadlineSortValue' is possibly 'undefined'.
src/pages/CVMLRLCenter/DocModificationThreadPage/DocumentThreadsPage/GeneralRLRequirementsTab.tsx(116,59): error TS18048: 'b.deadlineSortValue' is possibly 'undefined'.
src/pages/CVMLRLCenter/DocModificationThreadPage/FileItem.tsx(35,47): error TS2538: Type 'undefined' cannot be used as an index type.
src/pages/CVMLRLCenter/DocModificationThreadPage/FilesList.test.tsx(34,28): error TS2739: Type '{ _id: string; messages: { _id: string; file: { name: string; path: string; }[]; user_id: { _id: string; firstname: string; lastname: string; }; }[]; }' is missing the following properties from type 'DocumentThreadResponse': doc_thread_id, flag_by_user_id
src/pages/CVMLRLCenter/DocModificationThreadPage/FilesList.test.tsx(44,28): error TS2739: Type '{ _id: string; messages: never[]; }' is missing the following properties from type 'DocumentThreadResponse': doc_thread_id, flag_by_user_id
src/pages/CVMLRLCenter/DocModificationThreadPage/FilesList.test.tsx(57,28): error TS2739: Type '{ _id: string; messages: { _id: string; file: never[]; user_id: null; }[]; }' is missing the following properties from type 'DocumentThreadResponse': doc_thread_id, flag_by_user_id
src/pages/CVMLRLCenter/DocModificationThreadPage/FilesList.tsx(39,45): error TS2322: Type '{ _id?: string | undefined; user_id?: string | { [key: string]: unknown; firstname?: string | undefined; lastname?: string | undefined; } | undefined; message?: string | undefined; file_path?: string | undefined; file?: { ...; }[] | undefined; createdAt?: string | ... 1 more ... | undefined; }' is not assignable to type 'DocumentThreadMessage'.
  Types of property 'user_id' are incompatible.
    Type 'string | { [key: string]: unknown; firstname?: string | undefined; lastname?: string | undefined; } | undefined' is not assignable to type '{ [key: string]: unknown; firstname?: string | undefined; lastname?: string | undefined; } | undefined'.
      Type 'string' is not assignable to type '{ [key: string]: unknown; firstname?: string | undefined; lastname?: string | undefined; }'.
src/pages/CVMLRLCenter/EditableFileThread.test.tsx(75,18): error TS2322: Type '{ application: any; decided: string; handleAsFinalFile: Mock<Procedure>; isProgramLocked: boolean; onDeleteFileThread: Mock<Procedure>; student: any; thread: { ...; }; }' is not assignable to type 'EditableFileThreadProps'.
  The types of 'thread.doc_thread_id' are incompatible between these types.
    Property 'student_id' is missing in type '{ _id: string; file_type: string; updatedAt: string; }' but required in type '{ _id: string; student_id: string; file_type: string; updatedAt?: Date | undefined; isFinalVersion?: boolean | undefined; program_id?: string | undefined; application_id?: string | undefined; ... 6 more ...; essayReviewerIds?: string[] | undefined; }'.
src/pages/CVMLRLCenter/EditableFileThread.test.tsx(84,18): error TS2322: Type '{ application: any; decided: string; handleAsFinalFile: Mock<Procedure>; isProgramLocked: boolean; onDeleteFileThread: Mock<Procedure>; student: any; thread: { ...; }; }' is not assignable to type 'EditableFileThreadProps'.
  The types of 'thread.doc_thread_id' are incompatible between these types.
    Property 'student_id' is missing in type '{ _id: string; file_type: string; updatedAt: string; }' but required in type '{ _id: string; student_id: string; file_type: string; updatedAt?: Date | undefined; isFinalVersion?: boolean | undefined; program_id?: string | undefined; application_id?: string | undefined; ... 6 more ...; essayReviewerIds?: string[] | undefined; }'.
src/pages/CVMLRLCenter/EditableFileThread.test.tsx(93,18): error TS2322: Type '{ application: null; isProgramLocked: false; decided: string; handleAsFinalFile: Mock<Procedure>; onDeleteFileThread: Mock<Procedure>; student: any; thread: { ...; }; }' is not assignable to type 'EditableFileThreadProps'.
  The types of 'thread.doc_thread_id' are incompatible between these types.
    Property 'student_id' is missing in type '{ _id: string; file_type: string; updatedAt: string; }' but required in type '{ _id: string; student_id: string; file_type: string; updatedAt?: Date | undefined; isFinalVersion?: boolean | undefined; program_id?: string | undefined; application_id?: string | undefined; ... 6 more ...; essayReviewerIds?: string[] | undefined; }'.
src/pages/CVMLRLCenter/EditableFileThread.tsx(211,42): error TS2345: Argument of type '{ _id: string; needEditor?: boolean | undefined; applying_program_count?: number | undefined; attributes?: { name: string; value: number; }[] | undefined; profile?: { name: string; required: boolean; updatedAt?: Date | undefined; path?: string | undefined; status?: string | undefined; feedback?: string | undefined; ...' is not assignable to parameter of type 'IUser'.
  Type 'null' is not assignable to type 'IUser'.
src/pages/CVMLRLCenter/EditableFileThread.tsx(219,38): error TS2345: Argument of type 'Date | undefined' is not assignable to parameter of type 'string | number | Date'.
  Type 'undefined' is not assignable to type 'string | number | Date'.
src/pages/CVMLRLCenter/EditableFileThread.tsx(230,41): error TS2345: Argument of type '{ _id: string; needEditor?: boolean | undefined; applying_program_count?: number | undefined; attributes?: { name: string; value: number; }[] | undefined; profile?: { name: string; required: boolean; updatedAt?: Date | undefined; path?: string | undefined; status?: string | undefined; feedback?: string | undefined; ...' is not assignable to parameter of type 'IUser'.
  Type 'null' is not assignable to type 'IUser'.
src/pages/CVMLRLCenter/EditableFileThread.tsx(251,42): error TS2769: No overload matches this call.
  Overload 1 of 2, '(props: { component: ElementType<any, keyof IntrinsicElements>; } & SvgIconOwnProps & CommonProps & Omit<any, "style" | ... 10 more ... | "viewBox">): Element | null', gave the following error.
    Property 'component' is missing in type '{ color: "success"; size: number; }' but required in type '{ component: ElementType<any, keyof IntrinsicElements>; }'.
  Overload 2 of 2, '(props: DefaultComponentProps<SvgIconTypeMap<{}, "svg">>): Element | null', gave the following error.
    Type '{ color: "success"; size: number; }' is not assignable to type 'IntrinsicAttributes & SvgIconOwnProps & CommonProps & Omit<Omit<SVGProps<SVGSVGElement>, "ref"> & { ...; }, "style" | ... 10 more ... | "viewBox">'.
      Property 'size' does not exist on type 'IntrinsicAttributes & SvgIconOwnProps & CommonProps & Omit<Omit<SVGProps<SVGSVGElement>, "ref"> & { ...; }, "style" | ... 10 more ... | "viewBox">'.
src/pages/CVMLRLCenter/EditableFileThread.tsx(257,44): error TS2345: Argument of type '{ _id: string; needEditor?: boolean | undefined; applying_program_count?: number | undefined; attributes?: { name: string; value: number; }[] | undefined; profile?: { name: string; required: boolean; updatedAt?: Date | undefined; path?: string | undefined; status?: string | undefined; feedback?: string | undefined; ...' is not assignable to parameter of type 'IUser'.
  Type 'null' is not assignable to type 'IUser'.
src/pages/CVMLRLCenter/EditableFileThread.tsx(285,41): error TS2345: Argument of type '{ _id: string; needEditor?: boolean | undefined; applying_program_count?: number | undefined; attributes?: { name: string; value: number; }[] | undefined; profile?: { name: string; required: boolean; updatedAt?: Date | undefined; path?: string | undefined; status?: string | undefined; feedback?: string | undefined; ...' is not assignable to parameter of type 'IUser'.
  Type 'null' is not assignable to type 'IUser'.
src/pages/CVMLRLCenter/index.tsx(95,31): error TS2352: Conversion of type '{ _id: string; student_id: string | IStudentResponseDef; file_type: string; updatedAt?: Date | undefined; isFinalVersion?: boolean | undefined; program_id?: string | ... 1 more ... | undefined; ... 7 more ...; essayReviewerIds?: { ...; }[] | undefined; }[] | undefined' to type '{ threads: { _id: string; student_id: string | IStudentResponseDef; file_type: string; updatedAt?: Date | undefined; isFinalVersion?: boolean | undefined; ... 8 more ...; essayReviewerIds?: { ...; }[] | undefined; }[]; }' may be a mistake because neither type sufficiently overlaps with the other. If this was intentional, convert the expression to 'unknown' first.
  Property 'threads' is missing in type '{ _id: string; student_id: string | IStudentResponseDef; file_type: string; updatedAt?: Date | undefined; isFinalVersion?: boolean | undefined; program_id?: string | ... 1 more ... | undefined; ... 7 more ...; essayReviewerIds?: { ...; }[] | undefined; }[]' but required in type '{ threads: { _id: string; student_id: string | IStudentResponseDef; file_type: string; updatedAt?: Date | undefined; isFinalVersion?: boolean | undefined; ... 8 more ...; essayReviewerIds?: { ...; }[] | undefined; }[]; }'.
src/pages/CVMLRLCenter/index.tsx(267,65): error TS2345: Argument of type 'OpenTaskRow' is not assignable to parameter of type 'IDocumentthread & { latest_message_left_by_id?: string | undefined; }'.
  Type 'OpenTaskRow' is not assignable to type 'IDocumentthread'.
    Types of property 'student_id' are incompatible.
      Type 'string | IStudentResponseDef | undefined' is not assignable to type 'string | ObjectId | IStudent'.
        Type 'undefined' is not assignable to type 'string | ObjectId | IStudent'.
src/pages/CVMLRLCenter/index.tsx(271,68): error TS2345: Argument of type 'OpenTaskRow' is not assignable to parameter of type 'IDocumentthread'.
  Types of property 'student_id' are incompatible.
    Type 'string | IStudentResponseDef | undefined' is not assignable to type 'string | ObjectId | IStudent'.
      Type 'undefined' is not assignable to type 'string | ObjectId | IStudent'.
src/pages/CVMLRLCenter/index.tsx(276,37): error TS2345: Argument of type 'OpenTaskRow' is not assignable to parameter of type 'IDocumentthread & { latest_message_left_by_id?: string | undefined; }'.
  Type 'OpenTaskRow' is not assignable to type 'IDocumentthread'.
    Types of property 'student_id' are incompatible.
      Type 'string | IStudentResponseDef | undefined' is not assignable to type 'string | ObjectId | IStudent'.
        Type 'undefined' is not assignable to type 'string | ObjectId | IStudent'.
src/pages/CVMLRLCenter/index.tsx(282,37): error TS2345: Argument of type 'OpenTaskRow' is not assignable to parameter of type 'IDocumentthread & { latest_message_left_by_id?: string | undefined; }'.
  Type 'OpenTaskRow' is not assignable to type 'IDocumentthread'.
    Types of property 'student_id' are incompatible.
      Type 'string | IStudentResponseDef | undefined' is not assignable to type 'string | ObjectId | IStudent'.
        Type 'undefined' is not assignable to type 'string | ObjectId | IStudent'.
src/pages/CVMLRLCenter/indexAll.tsx(15,25): error TS2345: Argument of type '{ _id: string; needEditor?: boolean | undefined; applying_program_count?: number | undefined; attributes?: { name: string; value: number; }[] | undefined; profile?: { name: string; required: boolean; updatedAt?: Date | undefined; path?: string | undefined; status?: string | undefined; feedback?: string | undefined; ...' is not assignable to parameter of type 'IUser'.
  Type 'null' is not assignable to type 'IUser'.
src/pages/CVMLRLCenter/ManualFiles.tsx(97,49): error TS2345: Argument of type '{ school: string; program_name: string; _id: string; isArchiv?: boolean | undefined; isLocked?: boolean | undefined; programSubjects?: string[] | undefined; degree?: string | undefined; ... 71 more ...; vcId?: string | undefined; } | undefined' is not assignable to parameter of type '{ school: string; program_name: string; _id: string; isArchiv?: boolean | undefined; isLocked?: boolean | undefined; programSubjects?: string[] | undefined; degree?: string | undefined; ... 71 more ...; vcId?: string | undefined; }'.
  Type 'undefined' is not assignable to type '{ school: string; program_name: string; _id: string; isArchiv?: boolean | undefined; isLocked?: boolean | undefined; programSubjects?: string[] | undefined; degree?: string | undefined; ... 71 more ...; vcId?: string | undefined; }'.
src/pages/CVMLRLCenter/ManualFiles.tsx(202,58): error TS2345: Argument of type 'Application | null' is not assignable to parameter of type 'Record<string, unknown> | null'.
  Type 'Application' is not assignable to type 'Record<string, unknown> | null'.
    Type 'Application' is not assignable to type 'Record<string, unknown>'.
      Index signature for type 'string' is missing in type 'Application'.
src/pages/CVMLRLCenter/ManualFiles.tsx(205,13): error TS2345: Argument of type 'EditorDocsProgressDocThread[] | undefined' is not assignable to parameter of type '{ doc_thread_id?: { file_type?: string | undefined; } | undefined; }[] | null | undefined'.
  Type 'EditorDocsProgressDocThread[]' is not assignable to type '{ doc_thread_id?: { file_type?: string | undefined; } | undefined; }[]'.
    Type 'EditorDocsProgressDocThread' is not assignable to type '{ doc_thread_id?: { file_type?: string | undefined; } | undefined; }'.
      Types of property 'doc_thread_id' are incompatible.
        Type '{ _id?: { toString(): string; } | undefined; } | undefined' is not assignable to type '{ file_type?: string | undefined; } | undefined'.
          Type '{ _id?: { toString(): string; } | undefined; }' has no properties in common with type '{ file_type?: string | undefined; }'.
src/pages/CVMLRLCenter/ManualFiles.tsx(243,49): error TS2345: Argument of type 'EditorDocsProgressStudent' is not assignable to parameter of type '{ generaldocs_threads?: { doc_thread_id?: { file_type?: string | undefined; } | undefined; }[] | undefined; }'.
  Types of property 'generaldocs_threads' are incompatible.
    Type 'EditorDocsProgressDocThread[] | undefined' is not assignable to type '{ doc_thread_id?: { file_type?: string | undefined; } | undefined; }[] | undefined'.
      Type 'EditorDocsProgressDocThread[]' is not assignable to type '{ doc_thread_id?: { file_type?: string | undefined; } | undefined; }[]'.
        Type 'EditorDocsProgressDocThread' is not assignable to type '{ doc_thread_id?: { file_type?: string | undefined; } | undefined; }'.
          Types of property 'doc_thread_id' are incompatible.
            Type '{ _id?: { toString(): string; } | undefined; } | undefined' is not assignable to type '{ file_type?: string | undefined; } | undefined'.
              Type '{ _id?: { toString(): string; } | undefined; }' has no properties in common with type '{ file_type?: string | undefined; }'.
src/pages/CVMLRLCenter/ManualFiles.tsx(270,55): error TS2339: Property 'file_type' does not exist on type '{ _id?: { toString(): string; } | undefined; }'.
src/pages/CVMLRLCenter/ManualFiles.tsx(272,55): error TS2339: Property 'file_type' does not exist on type '{ _id?: { toString(): string; } | undefined; }'.
src/pages/CVMLRLCenter/ManualFiles.tsx(373,29): error TS2322: Type '(doc_thread_id: string, student_id: string, application_id: string, isFinal: boolean, docName: string) => void' is not assignable to type '(...args: unknown[]) => void'.
  Types of parameters 'doc_thread_id' and 'args' are incompatible.
    Type 'unknown' is not assignable to type 'string'.
src/pages/CVMLRLCenter/ManualFiles.tsx(375,29): error TS2322: Type '(doc_thread_id: string, application: Application | null, studentId: string, docName: string) => void' is not assignable to type '(...args: unknown[]) => void'.
  Types of parameters 'doc_thread_id' and 'args' are incompatible.
    Type 'unknown' is not assignable to type 'string'.
src/pages/CVMLRLCenter/ManualFiles.tsx(382,41): error TS2345: Argument of type '{ _id: string; needEditor?: boolean | undefined; applying_program_count?: number | undefined; attributes?: { name: string; value: number; }[] | undefined; profile?: { name: string; required: boolean; updatedAt?: Date | undefined; path?: string | undefined; status?: string | undefined; feedback?: string | undefined; ...' is not assignable to parameter of type 'IUser'.
  Type 'null' is not assignable to type 'IUser'.
src/pages/CVMLRLCenter/ManualFilesList.tsx(30,35): error TS2339: Property '_id' does not exist on type '{ updatedAt?: Date | undefined; isFinalVersion?: boolean | undefined; latest_message_left_by_id?: string | undefined; doc_thread_id?: string | undefined; createdAt?: Date | undefined; }'.
src/pages/CVMLRLCenter/ManualFilesList.tsx(38,23): error TS2741: Property '_id' is missing in type '{ updatedAt?: Date | undefined; isFinalVersion?: boolean | undefined; latest_message_left_by_id?: string | undefined; doc_thread_id?: string | undefined; createdAt?: Date | undefined; }' but required in type 'EditableFileThreadThread'.
src/pages/CVMLRLCenter/ManualFilesList.tsx(49,36): error TS18047: 'props.application' is possibly 'null'.
src/pages/CVMLRLCenter/ManualFilesList.tsx(53,39): error TS2339: Property '_id' does not exist on type '{ updatedAt?: Date | undefined; isFinalVersion?: boolean | undefined; latest_message_left_by_id?: string | undefined; doc_thread_id?: string | undefined; createdAt?: Date | undefined; }'.
src/pages/CVMLRLCenter/ManualFilesList.tsx(59,39): error TS18047: 'props.application' is possibly 'null'.
src/pages/CVMLRLCenter/ManualFilesList.tsx(59,39): error TS18048: 'props.application.programId' is possibly 'undefined'.
src/pages/CVMLRLCenter/ManualFilesList.tsx(61,27): error TS2741: Property '_id' is missing in type '{ updatedAt?: Date | undefined; isFinalVersion?: boolean | undefined; latest_message_left_by_id?: string | undefined; doc_thread_id?: string | undefined; createdAt?: Date | undefined; }' but required in type 'EditableFileThreadThread'.
src/pages/Dashboard/AdminDashboard/AdminMainView.test.tsx(35,13): error TS2698: Spread types may only be created from object types.
src/pages/Dashboard/AdminDashboard/AdminMainView.tsx(67,49): error TS2339: Property 'data' does not exist on type '{}'.
src/pages/Dashboard/AgentDashboard/AgentMainView.tsx(151,52): error TS2345: Argument of type 'OpenTaskRow' is not assignable to parameter of type 'IDocumentthread & { latest_message_left_by_id?: string | undefined; }'.
  Type 'OpenTaskRow' is not assignable to type 'IDocumentthread'.
    Types of property 'student_id' are incompatible.
      Type 'string | IStudentResponseDef | undefined' is not assignable to type 'string | ObjectId | IStudent'.
        Type 'undefined' is not assignable to type 'string | ObjectId | IStudent'.
src/pages/Dashboard/AgentDashboard/AgentMainView.tsx(156,52): error TS2345: Argument of type 'OpenTaskRow' is not assignable to parameter of type 'IDocumentthread & { latest_message_left_by_id?: string | undefined; }'.
  Type 'OpenTaskRow' is not assignable to type 'IDocumentthread'.
    Types of property 'student_id' are incompatible.
      Type 'string | IStudentResponseDef | undefined' is not assignable to type 'string | ObjectId | IStudent'.
        Type 'undefined' is not assignable to type 'string | ObjectId | IStudent'.
src/pages/Dashboard/AgentDashboard/AgentMainView.tsx(356,29): error TS2322: Type '{ applications: IApplicationPopulatedDef[]; students: IStudentResponseDef[]; user: { _id: string; needEditor?: boolean | undefined; applying_program_count?: number | undefined; ... 21 more ...; courses?: { ...; } | undefined; } | null; }' is not assignable to type 'IntrinsicAttributes & { applications: IApplicationPopulatedDef[]; }'.
  Property 'students' does not exist on type 'IntrinsicAttributes & { applications: IApplicationPopulatedDef[]; }'.
src/pages/Dashboard/AgentDashboard/AgentMainView.tsx(371,66): error TS2322: Type '{ students: IStudentResponseDef[]; user: { _id: string; needEditor?: boolean | undefined; applying_program_count?: number | undefined; attributes?: { name: string; value: number; }[] | undefined; ... 20 more ...; courses?: { ...; } | undefined; } | null; }' is not assignable to type 'IntrinsicAttributes & { students: IStudentResponseDef[]; }'.
  Property 'user' does not exist on type 'IntrinsicAttributes & { students: IStudentResponseDef[]; }'.
src/pages/Dashboard/DashboardBody.tsx(61,30): error TS2345: Argument of type '{ _id: string; needEditor?: boolean | undefined; applying_program_count?: number | undefined; attributes?: { name: string; value: number; }[] | undefined; profile?: { name: string; required: boolean; updatedAt?: Date | undefined; path?: string | undefined; status?: string | undefined; feedback?: string | undefined; ...' is not assignable to parameter of type 'IUser'.
  Type 'null' is not assignable to type 'IUser'.
src/pages/Dashboard/DashboardBody.tsx(62,30): error TS2345: Argument of type '{ _id: string; needEditor?: boolean | undefined; applying_program_count?: number | undefined; attributes?: { name: string; value: number; }[] | undefined; profile?: { name: string; required: boolean; updatedAt?: Date | undefined; path?: string | undefined; status?: string | undefined; feedback?: string | undefined; ...' is not assignable to parameter of type 'IUser'.
  Type 'null' is not assignable to type 'IUser'.
src/pages/Dashboard/DashboardBody.tsx(63,31): error TS2345: Argument of type '{ _id: string; needEditor?: boolean | undefined; applying_program_count?: number | undefined; attributes?: { name: string; value: number; }[] | undefined; profile?: { name: string; required: boolean; updatedAt?: Date | undefined; path?: string | undefined; status?: string | undefined; feedback?: string | undefined; ...' is not assignable to parameter of type 'IUser'.
  Type 'null' is not assignable to type 'IUser'.
src/pages/Dashboard/DashboardBody.tsx(64,33): error TS2345: Argument of type '{ _id: string; needEditor?: boolean | undefined; applying_program_count?: number | undefined; attributes?: { name: string; value: number; }[] | undefined; profile?: { name: string; required: boolean; updatedAt?: Date | undefined; path?: string | undefined; status?: string | undefined; feedback?: string | undefined; ...' is not assignable to parameter of type 'IUser'.
  Type 'null' is not assignable to type 'IUser'.
src/pages/Dashboard/DashboardBody.tsx(67,32): error TS2345: Argument of type '{ _id: string; needEditor?: boolean | undefined; applying_program_count?: number | undefined; attributes?: { name: string; value: number; }[] | undefined; profile?: { name: string; required: boolean; updatedAt?: Date | undefined; path?: string | undefined; status?: string | undefined; feedback?: string | undefined; ...' is not assignable to parameter of type 'IUser'.
  Type 'null' is not assignable to type 'IUser'.
src/pages/Dashboard/DashboardBody.tsx(67,41): error TS2739: Type '{}' is missing the following properties from type 'StudentDashboardProps': student, isCoursesFilled
src/pages/Dashboard/DashboardBody.tsx(68,30): error TS2345: Argument of type '{ _id: string; needEditor?: boolean | undefined; applying_program_count?: number | undefined; attributes?: { name: string; value: number; }[] | undefined; profile?: { name: string; required: boolean; updatedAt?: Date | undefined; path?: string | undefined; status?: string | undefined; feedback?: string | undefined; ...' is not assignable to parameter of type 'IUser'.
  Type 'null' is not assignable to type 'IUser'.
src/pages/Dashboard/MainViewTab/AgentTasks/BaseDocumentCheckingTasks.tsx(55,54): error TS2345: Argument of type 'Date | undefined' is not assignable to parameter of type 'string | number | Date'.
  Type 'undefined' is not assignable to type 'string | number | Date'.
src/pages/Dashboard/MainViewTab/AgentTasks/NoProgramStudentTable.tsx(30,13): error TS18048: 'student.agents' is possibly 'undefined'.
src/pages/Dashboard/MainViewTab/AgentTasks/NoProgramStudentTable.tsx(31,56): error TS18047: 'user' is possibly 'null'.
src/pages/Dashboard/MainViewTab/AgentTasks/NoProgramStudentTable.tsx(41,17): error TS18048: 'student.agents' is possibly 'undefined'.
src/pages/Dashboard/MainViewTab/AgentTasks/NoProgramStudentTable.tsx(42,60): error TS18047: 'user' is possibly 'null'.
src/pages/Dashboard/MainViewTab/AgentTasks/ReadyToSubmitTasksCard.tsx(41,13): error TS2345: Argument of type 'IStudentResponseDef | undefined' is not assignable to parameter of type 'IStudentResponseDef'.
  Type 'undefined' is not assignable to type 'IStudentResponseDef'.
src/pages/Dashboard/MainViewTab/AgentTasks/ReadyToSubmitTasksCard.tsx(54,29): error TS2345: Argument of type 'string | undefined' is not assignable to parameter of type 'string'.
  Type 'undefined' is not assignable to type 'string'.
src/pages/Dashboard/MainViewTab/AgentTasks/ReadyToSubmitTasksCard.tsx(59,30): error TS18048: 'application.studentId' is possibly 'undefined'.
src/pages/Dashboard/MainViewTab/AgentTasks/ReadyToSubmitTasksCard.tsx(60,30): error TS18048: 'application.studentId' is possibly 'undefined'.
src/pages/Dashboard/MainViewTab/AgentTasks/ReadyToSubmitTasksCard.tsx(95,26): error TS18048: 'application.programId' is possibly 'undefined'.
src/pages/Dashboard/MainViewTab/AgentTasks/ReadyToSubmitTasksCard.tsx(99,26): error TS18048: 'application.programId' is possibly 'undefined'.
src/pages/Dashboard/MainViewTab/AgentTasks/ReadyToSubmitTasksCard.tsx(103,26): error TS18048: 'application.programId' is possibly 'undefined'.
src/pages/Dashboard/MainViewTab/AgentTasks/ReadyToSubmitTasksCard.tsx(104,26): error TS18048: 'application.programId' is possibly 'undefined'.
src/pages/Dashboard/MainViewTab/AgentTasks/VPDToSubmitTasksCard.tsx(39,33): error TS18048: 'application.studentId' is possibly 'undefined'.
src/pages/Dashboard/MainViewTab/AgentTasks/VPDToSubmitTasksCard.tsx(43,30): error TS18048: 'application.studentId' is possibly 'undefined'.
src/pages/Dashboard/MainViewTab/AgentTasks/VPDToSubmitTasksCard.tsx(44,30): error TS18048: 'application.studentId' is possibly 'undefined'.
src/pages/Dashboard/MainViewTab/NoAgentsStudentsCard/NoAgentsStudentsCard.tsx(73,38): error TS2345: Argument of type '{ _id: string; needEditor?: boolean | undefined; applying_program_count?: number | undefined; attributes?: { name: string; value: number; }[] | undefined; profile?: { name: string; required: boolean; updatedAt?: Date | undefined; path?: string | undefined; status?: string | undefined; feedback?: string | undefined; ...' is not assignable to parameter of type 'IUser'.
  Type 'null' is not assignable to type 'IUser'.
src/pages/Dashboard/MainViewTab/NoAgentsStudentsCard/NoAgentsStudentsCard.tsx(124,34): error TS2345: Argument of type '{ _id: string; needEditor?: boolean | undefined; applying_program_count?: number | undefined; attributes?: { name: string; value: number; }[] | undefined; profile?: { name: string; required: boolean; updatedAt?: Date | undefined; path?: string | undefined; status?: string | undefined; feedback?: string | undefined; ...' is not assignable to parameter of type 'IUser'.
  Type 'null' is not assignable to type 'IUser'.
src/pages/Dashboard/MainViewTab/NoAgentsStudentsCard/NoAgentsStudentsCard.tsx(131,25): error TS2322: Type '(e: FormEvent<HTMLFormElement>, updateAgentList: unknown, student_id: string) => void' is not assignable to type '((e: SyntheticEvent<Element, Event>, updateList: Record<string, boolean>, entityId: string) => void) | ((e: SyntheticEvent<Element, Event>, updateList: Record<...>, entityId: string) => void) | ((e: SyntheticEvent<...>, updateList: Record<...>, entityId: string) => void)'.
  Type '(e: FormEvent<HTMLFormElement>, updateAgentList: unknown, student_id: string) => void' is not assignable to type '(e: SyntheticEvent<Element, Event>, updateList: Record<string, boolean>, entityId: string) => void'.
    Types of parameters 'e' and 'e' are incompatible.
      Type 'SyntheticEvent<Element, Event>' is not assignable to type 'FormEvent<HTMLFormElement>'.
        Types of property 'currentTarget' are incompatible.
          Type 'EventTarget & Element' is not assignable to type 'EventTarget & HTMLFormElement'.
            Type 'EventTarget & Element' is missing the following properties from type 'HTMLFormElement': acceptCharset, action, autocomplete, elements, and 148 more.
src/pages/Dashboard/MainViewTab/NoEditorsStudentsCard/NoEditorsStudentsCard.tsx(20,10): error TS2724: '"@/api"' has no exported member named 'IStudentResponse'. Did you mean 'StudentResponseFull'?
src/pages/Dashboard/MainViewTab/NoEditorsStudentsCard/NoEditorsStudentsCard.tsx(83,37): error TS2345: Argument of type '{ _id: string; needEditor?: boolean | undefined; applying_program_count?: number | undefined; attributes?: { name: string; value: number; }[] | undefined; profile?: { name: string; required: boolean; updatedAt?: Date | undefined; path?: string | undefined; status?: string | undefined; feedback?: string | undefined; ...' is not assignable to parameter of type 'IUser'.
  Type 'null' is not assignable to type 'IUser'.
src/pages/Dashboard/MainViewTab/NoEditorsStudentsCard/NoEditorsStudentsCard.tsx(127,42): error TS2339: Property '_id' does not exist on type 'IUserAttribute'.
src/pages/Dashboard/MainViewTab/NoEditorsStudentsCard/NoEditorsStudentsCard.tsx(172,33): error TS2345: Argument of type '{ _id: string; needEditor?: boolean | undefined; applying_program_count?: number | undefined; attributes?: { name: string; value: number; }[] | undefined; profile?: { name: string; required: boolean; updatedAt?: Date | undefined; path?: string | undefined; status?: string | undefined; feedback?: string | undefined; ...' is not assignable to parameter of type 'IUser'.
  Type 'null' is not assignable to type 'IUser'.
src/pages/Dashboard/MainViewTab/NoEditorsStudentsCard/NoEditorsStudentsCard.tsx(179,25): error TS2322: Type '(e: FormEvent<HTMLFormElement>, updateEditorList: unknown, student_id: string) => void' is not assignable to type '((e: SyntheticEvent<Element, Event>, updateList: Record<string, boolean>, entityId: string) => void) | ((e: SyntheticEvent<Element, Event>, updateList: Record<...>, entityId: string) => void) | ((e: SyntheticEvent<...>, updateList: Record<...>, entityId: string) => void)'.
  Type '(e: FormEvent<HTMLFormElement>, updateEditorList: unknown, student_id: string) => void' is not assignable to type '(e: SyntheticEvent<Element, Event>, updateList: Record<string, boolean>, entityId: string) => void'.
    Types of parameters 'e' and 'e' are incompatible.
      Type 'SyntheticEvent<Element, Event>' is not assignable to type 'FormEvent<HTMLFormElement>'.
        Types of property 'currentTarget' are incompatible.
          Type 'EventTarget & Element' is not assignable to type 'EventTarget & HTMLFormElement'.
            Type 'EventTarget & Element' is missing the following properties from type 'HTMLFormElement': acceptCharset, action, autocomplete, elements, and 148 more.
src/pages/Dashboard/MainViewTab/NoWritersEssaysCard/NoWritersEssaysCard.tsx(237,25): error TS2322: Type '{ _id: string; student_id: string | IStudentResponseDef; file_type: string; updatedAt?: Date | undefined; isFinalVersion?: boolean | undefined; program_id?: string | ... 1 more ... | undefined; ... 7 more ...; essayReviewerIds?: { ...; }[] | undefined; }' is not assignable to type 'EssayDocumentThreadForWriters'.
  Types of property 'program_id' are incompatible.
    Type 'string | { school: string; program_name: string; _id: string; isArchiv?: boolean | undefined; isLocked?: boolean | undefined; programSubjects?: string[] | undefined; degree?: string | undefined; ... 71 more ...; vcId?: string | undefined; } | undefined' is not assignable to type '{ school?: string | undefined; program_name?: string | undefined; degree?: string | undefined; semester?: string | undefined; } | undefined'.
      Type 'string' has no properties in common with type '{ school?: string | undefined; program_name?: string | undefined; degree?: string | undefined; semester?: string | undefined; }'.
src/pages/Dashboard/MainViewTab/NoWritersEssaysCard/NoWritersEssaysCard.tsx(241,25): error TS2322: Type '(e: React.FormEvent<HTMLFormElement>, updateEssayWriterList: Record<string, boolean>, essayDocumentThread_id: string) => void' is not assignable to type '(e: SyntheticEvent<Element, Event>, updateEssayWriterList: Record<string, boolean>, essayDocumentThread_id: string) => void'.
  Types of parameters 'e' and 'e' are incompatible.
    Type 'SyntheticEvent<Element, Event>' is not assignable to type 'FormEvent<HTMLFormElement>'.
      Types of property 'currentTarget' are incompatible.
        Type 'EventTarget & Element' is not assignable to type 'EventTarget & HTMLFormElement'.
          Type 'EventTarget & Element' is missing the following properties from type 'HTMLFormElement': acceptCharset, action, autocomplete, elements, and 148 more.
src/pages/Dashboard/MainViewTab/ProgramConflict/ProgramConflict.test.tsx(46,25): error TS2322: Type '{ studentId: string; firstname: string; lastname: string; application_preference: { expected_application_date: string; }; }[]' is not assignable to type 'IStudentResponseDef[]'.
  Property '_id' is missing in type '{ studentId: string; firstname: string; lastname: string; application_preference: { expected_application_date: string; }; }' but required in type 'IStudentResponseDef'.
src/pages/Dashboard/MainViewTab/ProgramConflict/ProgramConflict.tsx(42,41): error TS2339: Property 'studentId' does not exist on type 'IStudentResponseDef'.
src/pages/Dashboard/MainViewTab/ProgramConflict/TabProgramConflict.test.tsx(75,21): error TS2322: Type '{ program: { _id: string; school: string; program_name: string; application_deadline: string; degree: string; }; students: { studentId: string; firstname: string; lastname: string; application_preference: {}; }[]; }[]' is not assignable to type 'IStudentResponseDef[]'.
  Property '_id' is missing in type '{ program: { _id: string; school: string; program_name: string; application_deadline: string; degree: string; }; students: { studentId: string; firstname: string; lastname: string; application_preference: {}; }[]; }' but required in type 'IStudentResponseDef'.
src/pages/Dashboard/MainViewTab/ProgramConflict/TabProgramConflict.tsx(21,31): error TS2339: Property 'program' does not exist on type 'IStudentResponseDef'.
src/pages/Dashboard/MainViewTab/ProgramConflict/TabProgramConflict.tsx(22,32): error TS2339: Property 'students' does not exist on type 'IStudentResponseDef'.
src/pages/Dashboard/MainViewTab/ProgramTaskDelta/ProgramTaskDelta.tsx(51,38): error TS2339: Property 'deltas' does not exist on type 'IStudentResponseDef'.
src/pages/Dashboard/MainViewTab/ProgramTaskDelta/ProgramTaskDelta.tsx(60,38): error TS2339: Property 'deltas' does not exist on type 'IStudentResponseDef'.
src/pages/Dashboard/MainViewTab/RespondedThreads/PendingEditorReplyCard.tsx(58,17): error TS2322: Type 'Date | undefined' is not assignable to type 'string | undefined'.
  Type 'Date' is not assignable to type 'string'.
src/pages/Dashboard/MainViewTab/RespondedThreads/PendingEditorReplyCard.tsx(89,25): error TS2322: Type 'Date | undefined' is not assignable to type 'string | undefined'.
  Type 'Date' is not assignable to type 'string'.
src/pages/Dashboard/MainViewTab/RespondedThreads/RespondedThreads.test.tsx(88,43): error TS2322: Type '{ _id: string; firstname: string; lastname: string; applications: { _id: string; decided: string; programId: { _id: string; school: string; program_name: string; }; doc_modification_thread: { _id: string; isFinalVersion: boolean; latest_message_left_by_id: string; updatedAt: string; doc_thread_id: { ...; }; }[]; }[]...' is not assignable to type 'IStudentResponseDef'.
  Types of property 'generaldocs_threads' are incompatible.
    Type '{ isFinalVersion: boolean; latest_message_left_by_id: string; updatedAt: string; doc_thread_id: { _id: string; file_type: string; }; }[]' is not assignable to type '{ updatedAt?: Date | undefined; isFinalVersion?: boolean | undefined; latest_message_left_by_id?: string | undefined; doc_thread_id?: string | undefined; createdAt?: Date | undefined; }[]'.
      Type '{ isFinalVersion: boolean; latest_message_left_by_id: string; updatedAt: string; doc_thread_id: { _id: string; file_type: string; }; }' is not assignable to type '{ updatedAt?: Date | undefined; isFinalVersion?: boolean | undefined; latest_message_left_by_id?: string | undefined; doc_thread_id?: string | undefined; createdAt?: Date | undefined; }'.
        Types of property 'updatedAt' are incompatible.
          Type 'string' is not assignable to type 'Date'.
src/pages/Dashboard/MainViewTab/RespondedThreads/RespondedThreads.test.tsx(117,43): error TS2322: Type '{ _id: string; firstname: string; lastname: string; applications: { _id: string; decided: string; programId: { _id: string; school: string; program_name: string; }; doc_modification_thread: { _id: string; isFinalVersion: boolean; latest_message_left_by_id: string; updatedAt: string; doc_thread_id: { ...; }; }[]; }[]...' is not assignable to type 'IStudentResponseDef'.
  Types of property 'generaldocs_threads' are incompatible.
    Type '{ isFinalVersion: boolean; latest_message_left_by_id: string; updatedAt: string; doc_thread_id: { _id: string; file_type: string; }; }[]' is not assignable to type '{ updatedAt?: Date | undefined; isFinalVersion?: boolean | undefined; latest_message_left_by_id?: string | undefined; doc_thread_id?: string | undefined; createdAt?: Date | undefined; }[]'.
      Type '{ isFinalVersion: boolean; latest_message_left_by_id: string; updatedAt: string; doc_thread_id: { _id: string; file_type: string; }; }' is not assignable to type '{ updatedAt?: Date | undefined; isFinalVersion?: boolean | undefined; latest_message_left_by_id?: string | undefined; doc_thread_id?: string | undefined; createdAt?: Date | undefined; }'.
        Types of property 'updatedAt' are incompatible.
          Type 'string' is not assignable to type 'Date'.
src/pages/Dashboard/MainViewTab/RespondedThreads/RespondedThreads.test.tsx(132,43): error TS2322: Type '{ _id: string; firstname: string; lastname: string; applications: { _id: string; decided: string; programId: { _id: string; school: string; program_name: string; }; doc_modification_thread: { _id: string; isFinalVersion: boolean; latest_message_left_by_id: string; updatedAt: string; doc_thread_id: { ...; }; }[]; }[]...' is not assignable to type 'IStudentResponseDef'.
  Types of property 'generaldocs_threads' are incompatible.
    Type '{ isFinalVersion: boolean; latest_message_left_by_id: string; updatedAt: string; doc_thread_id: { _id: string; file_type: string; }; }[]' is not assignable to type '{ updatedAt?: Date | undefined; isFinalVersion?: boolean | undefined; latest_message_left_by_id?: string | undefined; doc_thread_id?: string | undefined; createdAt?: Date | undefined; }[]'.
      Type '{ isFinalVersion: boolean; latest_message_left_by_id: string; updatedAt: string; doc_thread_id: { _id: string; file_type: string; }; }' is not assignable to type '{ updatedAt?: Date | undefined; isFinalVersion?: boolean | undefined; latest_message_left_by_id?: string | undefined; doc_thread_id?: string | undefined; createdAt?: Date | undefined; }'.
        Types of property 'updatedAt' are incompatible.
          Type 'string' is not assignable to type 'Date'.
src/pages/Dashboard/MainViewTab/RespondedThreads/RespondedThreads.tsx(79,45): error TS2352: Conversion of type 'string | undefined' to type '{ _id: string; student_id: string; file_type: string; updatedAt?: Date | undefined; isFinalVersion?: boolean | undefined; program_id?: string | undefined; application_id?: string | undefined; ... 6 more ...; essayReviewerIds?: string[] | undefined; }' may be a mistake because neither type sufficiently overlaps with the other. If this was intentional, convert the expression to 'unknown' first.
  Type 'string' is not comparable to type '{ _id: string; student_id: string; file_type: string; updatedAt?: Date | undefined; isFinalVersion?: boolean | undefined; program_id?: string | undefined; application_id?: string | undefined; ... 6 more ...; essayReviewerIds?: string[] | undefined; }'.
src/pages/Dashboard/MainViewTab/RespondedThreads/RespondedThreads.tsx(86,45): error TS2352: Conversion of type 'string | undefined' to type '{ _id: string; student_id: string; file_type: string; updatedAt?: Date | undefined; isFinalVersion?: boolean | undefined; program_id?: string | undefined; application_id?: string | undefined; ... 6 more ...; essayReviewerIds?: string[] | undefined; }' may be a mistake because neither type sufficiently overlaps with the other. If this was intentional, convert the expression to 'unknown' first.
  Type 'string' is not comparable to type '{ _id: string; student_id: string; file_type: string; updatedAt?: Date | undefined; isFinalVersion?: boolean | undefined; program_id?: string | undefined; application_id?: string | undefined; ... 6 more ...; essayReviewerIds?: string[] | undefined; }'.
src/pages/Dashboard/MainViewTab/RespondedThreads/RespondedThreads.tsx(93,46): error TS2345: Argument of type 'Date | undefined' is not assignable to parameter of type 'string | number | Date'.
  Type 'undefined' is not assignable to type 'string | number | Date'.
src/pages/Dashboard/MainViewTab/RespondedThreads/RespondedThreads.tsx(113,86): error TS2339: Property 'file_type' does not exist on type 'string'.
src/pages/Dashboard/MainViewTab/RespondedThreads/RespondedThreads.tsx(116,69): error TS2339: Property '_id' does not exist on type 'string'.
src/pages/Dashboard/MainViewTab/RespondedThreads/RespondedThreads.tsx(125,45): error TS2345: Argument of type 'Date | undefined' is not assignable to parameter of type 'string | number | Date'.
  Type 'undefined' is not assignable to type 'string | number | Date'.
src/pages/Dashboard/MainViewTab/StudDocsOverview/EditAttributesSubpage.tsx(82,26): error TS2345: Argument of type '(prevState: { updateAttributesList: { name: string; value: number; }[] | undefined; }) => { updateAttributesList: unknown; }' is not assignable to parameter of type 'SetStateAction<{ updateAttributesList: { name: string; value: number; }[] | undefined; }>'.
  Type '(prevState: { updateAttributesList: { name: string; value: number; }[] | undefined; }) => { updateAttributesList: unknown; }' is not assignable to type '(prevState: { updateAttributesList: { name: string; value: number; }[] | undefined; }) => { updateAttributesList: { name: string; value: number; }[] | undefined; }'.
    Call signature return types '{ updateAttributesList: unknown; }' and '{ updateAttributesList: { name: string; value: number; }[] | undefined; }' are incompatible.
      The types of 'updateAttributesList' are incompatible between these types.
        Type 'unknown' is not assignable to type '{ name: string; value: number; }[] | undefined'.
src/pages/Dashboard/MainViewTab/StudDocsOverview/EditAttributesSubpage.tsx(95,21): error TS2322: Type '{ name: string; value: number; }[] | undefined' is not assignable to type 'IUserAttribute[]'.
  Type 'undefined' is not assignable to type 'IUserAttribute[]'.
src/pages/Dashboard/MainViewTab/StudDocsOverview/EditAttributesSubpage.tsx(100,13): error TS2322: Type '(e: React.MouseEvent<HTMLElement>) => void' is not assignable to type '() => void'.
  Target signature provides too few arguments. Expected 1 or more, but got 0.
src/pages/Dashboard/MainViewTab/StudentsAgentEditor/StudentsAgentEditor.tsx(169,31): error TS2345: Argument of type 'SyntheticEvent<Element, Event>' is not assignable to parameter of type 'FormEvent<HTMLFormElement>'.
  Types of property 'currentTarget' are incompatible.
    Type 'EventTarget & Element' is not assignable to type 'EventTarget & HTMLFormElement'.
      Type 'EventTarget & Element' is missing the following properties from type 'HTMLFormElement': acceptCharset, action, autocomplete, elements, and 148 more.
src/pages/Dashboard/MainViewTab/StudentsAgentEditor/StudentsAgentEditor.tsx(179,32): error TS2345: Argument of type 'SyntheticEvent<Element, Event>' is not assignable to parameter of type 'FormEvent<HTMLFormElement>'.
  Types of property 'currentTarget' are incompatible.
    Type 'EventTarget & Element' is not assignable to type 'EventTarget & HTMLFormElement'.
      Type 'EventTarget & Element' is missing the following properties from type 'HTMLFormElement': acceptCharset, action, autocomplete, elements, and 148 more.
src/pages/Dashboard/MainViewTab/StudentsAgentEditor/StudentsAgentEditor.tsx(248,37): error TS2345: Argument of type '{ _id: string; needEditor?: boolean | undefined; applying_program_count?: number | undefined; attributes?: { name: string; value: number; }[] | undefined; profile?: { name: string; required: boolean; updatedAt?: Date | undefined; path?: string | undefined; status?: string | undefined; feedback?: string | undefined; ...' is not assignable to parameter of type 'IUser'.
  Type 'null' is not assignable to type 'IUser'.
src/pages/Dashboard/MainViewTab/StudentsAgentEditor/StudentsAgentEditor.tsx(248,47): error TS2304: Cannot find name 'props'.
src/pages/Dashboard/MainViewTab/StudentsAgentEditor/StudentsAgentEditor.tsx(327,39): error TS2769: No overload matches this call.
  Overload 1 of 2, '(props: { component: ElementType<any, keyof IntrinsicElements>; } & ChipOwnProps & CommonProps & Omit<any, "label" | ... 15 more ... | "skipFocusWhenDisabled">): Element | null', gave the following error.
    Type 'number | OverridableStringUnion<"warning" | "error" | "primary" | "secondary" | "info" | "success" | "default", ChipPropsColorOverrides> | ... 34 more ... | undefined' is not assignable to type 'OverridableStringUnion<"warning" | "error" | "primary" | "secondary" | "info" | "success" | "default", ChipPropsColorOverrides> | undefined'.
      Type 'number' is not assignable to type 'OverridableStringUnion<"warning" | "error" | "primary" | "secondary" | "info" | "success" | "default", ChipPropsColorOverrides> | undefined'.
  Overload 2 of 2, '(props: DefaultComponentProps<ChipTypeMap<{}, "div">>): Element | null', gave the following error.
    Type 'number | OverridableStringUnion<"warning" | "error" | "primary" | "secondary" | "info" | "success" | "default", ChipPropsColorOverrides> | ... 34 more ... | undefined' is not assignable to type 'OverridableStringUnion<"warning" | "error" | "primary" | "secondary" | "info" | "success" | "default", ChipPropsColorOverrides> | undefined'.
      Type 'number' is not assignable to type 'OverridableStringUnion<"warning" | "error" | "primary" | "secondary" | "info" | "success" | "default", ChipPropsColorOverrides> | undefined'.
src/pages/Dashboard/MainViewTab/StudentsAgentEditor/StudentsAgentEditor.tsx(332,62): error TS2339: Property '_id' does not exist on type '{ name: string; value: number; }'.
src/pages/Dashboard/MainViewTab/StudentsAgentEditor/StudentsAgentEditor.tsx(441,29): error TS2322: Type '(e: React.FormEvent<HTMLFormElement>, updateAttributesList: unknown, student_id: string) => void' is not assignable to type '(e: MouseEvent<HTMLElement, MouseEvent>, updateAttributesList: unknown, student_id: string) => void'.
  Types of parameters 'e' and 'e' are incompatible.
    Type 'MouseEvent<HTMLElement, MouseEvent>' is not assignable to type 'FormEvent<HTMLFormElement>'.
      Types of property 'currentTarget' are incompatible.
        Type 'EventTarget & HTMLElement' is not assignable to type 'EventTarget & HTMLFormElement'.
          Type 'EventTarget & HTMLElement' is missing the following properties from type 'HTMLFormElement': acceptCharset, action, autocomplete, elements, and 15 more.
src/pages/Dashboard/MainViewTab/StudentTasks/studentTasks.test.ts(88,13): error TS2698: Spread types may only be created from object types.
src/pages/Dashboard/MainViewTab/StudentTasks/studentTasks.test.ts(105,13): error TS2698: Spread types may only be created from object types.
src/pages/Dashboard/MainViewTab/StudentTasks/studentTasks.test.ts(121,13): error TS2698: Spread types may only be created from object types.
src/pages/Documentation/DocPageView.test.tsx(27,14): error TS2741: Property 'category' is missing in type '{ editorState: { blocks: never[]; time: number; version: string; }; handleClickEditToggle: () => undefined; handleClickSave: () => undefined; author: string; }' but required in type 'DocPageViewProps'.
src/pages/Documentation/DocPageView.test.tsx(39,14): error TS2741: Property 'category' is missing in type '{ editorState: { blocks: never[]; time: number; version: string; }; handleClickEditToggle: () => undefined; handleClickSave: () => undefined; author: string; }' but required in type 'DocPageViewProps'.
src/pages/Documentation/DocPageView.test.tsx(53,14): error TS2741: Property 'category' is missing in type '{ editorState: { blocks: never[]; time: number; version: string; }; handleClickEditToggle: () => undefined; handleClickSave: () => undefined; author: string; }' but required in type 'DocPageViewProps'.
src/pages/Documentation/DocPageView.tsx(30,35): error TS2345: Argument of type '{ _id: string; needEditor?: boolean | undefined; applying_program_count?: number | undefined; attributes?: { name: string; value: number; }[] | undefined; profile?: { name: string; required: boolean; updatedAt?: Date | undefined; path?: string | undefined; status?: string | undefined; feedback?: string | undefined; ...' is not assignable to parameter of type 'IUser'.
  Type 'null' is not assignable to type 'IUser'.
src/pages/Documentation/DocPageView.tsx(33,56): error TS2345: Argument of type 'number | undefined' is not assignable to parameter of type 'string | number | Date'.
  Type 'undefined' is not assignable to type 'string | number | Date'.
src/pages/Documentation/DocPageView.tsx(40,35): error TS2345: Argument of type '{ _id: string; needEditor?: boolean | undefined; applying_program_count?: number | undefined; attributes?: { name: string; value: number; }[] | undefined; profile?: { name: string; required: boolean; updatedAt?: Date | undefined; path?: string | undefined; status?: string | undefined; feedback?: string | undefined; ...' is not assignable to parameter of type 'IUser'.
  Type 'null' is not assignable to type 'IUser'.
src/pages/Documentation/DocumentsListItems.tsx(22,30): error TS2345: Argument of type '{ _id: string; needEditor?: boolean | undefined; applying_program_count?: number | undefined; attributes?: { name: string; value: number; }[] | undefined; profile?: { name: string; required: boolean; updatedAt?: Date | undefined; path?: string | undefined; status?: string | undefined; feedback?: string | undefined; ...' is not assignable to parameter of type 'IUser'.
  Type 'null' is not assignable to type 'IUser'.
src/pages/Documentation/DocumentsListItems.tsx(23,18): error TS2769: No overload matches this call.
  Overload 1 of 2, '(props: { component: ElementType<any, keyof IntrinsicElements>; } & SvgIconOwnProps & CommonProps & Omit<any, "style" | ... 10 more ... | "viewBox">): Element | null', gave the following error.
    Property 'component' is missing in type '{ fontSize: "small"; onClick: () => void; style: { cursor: "pointer"; }; title: string; }' but required in type '{ component: ElementType<any, keyof IntrinsicElements>; }'.
  Overload 2 of 2, '(props: DefaultComponentProps<SvgIconTypeMap<{}, "svg">>): Element | null', gave the following error.
    Type '{ fontSize: "small"; onClick: () => void; style: { cursor: "pointer"; }; title: string; }' is not assignable to type 'IntrinsicAttributes & SvgIconOwnProps & CommonProps & Omit<Omit<SVGProps<SVGSVGElement>, "ref"> & { ...; }, "style" | ... 10 more ... | "viewBox">'.
      Property 'title' does not exist on type 'IntrinsicAttributes & SvgIconOwnProps & CommonProps & Omit<Omit<SVGProps<SVGSVGElement>, "ref"> & { ...; }, "style" | ... 10 more ... | "viewBox">'.
src/pages/Documentation/DocumentsListItemsEditor.test.tsx(28,14): error TS2741: Property 'category' is missing in type '{ doc_title: string; handleClickEditToggle: () => undefined; handleClickSave: () => undefined; }' but required in type 'EditorNewProps'.
src/pages/Documentation/internal_index.tsx(42,36): error TS18048: 'data' is possibly 'undefined'.
src/pages/Documentation/internal_index.tsx(43,25): error TS18048: 'data' is possibly 'undefined'.
src/pages/Documentation/internal_index.tsx(44,57): error TS18048: 'data' is possibly 'undefined'.
src/pages/Documentation/internal_index.tsx(49,46): error TS2345: Argument of type '(prevState: { error: string; isLoaded: boolean; success: boolean; editorState: { time: number; blocks: never[]; }; isEdit: boolean; author: string; res_status: number; res_modal_message: string; res_modal_status: number; }) => { ...; }' is not assignable to parameter of type 'SetStateAction<{ error: string; isLoaded: boolean; success: boolean; editorState: { time: number; blocks: never[]; }; isEdit: boolean; author: string; res_status: number; res_modal_message: string; res_modal_status: number; }>'.
  Type '(prevState: { error: string; isLoaded: boolean; success: boolean; editorState: { time: number; blocks: never[]; }; isEdit: boolean; author: string; res_status: number; res_modal_message: string; res_modal_status: number; }) => { ...; }' is not assignable to type '(prevState: { error: string; isLoaded: boolean; success: boolean; editorState: { time: number; blocks: never[]; }; isEdit: boolean; author: string; res_status: number; res_modal_message: string; res_modal_status: number; }) => { ...; }'. Two different types with this name exist, but they are unrelated.
    Call signature return types '{ isLoaded: true; editorState: any; author: string | undefined; success: true; res_status: number; error: string; isEdit: boolean; res_modal_message: string; res_modal_status: number; }' and '{ error: string; isLoaded: boolean; success: boolean; editorState: { time: number; blocks: never[]; }; isEdit: boolean; author: string; res_status: number; res_modal_message: string; res_modal_status: number; }' are incompatible.
      The types of 'author' are incompatible between these types.
        Type 'string | undefined' is not assignable to type 'string'.
          Type 'undefined' is not assignable to type 'string'.
src/pages/Documentation/internal_index.tsx(100,46): error TS2345: Argument of type '(prevState: { error: string; isLoaded: boolean; success: boolean; editorState: { time: number; blocks: never[]; }; isEdit: boolean; author: string; res_status: number; res_modal_message: string; res_modal_status: number; }) => { ...; }' is not assignable to parameter of type 'SetStateAction<{ error: string; isLoaded: boolean; success: boolean; editorState: { time: number; blocks: never[]; }; isEdit: boolean; author: string; res_status: number; res_modal_message: string; res_modal_status: number; }>'.
  Type '(prevState: { error: string; isLoaded: boolean; success: boolean; editorState: { time: number; blocks: never[]; }; isEdit: boolean; author: string; res_status: number; res_modal_message: string; res_modal_status: number; }) => { ...; }' is not assignable to type '(prevState: { error: string; isLoaded: boolean; success: boolean; editorState: { time: number; blocks: never[]; }; isEdit: boolean; author: string; res_status: number; res_modal_message: string; res_modal_status: number; }) => { ...; }'. Two different types with this name exist, but they are unrelated.
    Call signature return types '{ success: true; document_title: string | undefined; editorState: OutputData; isEdit: boolean; author: string | undefined; isLoaded: true; res_modal_status: number; error: string; res_status: number; res_modal_message: string; }' and '{ error: string; isLoaded: boolean; success: boolean; editorState: { time: number; blocks: never[]; }; isEdit: boolean; author: string; res_status: number; res_modal_message: string; res_modal_status: number; }' are incompatible.
      The types of 'editorState.time' are incompatible between these types.
        Type 'number | undefined' is not assignable to type 'number'.
          Type 'undefined' is not assignable to type 'number'.
src/pages/Documentation/internal_index.tsx(103,41): error TS18048: 'data' is possibly 'undefined'.
src/pages/Documentation/internal_index.tsx(106,33): error TS18048: 'data' is possibly 'undefined'.
src/pages/Documentation/internal_index.tsx(112,46): error TS2345: Argument of type '(prevState: { error: string; isLoaded: boolean; success: boolean; editorState: { time: number; blocks: never[]; }; isEdit: boolean; author: string; res_status: number; res_modal_message: string; res_modal_status: number; }) => { ...; }' is not assignable to parameter of type 'SetStateAction<{ error: string; isLoaded: boolean; success: boolean; editorState: { time: number; blocks: never[]; }; isEdit: boolean; author: string; res_status: number; res_modal_message: string; res_modal_status: number; }>'.
  Type '(prevState: { error: string; isLoaded: boolean; success: boolean; editorState: { time: number; blocks: never[]; }; isEdit: boolean; author: string; res_status: number; res_modal_message: string; res_modal_status: number; }) => { ...; }' is not assignable to type '(prevState: { error: string; isLoaded: boolean; success: boolean; editorState: { time: number; blocks: never[]; }; isEdit: boolean; author: string; res_status: number; res_modal_message: string; res_modal_status: number; }) => { ...; }'. Two different types with this name exist, but they are unrelated.
    Call signature return types '{ isLoaded: true; res_modal_message: string | undefined; res_modal_status: number; error: string; success: boolean; editorState: { time: number; blocks: never[]; }; isEdit: boolean; author: string; res_status: number; }' and '{ error: string; isLoaded: boolean; success: boolean; editorState: { time: number; blocks: never[]; }; isEdit: boolean; author: string; res_status: number; res_modal_message: string; res_modal_status: number; }' are incompatible.
      The types of 'res_modal_message' are incompatible between these types.
        Type 'string | undefined' is not assignable to type 'string'.
          Type 'undefined' is not assignable to type 'string'.
src/pages/Documentation/internal_index.tsx(144,25): error TS2345: Argument of type '{ _id: string; needEditor?: boolean | undefined; applying_program_count?: number | undefined; attributes?: { name: string; value: number; }[] | undefined; profile?: { name: string; required: boolean; updatedAt?: Date | undefined; path?: string | undefined; status?: string | undefined; feedback?: string | undefined; ...' is not assignable to parameter of type 'IUser'.
  Type 'null' is not assignable to type 'IUser'.
src/pages/Documentation/internal_index.tsx(179,59): error TS2339: Property 'document_title' does not exist on type '{ error: string; isLoaded: boolean; success: boolean; editorState: { time: number; blocks: never[]; }; isEdit: boolean; author: string; res_status: number; res_modal_message: string; res_modal_status: number; }'.
src/pages/Documentation/internal_index.tsx(185,18): error TS2739: Type '{ author: string; editorState: { time: number; blocks: never[]; }; handleClickEditToggle: () => void; }' is missing the following properties from type 'DocPageViewProps': category, handleClickSave
src/pages/Documentation/SingleDoc.tsx(51,26): error TS2345: Argument of type 'string | undefined' is not assignable to parameter of type 'string'.
  Type 'undefined' is not assignable to type 'string'.
src/pages/Documentation/SingleDoc.tsx(120,29): error TS2345: Argument of type 'string | undefined' is not assignable to parameter of type 'string'.
  Type 'undefined' is not assignable to type 'string'.
src/pages/Documentation/SingleDoc.tsx(128,41): error TS18048: 'data' is possibly 'undefined'.
src/pages/Documentation/SingleDoc.tsx(131,33): error TS18048: 'data' is possibly 'undefined'.
src/pages/Documentation/SingleDoc.tsx(137,39): error TS2345: Argument of type '(prevState: SingleDocState) => { isLoaded: true; res_modal_message: string | undefined; res_modal_status: number; error: string; author: string; success: boolean; editorState: OutputData | null; isEdit: boolean; res_status: number; document_title: string; category: string; }' is not assignable to parameter of type 'SetStateAction<SingleDocState>'.
  Type '(prevState: SingleDocState) => { isLoaded: true; res_modal_message: string | undefined; res_modal_status: number; error: string; author: string; success: boolean; editorState: OutputData | null; isEdit: boolean; res_status: number; document_title: string; category: string; }' is not assignable to type '(prevState: SingleDocState) => SingleDocState'.
    Call signature return types '{ isLoaded: true; res_modal_message: string | undefined; res_modal_status: number; error: string; author: string; success: boolean; editorState: OutputData | null; isEdit: boolean; res_status: number; document_title: string; category: string; }' and 'SingleDocState' are incompatible.
      The types of 'res_modal_message' are incompatible between these types.
        Type 'string | undefined' is not assignable to type 'string'.
          Type 'undefined' is not assignable to type 'string'.
src/pages/Documentation/SingleDocEdit.tsx(55,31): error TS2698: Spread types may only be created from object types.
src/pages/Documentation/SingleDocEdit.tsx(65,32): error TS2698: Spread types may only be created from object types.
src/pages/Documentation/SingleDocEdit.tsx(99,68): error TS2345: Argument of type 'SelectChangeEvent<string>' is not assignable to parameter of type 'ChangeEvent<HTMLInputElement>'.
  Type 'Event & { target: { value: string; name: string; }; }' is missing the following properties from type 'ChangeEvent<HTMLInputElement>': nativeEvent, isDefaultPrevented, isPropagationStopped, persist
src/pages/Documentation/SingleDocEdit.tsx(124,68): error TS2345: Argument of type 'SelectChangeEvent<string>' is not assignable to parameter of type 'ChangeEvent<HTMLInputElement>'.
  Type 'Event & { target: { value: string; name: string; }; }' is missing the following properties from type 'ChangeEvent<HTMLInputElement>': nativeEvent, isDefaultPrevented, isPropagationStopped, persist
src/pages/Documentation/SingleDocEdit.tsx(143,47): error TS2345: Argument of type 'ChangeEvent<HTMLInputElement | HTMLTextAreaElement>' is not assignable to parameter of type 'ChangeEvent<HTMLInputElement>'.
  Type 'HTMLInputElement | HTMLTextAreaElement' is not assignable to type 'HTMLInputElement'.
    Type 'HTMLTextAreaElement' is missing the following properties from type 'HTMLInputElement': accept, align, alt, capture, and 29 more.
src/pages/Documentation/SingleDocEdit.tsx(152,17): error TS2322: Type '(e: React.MouseEvent<HTMLElement>, editorState: unknown) => void' is not assignable to type '(e: MouseEvent<Element, MouseEvent>, editorState: OutputData) => void'.
  Types of parameters 'e' and 'e' are incompatible.
    Type 'MouseEvent<Element, MouseEvent>' is not assignable to type 'MouseEvent<HTMLElement, MouseEvent>'.
      Type 'Element' is missing the following properties from type 'HTMLElement': accessKey, accessKeyLabel, autocapitalize, autocorrect, and 129 more.
src/pages/Documentation/SingleInternalDoc.tsx(50,34): error TS2345: Argument of type 'string | undefined' is not assignable to parameter of type 'string'.
  Type 'undefined' is not assignable to type 'string'.
src/pages/Documentation/SingleInternalDoc.tsx(117,41): error TS2345: Argument of type 'string | undefined' is not assignable to parameter of type 'string'.
  Type 'undefined' is not assignable to type 'string'.
src/pages/Documentation/SingleInternalDoc.tsx(125,37): error TS18048: 'data' is possibly 'undefined'.
src/pages/Documentation/SingleInternalDoc.tsx(128,29): error TS18048: 'data' is possibly 'undefined'.
src/pages/Documentation/SingleInternalDoc.tsx(170,25): error TS2345: Argument of type '{ _id: string; needEditor?: boolean | undefined; applying_program_count?: number | undefined; attributes?: { name: string; value: number; }[] | undefined; profile?: { name: string; required: boolean; updatedAt?: Date | undefined; path?: string | undefined; status?: string | undefined; feedback?: string | undefined; ...' is not assignable to parameter of type 'IUser'.
  Type 'null' is not assignable to type 'IUser'.
src/pages/DownloadCenter/EditDownloadFiles.tsx(29,12): error TS2304: Cannot find name 'ChangeEvent'.
src/pages/DownloadCenter/EditDownloadFiles.tsx(41,9): error TS7053: Element implicitly has an 'any' type because expression of type 'string' can't be used to index type '{}'.
  No index signature with a parameter of type 'string' was found on type '{}'.
src/pages/DownloadCenter/EditDownloadFiles.tsx(44,9): error TS7053: Element implicitly has an 'any' type because expression of type 'string' can't be used to index type '{}'.
  No index signature with a parameter of type 'string' was found on type '{}'.
src/pages/DownloadCenter/EditDownloadFiles.tsx(51,38): error TS2345: Argument of type '{ _id: string; needEditor?: boolean | undefined; applying_program_count?: number | undefined; attributes?: { name: string; value: number; }[] | undefined; profile?: { name: string; required: boolean; updatedAt?: Date | undefined; path?: string | undefined; status?: string | undefined; feedback?: string | undefined; ...' is not assignable to parameter of type 'IUser'.
  Type 'null' is not assignable to type 'IUser'.
src/pages/DownloadCenter/EditDownloadFiles.tsx(53,30): error TS7053: Element implicitly has an 'any' type because expression of type 'string' can't be used to index type '{}'.
  No index signature with a parameter of type 'string' was found on type '{}'.
src/pages/DownloadCenter/EditDownloadFiles.tsx(86,22): error TS7053: Element implicitly has an 'any' type because expression of type 'string' can't be used to index type '{}'.
  No index signature with a parameter of type 'string' was found on type '{}'.
src/pages/DownloadCenter/EditDownloadFiles.tsx(103,41): error TS2345: Argument of type '{ _id: string; needEditor?: boolean | undefined; applying_program_count?: number | undefined; attributes?: { name: string; value: number; }[] | undefined; profile?: { name: string; required: boolean; updatedAt?: Date | undefined; path?: string | undefined; status?: string | undefined; feedback?: string | undefined; ...' is not assignable to parameter of type 'IUser'.
  Type 'null' is not assignable to type 'IUser'.
src/pages/DownloadCenter/EditDownloadFiles.tsx(106,56): error TS2345: Argument of type 'MouseEvent<HTMLButtonElement, MouseEvent>' is not assignable to parameter of type 'FormEvent<HTMLFormElement>'.
  Types of property 'currentTarget' are incompatible.
    Type 'EventTarget & HTMLButtonElement' is not assignable to type 'EventTarget & HTMLFormElement'.
      Type 'EventTarget & HTMLButtonElement' is missing the following properties from type 'HTMLFormElement': acceptCharset, action, autocomplete, elements, and 12 more.
src/pages/EssayDashboard/EssayDashboardPaginated.tsx(59,5): error TS2322: Type '"no_writer"' is not assignable to type 'ThreadCategory'.
src/pages/EssayDashboard/EssayDashboardPaginated.tsx(60,5): error TS2322: Type '"new_message"' is not assignable to type 'ThreadCategory'.
src/pages/EssayDashboard/EssayDashboardPaginated.tsx(61,5): error TS2322: Type '"fav"' is not assignable to type 'ThreadCategory'.
src/pages/EssayDashboard/EssayDashboardPaginated.tsx(62,5): error TS2322: Type '"followup"' is not assignable to type 'ThreadCategory'.
src/pages/EssayDashboard/EssayDashboardPaginated.tsx(63,5): error TS2820: Type '"pending_progress"' is not assignable to type 'ThreadCategory'. Did you mean '"in_progress"'?
src/pages/EssayDashboard/EssayDashboardPaginated.tsx(519,29): error TS2322: Type 'Record<string, unknown>[]' is not assignable to type 'OpenTaskRow[]'.
  Property 'id' is missing in type 'Record<string, unknown>' but required in type 'OpenTaskRow'.
src/pages/EssayDashboard/index.tsx(16,25): error TS2345: Argument of type '{ _id: string; needEditor?: boolean | undefined; applying_program_count?: number | undefined; attributes?: { name: string; value: number; }[] | undefined; profile?: { name: string; required: boolean; updatedAt?: Date | undefined; path?: string | undefined; status?: string | undefined; feedback?: string | undefined; ...' is not assignable to parameter of type 'IUser'.
  Type 'null' is not assignable to type 'IUser'.
src/pages/InterviewTraining/AddInterview.tsx(172,42): error TS2345: Argument of type '(prevState: AddInterviewState) => { isLoaded: true; isSubmitting: false; res_modal_message: string | undefined; res_modal_status: number; error: unknown; data: null; success: boolean; ... 8 more ...; in_edit_mode?: boolean | undefined; }' is not assignable to parameter of type 'SetStateAction<AddInterviewState>'.
  Type '(prevState: AddInterviewState) => { isLoaded: true; isSubmitting: false; res_modal_message: string | undefined; res_modal_status: number; error: unknown; data: null; success: boolean; ... 8 more ...; in_edit_mode?: boolean | undefined; }' is not assignable to type '(prevState: AddInterviewState) => AddInterviewState'.
    Call signature return types '{ isLoaded: true; isSubmitting: false; res_modal_message: string | undefined; res_modal_status: number; error: unknown; data: null; success: boolean; interviewslist: { _id: string; student_id?: string | undefined; ... 10 more ...; isClosed?: boolean | undefined; }[] | undefined; ... 7 more ...; in_edit_mode?: boolea...' and 'AddInterviewState' are incompatible.
      The types of 'res_modal_message' are incompatible between these types.
        Type 'string | undefined' is not assignable to type 'string'.
          Type 'undefined' is not assignable to type 'string'.
src/pages/InterviewTraining/AddInterview.tsx(200,26): error TS18048: 'interviewTrainingState.students' is possibly 'undefined'.
src/pages/InterviewTraining/AddInterview.tsx(241,5): error TS2322: Type '{ key: string; value: string; }[] | undefined' is not assignable to type 'any[]'.
  Type 'undefined' is not assignable to type 'any[]'.
src/pages/InterviewTraining/AddInterview.tsx(241,44): error TS18048: 'student.applications' is possibly 'undefined'.
src/pages/InterviewTraining/AddInterview.tsx(248,18): error TS18048: 'interviewslist' is possibly 'undefined'.
src/pages/InterviewTraining/components/InterviewMetadataSidebar.test.tsx(109,14): error TS2322: Type '{ interview: { _id: { toString: () => string; }; isClosed: boolean; trainer_id: never[]; student_id: { _id: { toString: () => string; }; firstname: string; lastname: string; email: string; pictureUrl: string; }; program_id: { ...; }; event_id: null; interview_date: null; interviewer: string; interview_description: n...' is not assignable to type 'InterviewMetadataSidebarProps'.
  The types of 'interview._id' are incompatible between these types.
    Type '{ toString: () => string; }' is not assignable to type 'string'.
src/pages/InterviewTraining/components/InterviewMetadataSidebar.test.tsx(163,39): error TS2322: Type '{ trainer_id: { _id: { toString: () => string; }; firstname: string; lastname: string; pictureUrl: string; }[]; _id: { toString: () => string; }; isClosed: boolean; student_id: { _id: { toString: () => string; }; firstname: string; lastname: string; email: string; pictureUrl: string; }; ... 4 more ...; interview_des...' is not assignable to type '{ _id: { toString: () => string; }; isClosed: boolean; trainer_id: never[]; student_id: { _id: { toString: () => string; }; firstname: string; lastname: string; email: string; pictureUrl: string; }; program_id: { _id: { toString: () => string; }; school: string; program_name: string; degree: string; semester: string...'.
  Types of property 'trainer_id' are incompatible.
    Type '{ _id: { toString: () => string; }; firstname: string; lastname: string; pictureUrl: string; }[]' is not assignable to type 'never[]'.
      Type '{ _id: { toString: () => string; }; firstname: string; lastname: string; pictureUrl: string; }' is not assignable to type 'never'.
src/pages/InterviewTraining/components/InterviewMetadataSidebar.test.tsx(195,39): error TS2322: Type '{ event_id: { _id: string; meetingLink: string; start: string; }; _id: { toString: () => string; }; isClosed: boolean; trainer_id: never[]; student_id: { _id: { toString: () => string; }; firstname: string; lastname: string; email: string; pictureUrl: string; }; program_id: { ...; }; interview_date: null; interviewe...' is not assignable to type '{ _id: { toString: () => string; }; isClosed: boolean; trainer_id: never[]; student_id: { _id: { toString: () => string; }; firstname: string; lastname: string; email: string; pictureUrl: string; }; program_id: { _id: { toString: () => string; }; school: string; program_name: string; degree: string; semester: string...'.
  Types of property 'event_id' are incompatible.
    Type '{ _id: string; meetingLink: string; start: string; }' is not assignable to type 'null'.
src/pages/InterviewTraining/components/InterviewMetadataSidebar.tsx(310,17): error TS2322: Type 'string | undefined' is not assignable to type 'string'.
  Type 'undefined' is not assignable to type 'string'.
src/pages/InterviewTraining/components/InterviewMetadataSidebar.tsx(380,21): error TS2322: Type 'string | undefined' is not assignable to type 'string'.
  Type 'undefined' is not assignable to type 'string'.
src/pages/InterviewTraining/components/InterviewMetadataSidebar.tsx(435,21): error TS18048: 'interview_updated' is possibly 'undefined'.
src/pages/InterviewTraining/components/InterviewMetadataSidebar.tsx(436,21): error TS18048: 'interview_updated' is possibly 'undefined'.
src/pages/InterviewTraining/components/InterviewMetadataSidebar.tsx(437,38): error TS18048: 'interview_updated' is possibly 'undefined'.
src/pages/InterviewTraining/components/InterviewMetadataSidebar.tsx(440,31): error TS2352: Conversion of type '{ interview_description: any; _id?: string | undefined; student_id?: string | undefined; program_id?: string | undefined; end?: Date | undefined; start?: Date | undefined; trainer_id?: string[] | undefined; ... 5 more ...; isClosed?: boolean | undefined; }' to type 'Omit<IInterviewPopulated, "interview_description"> & { interview_description: OutputData; }' may be a mistake because neither type sufficiently overlaps with the other. If this was intentional, convert the expression to 'unknown' first.
  Type '{ interview_description: any; _id?: string | undefined; student_id?: string | undefined; program_id?: string | undefined; end?: Date | undefined; start?: Date | undefined; trainer_id?: string[] | undefined; ... 5 more ...; isClosed?: boolean | undefined; }' is not comparable to type 'Omit<IInterviewPopulated, "interview_description">'.
    Types of property 'program_id' are incompatible.
      Type 'string | undefined' is not comparable to type '{ school: string; program_name: string; _id: string; isArchiv?: boolean | undefined; isLocked?: boolean | undefined; programSubjects?: string[] | undefined; degree?: string | undefined; ... 71 more ...; vcId?: string | undefined; }'.
        Type 'string' is not comparable to type '{ school: string; program_name: string; _id: string; isArchiv?: boolean | undefined; isLocked?: boolean | undefined; programSubjects?: string[] | undefined; degree?: string | undefined; ... 71 more ...; vcId?: string | undefined; }'.
src/pages/InterviewTraining/components/InterviewMetadataSidebar.tsx(447,17): error TS2322: Type 'string | undefined' is not assignable to type 'string'.
  Type 'undefined' is not assignable to type 'string'.
src/pages/InterviewTraining/components/InterviewMetadataSidebar.tsx(588,69): error TS2345: Argument of type 'string | undefined' is not assignable to parameter of type 'string'.
  Type 'undefined' is not assignable to type 'string'.
src/pages/InterviewTraining/InterviewFeedback.tsx(47,29): error TS2345: Argument of type '{ _id: string; needEditor?: boolean | undefined; applying_program_count?: number | undefined; attributes?: { name: string; value: number; }[] | undefined; profile?: { name: string; required: boolean; updatedAt?: Date | undefined; path?: string | undefined; status?: string | undefined; feedback?: string | undefined; ...' is not assignable to parameter of type 'IUser'.
  Type 'null' is not assignable to type 'IUser'.
src/pages/InterviewTraining/InterviewFeedback.tsx(79,57): error TS2339: Property 'data' does not exist on type '{}'.
src/pages/InterviewTraining/InterviewFeedback.tsx(142,61): error TS2339: Property 'data' does not exist on type '{}'.
src/pages/InterviewTraining/InterviewFeedback.tsx(183,57): error TS2339: Property 'data' does not exist on type '{}'.
src/pages/InterviewTraining/InterviewFeedback.tsx(213,61): error TS2339: Property 'data' does not exist on type '{}'.
src/pages/InterviewTraining/InterviewsTable.tsx(67,40): error TS2559: Type '{ tableHeadCellStyle: { py: number; px: number; '& .MuiInputAdornment-root': { height: number; }; '& .MuiSvgIcon-root': { fontSize: number; }; }; toolbarStyle: { display: string; justifyContent: string; ... 4 more ...; bgcolor: string; }; }' has no properties in common with type '{ tableHeadStyle?: object | undefined; tableBodyRowStyle?: object | undefined; tableContainerStyle?: object | undefined; tablePaperStyle?: object | undefined; tableBottomToolbarStyle?: object | undefined; searchTextFieldStyle?: object | undefined; searchFieldInputStyle?: object | undefined; tableFilterTextFieldStyle...'.
src/pages/InterviewTraining/InterviewsTable.tsx(80,41): error TS2345: Argument of type '{ manualPagination?: true | undefined; manualSorting?: true | undefined; manualFiltering?: true | undefined; rowCount?: number | undefined; onPaginationChange?: ((updater: MRT_Updater<MRT_PaginationState>) => void) | undefined; ... 25 more ...; muiToolbarAlertBannerProps: { ...; } | undefined; }' is not assignable to parameter of type 'MRT_TableOptions<Record<string, unknown>>'.
  Types of property 'muiFilterTextFieldProps' are incompatible.
    Type '{ sx: object | undefined; variant: string; size: string; }' is not assignable to type 'TextFieldProps | ((props: { column: MRT_Column<Record<string, unknown>, unknown>; rangeFilterIndex?: number | undefined; table: MRT_TableInstance<Record<string, unknown>>; }) => TextFieldProps) | undefined'.
      Type '{ sx: object | undefined; variant: string; size: string; }' is not assignable to type 'OutlinedTextFieldProps | FilledTextFieldProps | StandardTextFieldProps | ((props: { column: MRT_Column<Record<string, unknown>, unknown>; rangeFilterIndex?: number | undefined; table: MRT_TableInstance<...>; }) => TextFieldProps)'.
        Type '{ sx: object | undefined; variant: string; size: string; }' is not assignable to type 'StandardTextFieldProps'.
          Types of property 'variant' are incompatible.
            Type 'string' is not assignable to type '"standard"'.
src/pages/InterviewTraining/InterviewsTable.tsx(114,21): error TS2345: Argument of type '{ _id: string; needEditor?: boolean | undefined; applying_program_count?: number | undefined; attributes?: { name: string; value: number; }[] | undefined; profile?: { name: string; required: boolean; updatedAt?: Date | undefined; path?: string | undefined; status?: string | undefined; feedback?: string | undefined; ...' is not assignable to parameter of type 'SetStateAction<never[]>'.
  Type '{ _id: string; needEditor?: boolean | undefined; applying_program_count?: number | undefined; attributes?: { name: string; value: number; }[] | undefined; profile?: { name: string; required: boolean; updatedAt?: Date | undefined; path?: string | undefined; status?: string | undefined; feedback?: string | undefined; ...' is not assignable to type 'never[]'.
    Type '{ _id: string; needEditor?: boolean | undefined; applying_program_count?: number | undefined; attributes?: { name: string; value: number; }[] | undefined; profile?: { name: string; required: boolean; updatedAt?: Date | undefined; path?: string | undefined; status?: string | undefined; feedback?: string | undefined; ...' is not assignable to type 'never'.
src/pages/InterviewTraining/InterviewsTable.tsx(213,17): error TS2322: Type 'Set<unknown>' is not assignable to type 'Set<string>'.
  Type 'unknown' is not assignable to type 'string'.
src/pages/InterviewTraining/SingleInterview.tsx(416,37): error TS2322: Type 'IInterviewPopulatedWithThread' is not assignable to type 'IInterviewPopulated'.
  Types of property 'thread_id' are incompatible.
    Type '(MessageThread & { _id: { toString(): string; }; }) | undefined' is not assignable to type 'string | undefined'.
      Type 'MessageThread & { _id: { toString(): string; }; }' is not assignable to type 'string | undefined'.
src/pages/LearningResources/index.tsx(12,25): error TS2345: Argument of type '{ _id: string; needEditor?: boolean | undefined; applying_program_count?: number | undefined; attributes?: { name: string; value: number; }[] | undefined; profile?: { name: string; required: boolean; updatedAt?: Date | undefined; path?: string | undefined; status?: string | undefined; feedback?: string | undefined; ...' is not assignable to parameter of type 'IUser'.
  Type 'null' is not assignable to type 'IUser'.
src/pages/LearningResources/index.tsx(12,53): error TS2345: Argument of type '{ _id: string; needEditor?: boolean | undefined; applying_program_count?: number | undefined; attributes?: { name: string; value: number; }[] | undefined; profile?: { name: string; required: boolean; updatedAt?: Date | undefined; path?: string | undefined; status?: string | undefined; feedback?: string | undefined; ...' is not assignable to parameter of type 'IUser'.
  Type 'null' is not assignable to type 'IUser'.
src/pages/MyCourses/components/CourseAnalysisComponent.tsx(412,37): error TS2322: Type 'string' is not assignable to type 'number'.
src/pages/MyCourses/components/CourseTable.tsx(44,48): error TS2538: Type 'undefined' cannot be used as an index type.
src/pages/MyCourses/components/EstimationCard.tsx(102,11): error TS7034: Variable 'data' implicitly has type 'any[]' in some locations where its type cannot be determined.
src/pages/MyCourses/components/EstimationCard.tsx(179,18): error TS7005: Variable 'data' implicitly has an 'any[]' type.
src/pages/MyCourses/components/GeneralCourseAnalysisComponent.tsx(70,17): error TS2345: Argument of type 'number | undefined' is not assignable to parameter of type 'number'.
  Type 'undefined' is not assignable to type 'number'.
src/pages/MyCourses/components/GeneralCourseAnalysisComponent.tsx(194,29): error TS2322: Type 'string' is not assignable to type 'number'.
src/pages/MyCourses/components/GeneralCourseAnalysisComponent.tsx(283,38): error TS7053: Element implicitly has an 'any' type because expression of type 'string' can't be used to index type 'ProgramSheet'.
  No index signature with a parameter of type 'string' was found on type 'ProgramSheet'.
src/pages/MyCourses/components/GeneralCourseAnalysisComponent.tsx(286,43): error TS7053: Element implicitly has an 'any' type because expression of type 'string' can't be used to index type 'ProgramSheet'.
  No index signature with a parameter of type 'string' was found on type 'ProgramSheet'.
src/pages/MyCourses/components/ProgramMatchingScores.tsx(348,45): error TS2322: Type 'string' is not assignable to type 'number'.
src/pages/MyCourses/components/ProgramMatchingScores.tsx(360,33): error TS2322: Type '({ field: string; headerName: string; flex: number; minWidth: number; renderCell: (params: GridRenderCellParams<any, any, any, GridTreeNodeWithRender>) => Element; type?: undefined; sortComparator?: undefined; } | { ...; })[]' is not assignable to type 'readonly GridColDef<{ id: number; index: number; programName: string; matchingScore: string; requiredECTS: number; acquiredECTS: number; }>[]'.
  Type '{ field: string; headerName: string; flex: number; minWidth: number; renderCell: (params: GridRenderCellParams<any, any, any, GridTreeNodeWithRender>) => Element; type?: undefined; sortComparator?: undefined; } | { ...; }' is not assignable to type 'GridColDef<{ id: number; index: number; programName: string; matchingScore: string; requiredECTS: number; acquiredECTS: number; }>'.
    Type '{ field: string; headerName: string; flex: number; minWidth: number; type: string; renderCell: (params: GridRenderCellParams) => JSX.Element; sortComparator: (v1: string | number, v2: string | number) => number; }' is not assignable to type 'GridColDef<{ id: number; index: number; programName: string; matchingScore: string; requiredECTS: number; acquiredECTS: number; }>'.
      Type '{ field: string; headerName: string; flex: number; minWidth: number; type: string; renderCell: (params: GridRenderCellParams) => JSX.Element; sortComparator: (v1: string | number, v2: string | number) => number; }' is not assignable to type 'GridSingleSelectColDef<{ id: number; index: number; programName: string; matchingScore: string; requiredECTS: number; acquiredECTS: number; }, any, any>'.
        Types of property 'type' are incompatible.
          Type 'string' is not assignable to type '"singleSelect"'.
src/pages/MyCourses/CourseWidget.tsx(26,29): error TS2345: Argument of type '{ _id: string; needEditor?: boolean | undefined; applying_program_count?: number | undefined; attributes?: { name: string; value: number; }[] | undefined; profile?: { name: string; required: boolean; updatedAt?: Date | undefined; path?: string | undefined; status?: string | undefined; feedback?: string | undefined; ...' is not assignable to parameter of type 'IUser'.
  Type 'null' is not assignable to type 'IUser'.
src/pages/MyCourses/CourseWidgetBody.test.tsx(82,51): error TS2698: Spread types may only be created from object types.
src/pages/MyCourses/CourseWidgetBody.tsx(136,11): error TS2322: Type '{ id: string; program_name: string; lang: string; country: string; attributes: string[] | undefined; updatedAt: string; }[]' is not assignable to type 'ProgramRequirementRow[]'.
  Property '_id' is missing in type '{ id: string; program_name: string; lang: string; country: string; attributes: string[] | undefined; updatedAt: string; }' but required in type 'ProgramRequirementRow'.
src/pages/MyCourses/CourseWidgetBody.tsx(176,30): error TS2345: Argument of type '(state: StateData) => { analysis: { updatedAt?: Date | undefined; path?: string | undefined; analyzed_course?: string[] | undefined; isAnalysed?: boolean | undefined; isAnalysedV2?: boolean | undefined; pathV2?: string | undefined; updatedAtV2?: Date | undefined; } | undefined; ... 10 more ...; res_modal_message: st...' is not assignable to parameter of type 'SetStateAction<StateData>'.
  Type '(state: StateData) => { analysis: { updatedAt?: Date | undefined; path?: string | undefined; analyzed_course?: string[] | undefined; isAnalysed?: boolean | undefined; isAnalysedV2?: boolean | undefined; pathV2?: string | undefined; updatedAtV2?: Date | undefined; } | undefined; ... 10 more ...; res_modal_message: st...' is not assignable to type '(prevState: StateData) => StateData'.
    Call signature return types '{ analysis: { updatedAt?: Date | undefined; path?: string | undefined; analyzed_course?: string[] | undefined; isAnalysed?: boolean | undefined; isAnalysedV2?: boolean | undefined; pathV2?: string | undefined; updatedAtV2?: Date | undefined; } | undefined; ... 10 more ...; res_modal_message: string; }' and 'StateData' are incompatible.
      The types of 'analysis' are incompatible between these types.
        Type '{ updatedAt?: Date | undefined; path?: string | undefined; analyzed_course?: string[] | undefined; isAnalysed?: boolean | undefined; isAnalysedV2?: boolean | undefined; pathV2?: string | undefined; updatedAtV2?: Date | undefined; } | undefined' is not assignable to type '{ isAnalysedV2?: boolean | undefined; } & Record<string, unknown>'.
          Type 'undefined' is not assignable to type '{ isAnalysedV2?: boolean | undefined; } & Record<string, unknown>'.
            Type 'undefined' is not assignable to type '{ isAnalysedV2?: boolean | undefined; }'.
src/pages/MyCourses/CourseWidgetBody.tsx(310,25): error TS2322: Type '(new_data: { course_chinese: string; course_english: string; credits: string; grades: string; }[], _operations: unknown[]) => void' is not assignable to type '(value: Record<string, any>[], operations: Operation[]) => void'.
  Types of parameters 'new_data' and 'value' are incompatible.
    Type 'Record<string, any>[]' is not assignable to type '{ course_chinese: string; course_english: string; credits: string; grades: string; }[]'.
      Type 'Record<string, any>' is missing the following properties from type '{ course_chinese: string; course_english: string; credits: string; grades: string; }': course_chinese, course_english, credits, grades
src/pages/MyCourses/index.tsx(558,28): error TS2352: Conversion of type 'CourseRow[]' to type 'Record<string, unknown>[]' may be a mistake because neither type sufficiently overlaps with the other. If this was intentional, convert the expression to 'unknown' first.
  Type 'CourseRow' is not comparable to type 'Record<string, unknown>'.
    Index signature for type 'string' is missing in type 'CourseRow'.
src/pages/MyCourses/index.tsx(603,32): error TS2352: Conversion of type 'CourseRow[]' to type 'Record<string, unknown>[]' may be a mistake because neither type sufficiently overlaps with the other. If this was intentional, convert the expression to 'unknown' first.
  Type 'CourseRow' is not comparable to type 'Record<string, unknown>'.
    Index signature for type 'string' is missing in type 'CourseRow'.
src/pages/MyCourses/ProgramRequirementsTableWrapper.tsx(43,13): error TS2322: Type '{ program_name: string; lang: string; degree: string; attributes: string; country: string; updatedAt: string; id: string; _id: string; programId: { school: string; program_name: string; _id: string; ... 75 more ...; vcId?: string | undefined; }[]; }[]' is not assignable to type 'ProgramRequirementRow[]'.
  Type '{ program_name: string; lang: string; degree: string; attributes: string; country: string; updatedAt: string; id: string; _id: string; programId: IProgramWithId[]; }' is not assignable to type 'ProgramRequirementRow'.
    Types of property 'attributes' are incompatible.
      Type 'string' is not assignable to type 'string[]'.
src/pages/Notes/index.tsx(85,25): error TS2345: Argument of type '{ _id: string; needEditor?: boolean | undefined; applying_program_count?: number | undefined; attributes?: { name: string; value: number; }[] | undefined; profile?: { name: string; required: boolean; updatedAt?: Date | undefined; path?: string | undefined; status?: string | undefined; feedback?: string | undefined; ...' is not assignable to parameter of type 'IUser'.
  Type 'null' is not assignable to type 'IUser'.
src/pages/Notes/index.tsx(104,17): error TS2322: Type '{ isLoaded: boolean; notes: unknown; student_id: string; user: { _id: string; needEditor?: boolean | undefined; applying_program_count?: number | undefined; attributes?: { name: string; value: number; }[] | undefined; ... 20 more ...; courses?: { ...; } | undefined; } | null; }' is not assignable to type 'IntrinsicAttributes & NotesCardProps'.
  Property 'user' does not exist on type 'IntrinsicAttributes & NotesCardProps'.
src/pages/Notes/NotesCard.tsx(24,9): error TS2322: Type 'unknown' is not assignable to type 'OutputData'.
src/pages/Notes/NotesCard.tsx(40,27): error TS2345: Argument of type '(state: NotesCardState) => { editorState: unknown; buttonDisabled: false; isLoaded: boolean; thread?: unknown; res_modal_status?: number | undefined; res_modal_message?: string | undefined; }' is not assignable to parameter of type 'SetStateAction<NotesCardState>'.
  Type '(state: NotesCardState) => { editorState: unknown; buttonDisabled: false; isLoaded: boolean; thread?: unknown; res_modal_status?: number | undefined; res_modal_message?: string | undefined; }' is not assignable to type '(prevState: NotesCardState) => NotesCardState'.
    Call signature return types '{ editorState: unknown; buttonDisabled: false; isLoaded: boolean; thread?: unknown; res_modal_status?: number | undefined; res_modal_message?: string | undefined; }' and 'NotesCardState' are incompatible.
      The types of 'editorState' are incompatible between these types.
        Type 'unknown' is not assignable to type 'OutputData'.
src/pages/Notes/NotesCard.tsx(55,46): error TS2345: Argument of type 'string' is not assignable to parameter of type 'ApiPayload'.
src/pages/Notes/NotesEditor.test.tsx(27,17): error TS2322: Type '{ editorState: null; handleEditorChange: Mock<Procedure>; notes_id: string; buttonDisabled: boolean; handleClickSave: Mock<Procedure>; }' is not assignable to type 'NotesEditorProps'.
  Types of property 'editorState' are incompatible.
    Type 'null' is not assignable to type 'OutputData'.
src/pages/Notes/NotesEditor.test.tsx(32,17): error TS2322: Type '{ buttonDisabled: true; editorState: null; handleEditorChange: Mock<Procedure>; notes_id: string; handleClickSave: Mock<Procedure>; }' is not assignable to type 'NotesEditorProps'.
  Types of property 'editorState' are incompatible.
    Type 'null' is not assignable to type 'OutputData'.
src/pages/Notes/NotesEditor.test.tsx(37,17): error TS2322: Type '{ buttonDisabled: false; editorState: null; handleEditorChange: Mock<Procedure>; notes_id: string; handleClickSave: Mock<Procedure>; }' is not assignable to type 'NotesEditorProps'.
  Types of property 'editorState' are incompatible.
    Type 'null' is not assignable to type 'OutputData'.
src/pages/PortalCredentialPage/index.tsx(16,28): error TS2345: Argument of type '{ _id: string; needEditor?: boolean | undefined; applying_program_count?: number | undefined; attributes?: { name: string; value: number; }[] | undefined; profile?: { name: string; required: boolean; updatedAt?: Date | undefined; path?: string | undefined; status?: string | undefined; feedback?: string | undefined; ...' is not assignable to parameter of type 'IUser'.
  Type 'null' is not assignable to type 'IUser'.
src/pages/PortalCredentialPage/index.tsx(21,29): error TS2345: Argument of type '{ _id: string; needEditor?: boolean | undefined; applying_program_count?: number | undefined; attributes?: { name: string; value: number; }[] | undefined; profile?: { name: string; required: boolean; updatedAt?: Date | undefined; path?: string | undefined; status?: string | undefined; feedback?: string | undefined; ...' is not assignable to parameter of type 'IUser'.
  Type 'null' is not assignable to type 'IUser'.
src/pages/PortalCredentialPage/index.tsx(22,13): error TS18047: 'user' is possibly 'null'.
src/pages/PortalCredentialPage/index.tsx(26,13): error TS2322: Type 'number' is not assignable to type 'boolean | undefined'.
src/pages/PortalCredentialPage/index.tsx(26,24): error TS18048: 'props.showTitle' is possibly 'undefined'.
src/pages/PortalCredentialPage/index.tsx(26,24): error TS2447: The '|' operator is not allowed for boolean types. Consider using '||' instead.
src/pages/PortalCredentialPage/index.tsx(27,13): error TS2322: Type 'string | undefined' is not assignable to type 'string'.
  Type 'undefined' is not assignable to type 'string'.
src/pages/Program/AssignProgramsToStudentDialog.tsx(54,41): error TS2345: Argument of type '{ _id: string; needEditor?: boolean | undefined; applying_program_count?: number | undefined; attributes?: { name: string; value: number; }[] | undefined; profile?: { name: string; required: boolean; updatedAt?: Date | undefined; path?: string | undefined; status?: string | undefined; feedback?: string | undefined; ...' is not assignable to parameter of type 'IUser'.
  Type 'null' is not assignable to type 'IUser'.
src/pages/Program/AssignProgramsToStudentDialog.tsx(55,37): error TS18047: 'user' is possibly 'null'.
src/pages/Program/AssignProgramsToStudentDialog.tsx(56,27): error TS2345: Argument of type '{ _id: string; needEditor?: boolean | undefined; applying_program_count?: number | undefined; attributes?: { name: string; value: number; }[] | undefined; profile?: { name: string; required: boolean; updatedAt?: Date | undefined; path?: string | undefined; status?: string | undefined; feedback?: string | undefined; ...' is not assignable to parameter of type 'IUser'.
  Type 'null' is not assignable to type 'IUser'.
src/pages/Program/AssignProgramsToStudentDialog.tsx(57,38): error TS18047: 'user' is possibly 'null'.
src/pages/Program/AssignProgramsToStudentDialog.tsx(105,22): error TS2339: Property '_id' does not exist on type 'IProgram'.
src/pages/Program/AssignProgramsToStudentDialog.tsx(130,46): error TS2339: Property '_id' does not exist on type 'IProgram'.
src/pages/Program/components/SameProgramStudentsCard.tsx(87,59): error TS2345: Argument of type 'SingleProgramViewStudent' is not assignable to parameter of type 'Application'.
  Type 'SingleProgramViewStudent' is not assignable to type 'IApplicationPopulatedDef'.
    Types of property '_id' are incompatible.
      Type 'string | { toString(): string; } | undefined' is not assignable to type 'string'.
        Type 'undefined' is not assignable to type 'string'.
src/pages/Program/components/SameProgramStudentsCard.tsx(95,57): error TS2345: Argument of type 'string | undefined' is not assignable to parameter of type 'string'.
  Type 'undefined' is not assignable to type 'string'.
src/pages/Program/components/SameProgramStudentsCard.tsx(111,65): error TS2345: Argument of type 'string | undefined' is not assignable to parameter of type 'string'.
  Type 'undefined' is not assignable to type 'string'.
src/pages/Program/components/SameProgramStudentsCard.tsx(127,65): error TS2345: Argument of type 'string | undefined' is not assignable to parameter of type 'string'.
  Type 'undefined' is not assignable to type 'string'.
src/pages/Program/components/SameProgramStudentsCard.tsx(170,73): error TS2345: Argument of type 'SingleProgramViewStudent' is not assignable to parameter of type 'Application'.
  Type 'SingleProgramViewStudent' is not assignable to type 'IApplicationPopulatedDef'.
    Types of property '_id' are incompatible.
      Type 'string | { toString(): string; } | undefined' is not assignable to type 'string'.
        Type 'undefined' is not assignable to type 'string'.
src/pages/Program/components/SameProgramStudentsCard.tsx(178,57): error TS2345: Argument of type 'string | undefined' is not assignable to parameter of type 'string'.
  Type 'undefined' is not assignable to type 'string'.
src/pages/Program/components/SameProgramStudentsCard.tsx(201,48): error TS2769: No overload matches this call.
  Overload 1 of 2, '(props: { component: ElementType<any, keyof IntrinsicElements>; } & TypographyOwnProps & CommonProps & Omit<any, "p" | ... 112 more ... | "variantMapping">): Element | null', gave the following error.
    Type '"string"' is not assignable to type 'OverridableStringUnion<"inherit" | Variant, TypographyPropsVariantOverrides> | undefined'.
  Overload 2 of 2, '(props: DefaultComponentProps<TypographyTypeMap<{}, "span">>): Element | null', gave the following error.
    Type '"string"' is not assignable to type 'OverridableStringUnion<"inherit" | Variant, TypographyPropsVariantOverrides> | undefined'.
src/pages/Program/ProgramCreatePage.tsx(15,13): error TS2339: Property 'distinctSchools' does not exist on type 'unknown'.
src/pages/Program/ProgramCreatePage.tsx(53,29): error TS2322: Type '"create"' is not assignable to type '"edit" | "new" | undefined'.
src/pages/Program/ProgramDiffModal.tsx(36,32): error TS2345: Argument of type 'unknown[] | undefined' is not assignable to parameter of type 'SetStateAction<never[]>'.
  Type 'undefined' is not assignable to type 'SetStateAction<never[]>'.
src/pages/Program/ProgramDiffModal.tsx(43,13): error TS2322: Type '{ children: Element[]; "aria-labelledby": string; centered: true; open: boolean; size: string; }' is not assignable to type 'IntrinsicAttributes & ModalNewProps'.
  Property 'centered' does not exist on type 'IntrinsicAttributes & ModalNewProps'.
src/pages/Program/ProgramDiffModal.tsx(64,58): error TS2339: Property 'updatedAt' does not exist on type 'never'.
src/pages/Program/ProgramDiffModal.tsx(65,45): error TS2339: Property 'requestedBy' does not exist on type 'never'.
src/pages/Program/ProgramDiffModal.tsx(66,53): error TS2339: Property 'requestedBy' does not exist on type 'never'.
src/pages/Program/ProgramDiffModal.tsx(66,85): error TS2339: Property 'requestedBy' does not exist on type 'never'.
src/pages/Program/ProgramDistributionDetailPage.tsx(100,25): error TS2345: Argument of type '{ _id: string; needEditor?: boolean | undefined; applying_program_count?: number | undefined; attributes?: { name: string; value: number; }[] | undefined; profile?: { name: string; required: boolean; updatedAt?: Date | undefined; path?: string | undefined; status?: string | undefined; feedback?: string | undefined; ...' is not assignable to parameter of type 'IUser'.
  Type 'null' is not assignable to type 'IUser'.
src/pages/Program/ProgramDistributionDetailPage.tsx(194,47): error TS18046: 'overview.totalPrograms' is of type 'unknown'.
src/pages/Program/ProgramDistributionDetailPage.tsx(222,61): error TS2769: No overload matches this call.
  Overload 1 of 2, '(props: { component: ElementType<any, keyof IntrinsicElements>; } & TypographyOwnProps & CommonProps & Omit<any, "p" | ... 112 more ... | "variantMapping">): Element | null', gave the following error.
    Type 'unknown' is not assignable to type 'ReactNode'.
  Overload 2 of 2, '(props: DefaultComponentProps<TypographyTypeMap<{}, "span">>): Element | null', gave the following error.
    Type 'unknown' is not assignable to type 'ReactNode'.
src/pages/Program/ProgramReport.tsx(86,43): error TS2345: Argument of type '(prevState: ProgramReportState) => { isLoaded: true; tickets: { _id: string; requester_id: string; type?: string | undefined; status?: string | undefined; createdAt?: Date | undefined; program_id?: string | undefined; feedback?: string | undefined; description?: string | undefined; resolver_id?: string | undefined; ...' is not assignable to parameter of type 'SetStateAction<ProgramReportState>'.
  Type '(prevState: ProgramReportState) => { isLoaded: true; tickets: { _id: string; requester_id: string; type?: string | undefined; status?: string | undefined; createdAt?: Date | undefined; program_id?: string | undefined; feedback?: string | undefined; description?: string | undefined; resolver_id?: string | undefined; ...' is not assignable to type '(prevState: ProgramReportState) => ProgramReportState'.
    Call signature return types '{ isLoaded: true; tickets: { _id: string; requester_id: string; type?: string | undefined; status?: string | undefined; createdAt?: Date | undefined; program_id?: string | undefined; feedback?: string | undefined; description?: string | undefined; resolver_id?: string | undefined; }[] | undefined; ... 9 more ...; er...' and 'ProgramReportState' are incompatible.
      The types of 'tickets' are incompatible between these types.
        Type '{ _id: string; requester_id: string; type?: string | undefined; status?: string | undefined; createdAt?: Date | undefined; program_id?: string | undefined; feedback?: string | undefined; description?: string | undefined; resolver_id?: string | undefined; }[] | undefined' is not assignable to type 'PopulatedTicket[]'.
          Type 'undefined' is not assignable to type 'PopulatedTicket[]'.
src/pages/Program/ProgramReport.tsx(162,43): error TS2345: Argument of type '(prevState: ProgramReportState) => { isLoaded: true; isReport: false; success: true; tickets: (PopulatedTicket | { _id: string; requester_id: string; ... 6 more ...; resolver_id?: string | undefined; } | undefined)[]; ... 7 more ...; error?: unknown; }' is not assignable to parameter of type 'SetStateAction<ProgramReportState>'.
  Type '(prevState: ProgramReportState) => { isLoaded: true; isReport: false; success: true; tickets: (PopulatedTicket | { _id: string; requester_id: string; ... 6 more ...; resolver_id?: string | undefined; } | undefined)[]; ... 7 more ...; error?: unknown; }' is not assignable to type '(prevState: ProgramReportState) => ProgramReportState'.
    Call signature return types '{ isLoaded: true; isReport: false; success: true; tickets: (PopulatedTicket | { _id: string; requester_id: string; type?: string | undefined; status?: string | undefined; ... 4 more ...; resolver_id?: string | undefined; } | undefined)[]; ... 7 more ...; error?: unknown; }' and 'ProgramReportState' are incompatible.
      The types of 'tickets' are incompatible between these types.
        Type '(PopulatedTicket | { _id: string; requester_id: string; type?: string | undefined; status?: string | undefined; createdAt?: Date | undefined; program_id?: string | undefined; feedback?: string | undefined; description?: string | undefined; resolver_id?: string | undefined; } | undefined)[]' is not assignable to type 'PopulatedTicket[]'.
          Type 'PopulatedTicket | { _id: string; requester_id: string; type?: string | undefined; status?: string | undefined; createdAt?: Date | undefined; program_id?: string | undefined; feedback?: string | undefined; description?: string | undefined; resolver_id?: string | undefined; } | undefined' is not assignable to type 'PopulatedTicket'.
            Type 'undefined' is not assignable to type 'PopulatedTicket'.
              Type 'undefined' is not assignable to type 'Omit<{ _id: string; requester_id: string; type?: string | undefined; status?: string | undefined; createdAt?: Date | undefined; program_id?: string | undefined; feedback?: string | undefined; description?: string | undefined; resolver_id?: string | undefined; }, "requester_id">'.
src/pages/Program/ProgramReport.tsx(172,43): error TS2345: Argument of type '(prevState: ProgramReportState) => { isLoaded: true; res_modal_status: number; res_modal_message: string | undefined; isReport: boolean; isReportDelete: boolean; ... 6 more ...; error?: unknown; }' is not assignable to parameter of type 'SetStateAction<ProgramReportState>'.
  Type '(prevState: ProgramReportState) => { isLoaded: true; res_modal_status: number; res_modal_message: string | undefined; isReport: boolean; isReportDelete: boolean; ... 6 more ...; error?: unknown; }' is not assignable to type '(prevState: ProgramReportState) => ProgramReportState'.
    Call signature return types '{ isLoaded: true; res_modal_status: number; res_modal_message: string | undefined; isReport: boolean; isReportDelete: boolean; isUpdateReport: boolean; description: string; tickets: PopulatedTicket[]; ticket: PopulatedTicket | null; res_status: number; success?: boolean | undefined; error?: unknown; }' and 'ProgramReportState' are incompatible.
      The types of 'res_modal_message' are incompatible between these types.
        Type 'string | undefined' is not assignable to type 'string'.
          Type 'undefined' is not assignable to type 'string'.
src/pages/Program/ProgramReport.tsx(206,21): error TS2322: Type '{ _id: string; requester_id: string; type?: string | undefined; status?: string | undefined; createdAt?: Date | undefined; program_id?: string | undefined; feedback?: string | undefined; description?: string | undefined; resolver_id?: string | undefined; } | undefined' is not assignable to type 'PopulatedTicket'.
  Type 'undefined' is not assignable to type 'PopulatedTicket'.
    Type 'undefined' is not assignable to type 'Omit<{ _id: string; requester_id: string; type?: string | undefined; status?: string | undefined; createdAt?: Date | undefined; program_id?: string | undefined; feedback?: string | undefined; description?: string | undefined; resolver_id?: string | undefined; }, "requester_id">'.
src/pages/Program/ProgramReport.tsx(218,43): error TS2345: Argument of type '(prevState: ProgramReportState) => { isLoaded: true; isUpdateReport: false; isReport: false; res_modal_status: number; res_modal_message: string | undefined; isReportDelete: boolean; ... 5 more ...; error?: unknown; }' is not assignable to parameter of type 'SetStateAction<ProgramReportState>'.
  Type '(prevState: ProgramReportState) => { isLoaded: true; isUpdateReport: false; isReport: false; res_modal_status: number; res_modal_message: string | undefined; isReportDelete: boolean; ... 5 more ...; error?: unknown; }' is not assignable to type '(prevState: ProgramReportState) => ProgramReportState'.
    Call signature return types '{ isLoaded: true; isUpdateReport: false; isReport: false; res_modal_status: number; res_modal_message: string | undefined; isReportDelete: boolean; description: string; tickets: PopulatedTicket[]; ticket: PopulatedTicket | null; res_status: number; success?: boolean | undefined; error?: unknown; }' and 'ProgramReportState' are incompatible.
      The types of 'res_modal_message' are incompatible between these types.
        Type 'string | undefined' is not assignable to type 'string'.
          Type 'undefined' is not assignable to type 'string'.
src/pages/Program/ProgramReport.tsx(260,43): error TS2345: Argument of type '(prevState: ProgramReportState) => { isLoaded: true; isReportDelete: false; res_modal_status: number; res_modal_message: string | undefined; isReport: boolean; ... 6 more ...; error?: unknown; }' is not assignable to parameter of type 'SetStateAction<ProgramReportState>'.
  Type '(prevState: ProgramReportState) => { isLoaded: true; isReportDelete: false; res_modal_status: number; res_modal_message: string | undefined; isReport: boolean; ... 6 more ...; error?: unknown; }' is not assignable to type '(prevState: ProgramReportState) => ProgramReportState'.
    Call signature return types '{ isLoaded: true; isReportDelete: false; res_modal_status: number; res_modal_message: string | undefined; isReport: boolean; isUpdateReport: boolean; description: string; tickets: PopulatedTicket[]; ticket: PopulatedTicket | null; res_status: number; success?: boolean | undefined; error?: unknown; }' and 'ProgramReportState' are incompatible.
      The types of 'res_modal_message' are incompatible between these types.
        Type 'string | undefined' is not assignable to type 'string'.
          Type 'undefined' is not assignable to type 'string'.
src/pages/Program/ProgramReport.tsx(306,46): error TS2322: Type 'string | undefined' is not assignable to type 'string'.
  Type 'undefined' is not assignable to type 'string'.
src/pages/Program/ProgramReport.tsx(312,46): error TS2322: Type 'string | undefined' is not assignable to type 'string'.
  Type 'undefined' is not assignable to type 'string'.
src/pages/Program/ProgramReport.tsx(325,57): error TS2345: Argument of type 'Date | undefined' is not assignable to parameter of type 'string | number | Date'.
  Type 'undefined' is not assignable to type 'string | number | Date'.
src/pages/Program/ProgramReport.tsx(330,57): error TS2345: Argument of type 'Date | undefined' is not assignable to parameter of type 'string | number | Date'.
  Type 'undefined' is not assignable to type 'string | number | Date'.
src/pages/Program/ProgramReportCard.tsx(50,27): error TS2339: Property 'data' does not exist on type '{}'.
src/pages/Program/ProgramReportDeleteModal.tsx(39,9): error TS7053: Element implicitly has an 'any' type because expression of type 'string' can't be used to index type '{}'.
  No index signature with a parameter of type 'string' was found on type '{}'.
src/pages/Program/ProgramReportDeleteModal.tsx(65,49): error TS2339: Property 'length' does not exist on type '{}'.
src/pages/Program/ProgramReportDeleteModal.tsx(70,51): error TS2345: Argument of type 'ChangeEvent<HTMLInputElement | HTMLTextAreaElement>' is not assignable to parameter of type 'ChangeEvent<HTMLInputElement>'.
  Type 'HTMLInputElement | HTMLTextAreaElement' is not assignable to type 'HTMLInputElement'.
    Type 'HTMLTextAreaElement' is missing the following properties from type 'HTMLInputElement': accept, align, alt, capture, and 29 more.
src/pages/Program/ProgramReportDeleteModal.tsx(75,42): error TS2339: Property 'length' does not exist on type '{}'.
src/pages/Program/ProgramReportDeleteModal.tsx(82,46): error TS2339: Property 'length' does not exist on type '{}'.
src/pages/Program/ProgramReportDeleteModal.tsx(87,51): error TS2345: Argument of type 'ChangeEvent<HTMLInputElement | HTMLTextAreaElement>' is not assignable to parameter of type 'ChangeEvent<HTMLInputElement>'.
  Type 'HTMLInputElement | HTMLTextAreaElement' is not assignable to type 'HTMLInputElement'.
    Type 'HTMLTextAreaElement' is missing the following properties from type 'HTMLInputElement': accept, align, alt, capture, and 29 more.
src/pages/Program/ProgramReportDeleteModal.tsx(92,39): error TS2339: Property 'length' does not exist on type '{}'.
src/pages/Program/ProgramReportDeleteModal.tsx(100,57): error TS2345: Argument of type 'ChangeEvent<HTMLInputElement | HTMLTextAreaElement>' is not assignable to parameter of type 'ChangeEvent<HTMLInputElement>'.
  Type 'HTMLInputElement | HTMLTextAreaElement' is not assignable to type 'HTMLInputElement'.
    Type 'HTMLTextAreaElement' is missing the following properties from type 'HTMLInputElement': accept, align, alt, capture, and 29 more.
src/pages/Program/ProgramReportDeleteModal.tsx(111,51): error TS18046: 'ticket._id' is of type 'unknown'.
src/pages/Program/ProgramReportModal.tsx(55,51): error TS2345: Argument of type 'ChangeEvent<HTMLInputElement | HTMLTextAreaElement>' is not assignable to parameter of type 'ChangeEvent<HTMLInputElement>'.
  Type 'HTMLInputElement | HTMLTextAreaElement' is not assignable to type 'HTMLInputElement'.
    Type 'HTMLTextAreaElement' is missing the following properties from type 'HTMLInputElement': accept, align, alt, capture, and 29 more.
src/pages/Program/ProgramReportUpdateModal.tsx(54,9): error TS7053: Element implicitly has an 'any' type because expression of type 'string' can't be used to index type '{ _id: string; requester_id: string; type?: string | undefined; status?: string | undefined; createdAt?: Date | undefined; program_id?: string | undefined; feedback?: string | undefined; description?: string | undefined; resolver_id?: string | undefined; }'.
  No index signature with a parameter of type 'string' was found on type '{ _id: string; requester_id: string; type?: string | undefined; status?: string | undefined; createdAt?: Date | undefined; program_id?: string | undefined; feedback?: string | undefined; description?: string | undefined; resolver_id?: string | undefined; }'.
src/pages/Program/ProgramReportUpdateModal.tsx(71,51): error TS2345: Argument of type 'ChangeEvent<HTMLInputElement | HTMLTextAreaElement>' is not assignable to parameter of type 'ChangeEvent<HTMLInputElement>'.
  Type 'HTMLInputElement | HTMLTextAreaElement' is not assignable to type 'HTMLInputElement'.
    Type 'HTMLTextAreaElement' is missing the following properties from type 'HTMLInputElement': accept, align, alt, capture, and 29 more.
src/pages/Program/ProgramReportUpdateModal.tsx(83,51): error TS2345: Argument of type 'ChangeEvent<HTMLInputElement | HTMLTextAreaElement>' is not assignable to parameter of type 'ChangeEvent<HTMLInputElement>'.
  Type 'HTMLInputElement | HTMLTextAreaElement' is not assignable to type 'HTMLInputElement'.
    Type 'HTMLTextAreaElement' is missing the following properties from type 'HTMLInputElement': accept, align, alt, capture, and 29 more.
src/pages/Program/ProgramReportUpdateModal.tsx(91,47): error TS2345: Argument of type '{ _id: string; needEditor?: boolean | undefined; applying_program_count?: number | undefined; attributes?: { name: string; value: number; }[] | undefined; profile?: { name: string; required: boolean; updatedAt?: Date | undefined; path?: string | undefined; status?: string | undefined; feedback?: string | undefined; ...' is not assignable to parameter of type 'IUser'.
  Type 'null' is not assignable to type 'IUser'.
src/pages/Program/ProgramsOverviewPage.tsx(265,17): error TS2322: Type '{ school?: string | undefined; city?: string | undefined; country?: string | undefined; programCount?: number | undefined; }[]' is not assignable to type 'TopSchoolItem[]'.
  Type '{ school?: string | undefined; city?: string | undefined; country?: string | undefined; programCount?: number | undefined; }' is not assignable to type 'TopSchoolItem'.
    Types of property 'school' are incompatible.
      Type 'string | undefined' is not assignable to type 'string'.
        Type 'undefined' is not assignable to type 'string'.
src/pages/Program/ProgramsOverviewPage.tsx(266,17): error TS2322: Type '{ school?: string | undefined; program_name?: string | undefined; degree?: string | undefined; semester?: string | undefined; country?: string | undefined; programId?: string | undefined; ... 5 more ...; admissionRate?: number | undefined; }[]' is not assignable to type 'TopProgramItem[]'.
  Type '{ school?: string | undefined; program_name?: string | undefined; degree?: string | undefined; semester?: string | undefined; country?: string | undefined; programId?: string | undefined; ... 5 more ...; admissionRate?: number | undefined; }' is not assignable to type 'TopProgramItem'.
    Types of property 'programId' are incompatible.
      Type 'string | undefined' is not assignable to type 'string'.
        Type 'undefined' is not assignable to type 'string'.
src/pages/Program/ProgramsOverviewPage.tsx(271,17): error TS2322: Type '{ count?: number | undefined; subject?: string | undefined; }[] | undefined' is not assignable to type '{ subject: string; count: number; }[] | undefined'.
  Type '{ count?: number | undefined; subject?: string | undefined; }[]' is not assignable to type '{ subject: string; count: number; }[]'.
    Type '{ count?: number | undefined; subject?: string | undefined; }' is not assignable to type '{ subject: string; count: number; }'.
      Types of property 'subject' are incompatible.
        Type 'string | undefined' is not assignable to type 'string'.
          Type 'undefined' is not assignable to type 'string'.
src/pages/Program/ProgramsOverviewPage.tsx(272,17): error TS2322: Type '{ isPrivateSchool?: boolean | undefined; isPartnerSchool?: boolean | undefined; schoolType?: string | undefined; count?: number | undefined; }[] | undefined' is not assignable to type '{ schoolType: string; count: number; isPrivateSchool?: boolean | undefined; isPartnerSchool?: boolean | undefined; avgPrograms?: number | undefined; }[] | undefined'.
  Type '{ isPrivateSchool?: boolean | undefined; isPartnerSchool?: boolean | undefined; schoolType?: string | undefined; count?: number | undefined; }[]' is not assignable to type '{ schoolType: string; count: number; isPrivateSchool?: boolean | undefined; isPartnerSchool?: boolean | undefined; avgPrograms?: number | undefined; }[]'.
    Type '{ isPrivateSchool?: boolean | undefined; isPartnerSchool?: boolean | undefined; schoolType?: string | undefined; count?: number | undefined; }' is not assignable to type '{ schoolType: string; count: number; isPrivateSchool?: boolean | undefined; isPartnerSchool?: boolean | undefined; avgPrograms?: number | undefined; }'.
      Types of property 'schoolType' are incompatible.
        Type 'string | undefined' is not assignable to type 'string'.
          Type 'undefined' is not assignable to type 'string'.
src/pages/Program/ProgramsOverviewPage.tsx(273,17): error TS2322: Type '{ contributor?: string | undefined; updateCount?: number | undefined; lastUpdate?: string | Date | undefined; }[] | undefined' is not assignable to type '{ contributor?: string | undefined; lastUpdate?: string | undefined; updateCount?: number | undefined; name?: string | undefined; email?: string | undefined; programsAdded?: number | undefined; }[] | undefined'.
  Type '{ contributor?: string | undefined; updateCount?: number | undefined; lastUpdate?: string | Date | undefined; }[]' is not assignable to type '{ contributor?: string | undefined; lastUpdate?: string | undefined; updateCount?: number | undefined; name?: string | undefined; email?: string | undefined; programsAdded?: number | undefined; }[]'.
    Type '{ contributor?: string | undefined; updateCount?: number | undefined; lastUpdate?: string | Date | undefined; }' is not assignable to type '{ contributor?: string | undefined; lastUpdate?: string | undefined; updateCount?: number | undefined; name?: string | undefined; email?: string | undefined; programsAdded?: number | undefined; }'.
      Types of property 'lastUpdate' are incompatible.
        Type 'string | Date | undefined' is not assignable to type 'string | undefined'.
          Type 'Date' is not assignable to type 'string'.
src/pages/Program/ProgramsOverviewPage.tsx(341,74): error TS2339: Property '_id' does not exist on type '{ school?: string | undefined; program_name?: string | undefined; degree?: string | undefined; semester?: string | undefined; updatedAt?: string | Date | undefined; whoupdated?: string | undefined; }'.
src/pages/Program/ProgramsOverviewPage.tsx(351,109): error TS2339: Property '_id' does not exist on type '{ school?: string | undefined; program_name?: string | undefined; degree?: string | undefined; semester?: string | undefined; updatedAt?: string | Date | undefined; whoupdated?: string | undefined; }'.
src/pages/Program/ProgramsOverviewPage.tsx(374,69): error TS2769: No overload matches this call.
  Overload 1 of 4, '(value: string | number | Date): Date', gave the following error.
    Argument of type 'string | Date | undefined' is not assignable to parameter of type 'string | number | Date'.
      Type 'undefined' is not assignable to type 'string | number | Date'.
  Overload 2 of 4, '(value: string | number): Date', gave the following error.
    Argument of type 'string | Date | undefined' is not assignable to parameter of type 'string | number'.
      Type 'undefined' is not assignable to type 'string | number'.
src/pages/Program/SchoolConfig.tsx(22,13): error TS2339: Property 'distinctSchools' does not exist on type 'unknown'.
src/pages/Program/SchoolConfig.tsx(24,25): error TS2345: Argument of type '{ _id: string; needEditor?: boolean | undefined; applying_program_count?: number | undefined; attributes?: { name: string; value: number; }[] | undefined; profile?: { name: string; required: boolean; updatedAt?: Date | undefined; path?: string | undefined; status?: string | undefined; feedback?: string | undefined; ...' is not assignable to parameter of type 'IUser'.
  Type 'null' is not assignable to type 'IUser'.
src/pages/Program/SingleProgramView.tsx(88,9): error TS2352: Conversion of type 'SingleProgramViewProgram' to type '{ school: string; program_name: string; _id: string; isArchiv?: boolean | undefined; isLocked?: boolean | undefined; programSubjects?: string[] | undefined; degree?: string | undefined; ... 71 more ...; vcId?: string | undefined; }' may be a mistake because neither type sufficiently overlaps with the other. If this was intentional, convert the expression to 'unknown' first.
  Property '_id' is missing in type 'SingleProgramViewProgram' but required in type '{ school: string; program_name: string; _id: string; isArchiv?: boolean | undefined; isLocked?: boolean | undefined; programSubjects?: string[] | undefined; degree?: string | undefined; ... 71 more ...; vcId?: string | undefined; }'.
src/pages/Settings/index.tsx(114,13): error TS2345: Argument of type 'Credentials' is not assignable to parameter of type 'ApiPayload'.
  Index signature for type 'string' is missing in type 'Credentials'.
src/pages/StudentApplications/assignPage.test.tsx(15,35): error TS2556: A spread argument must either have a tuple type or be passed to a rest parameter.
src/pages/StudentApplications/assignPage.test.tsx(54,13): error TS2322: Type '{ _id: string; firstname: string; lastname: string; applications: never[]; }' is not assignable to type 'null'.
src/pages/StudentApplications/StudentApplicationsAssignProgramlistPage.tsx(108,32): error TS2345: Argument of type '{ _id: string; needEditor?: boolean | undefined; applying_program_count?: number | undefined; attributes?: { name: string; value: number; }[] | undefined; profile?: { name: string; required: boolean; updatedAt?: Date | undefined; path?: string | undefined; status?: string | undefined; feedback?: string | undefined; ...' is not assignable to parameter of type 'IUser'.
  Type 'null' is not assignable to type 'IUser'.
src/pages/StudentApplications/StudentApplicationsAssignProgramlistPage.tsx(142,33): error TS2345: Argument of type '{ _id: string; needEditor?: boolean | undefined; applying_program_count?: number | undefined; attributes?: { name: string; value: number; }[] | undefined; profile?: { name: string; required: boolean; updatedAt?: Date | undefined; path?: string | undefined; status?: string | undefined; feedback?: string | undefined; ...' is not assignable to parameter of type 'IUser'.
  Type 'null' is not assignable to type 'IUser'.
src/pages/StudentApplications/StudentApplicationsAssignProgramlistPage.tsx(160,47): error TS2345: Argument of type '{ _id: string; needEditor?: boolean | undefined; applying_program_count?: number | undefined; attributes?: { name: string; value: number; }[] | undefined; profile?: { name: string; required: boolean; updatedAt?: Date | undefined; path?: string | undefined; status?: string | undefined; feedback?: string | undefined; ...' is not assignable to parameter of type 'IUser'.
  Type 'null' is not assignable to type 'IUser'.
src/pages/StudentApplications/StudentApplicationsAssignProgramlistPage.tsx(163,33): error TS2345: Argument of type '{ _id: string; needEditor?: boolean | undefined; applying_program_count?: number | undefined; attributes?: { name: string; value: number; }[] | undefined; profile?: { name: string; required: boolean; updatedAt?: Date | undefined; path?: string | undefined; status?: string | undefined; feedback?: string | undefined; ...' is not assignable to parameter of type 'IUser'.
  Type 'null' is not assignable to type 'IUser'.
src/pages/StudentApplications/StudentApplicationsAssignProgramlistPage.tsx(165,52): error TS2322: Type 'IStudentResponseDef' is not assignable to type 'Record<string, unknown> & { applications?: Application[] | undefined; }'.
  Type 'IStudentResponseDef' is not assignable to type 'Record<string, unknown>'.
    Index signature for type 'string' is missing in type 'IStudentResponseDef'.
src/pages/StudentApplications/StudentApplicationsAssignProgramlistPage.tsx(171,21): error TS2322: Type '{ isStudentApplicationPage: boolean; student: IStudentResponseDef; }' is not assignable to type 'IntrinsicAttributes & ProgramListProps'.
  Property 'isStudentApplicationPage' does not exist on type 'IntrinsicAttributes & ProgramListProps'.
src/pages/StudentApplications/StudentApplicationsIndividual.test.tsx(15,35): error TS2556: A spread argument must either have a tuple type or be passed to a rest parameter.
src/pages/StudentApplications/StudentApplicationsIndividual.test.tsx(54,13): error TS2322: Type '{ _id: string; firstname: string; lastname: string; applications: never[]; }' is not assignable to type 'null'.
src/pages/StudentApplications/StudentApplicationsIndividual.tsx(18,46): error TS2322: Type 'IStudentResponseDef' is not assignable to type '{ [key: string]: unknown; _id?: string | undefined; firstname?: string | undefined; lastname?: string | undefined; applications?: Application[] | undefined; applying_program_count?: number | undefined; }'.
  Index signature for type 'string' is missing in type 'IStudentResponseDef'.
src/pages/StudentDatabase/ForwardDocumentsDialog.tsx(14,8): error TS6133: 'React' is declared but its value is never read.
src/pages/StudentDatabase/index.tsx(16,25): error TS2345: Argument of type '{ _id: string; needEditor?: boolean | undefined; applying_program_count?: number | undefined; attributes?: { name: string; value: number; }[] | undefined; profile?: { name: string; required: boolean; updatedAt?: Date | undefined; path?: string | undefined; status?: string | undefined; feedback?: string | undefined; ...' is not assignable to parameter of type 'IUser'.
  Type 'null' is not assignable to type 'IUser'.
src/pages/StudentDatabase/Meetings/MeetingCard.tsx(148,49): error TS2345: Argument of type 'string | Date' is not assignable to parameter of type 'string | null | undefined'.
  Type 'Date' is not assignable to type 'string'.
src/pages/StudentDatabase/Meetings/MeetingCard.tsx(195,21): error TS2769: No overload matches this call.
  Overload 1 of 2, '(props: { component: ElementType<any, keyof IntrinsicElements>; } & BoxOwnProps<Theme> & Omit<any, keyof BoxOwnProps<Theme>>): Element | null', gave the following error.
    Type 'unknown' is not assignable to type 'ReactNode'.
  Overload 2 of 2, '(props: DefaultComponentProps<BoxTypeMap<{}, "div", Theme>>): Element | null', gave the following error.
    Type 'unknown' is not assignable to type 'ReactNode'.
src/pages/StudentDatabase/Meetings/MeetingCard.tsx(206,48): error TS2339: Property 'firstname' does not exist on type '{}'.
src/pages/StudentDatabase/Meetings/MeetingCard.tsx(207,48): error TS2339: Property 'lastname' does not exist on type '{}'.
src/pages/StudentDatabase/Meetings/MeetingFormModal.tsx(146,17): error TS2322: Type 'string | null' is not assignable to type 'string | (Date & string) | undefined'.
  Type 'null' is not assignable to type 'string | (Date & string) | undefined'.
src/pages/StudentDatabase/StudentDatabaseOverview.tsx(51,28): error TS2339: Property 'data' does not exist on type '{}'.
src/pages/StudentDatabase/StudentDatabaseOverview.tsx(55,25): error TS2345: Argument of type '{ _id: string; needEditor?: boolean | undefined; applying_program_count?: number | undefined; attributes?: { name: string; value: number; }[] | undefined; profile?: { name: string; required: boolean; updatedAt?: Date | undefined; path?: string | undefined; status?: string | undefined; feedback?: string | undefined; ...' is not assignable to parameter of type 'IUser'.
  Type 'null' is not assignable to type 'IUser'.
src/pages/StudentOverview/index.test.tsx(14,29): error TS2339: Property 'to' does not exist on type '{}'.
src/pages/StudentOverview/index.test.tsx(18,19): error TS2339: Property 'children' does not exist on type '{}'.
src/pages/StudentOverview/index.tsx(18,25): error TS2345: Argument of type '{ _id: string; needEditor?: boolean | undefined; applying_program_count?: number | undefined; attributes?: { name: string; value: number; }[] | undefined; profile?: { name: string; required: boolean; updatedAt?: Date | undefined; path?: string | undefined; status?: string | undefined; feedback?: string | undefined; ...' is not assignable to parameter of type 'IUser'.
  Type 'null' is not assignable to type 'IUser'.
src/pages/StudentOverview/MyStudentsOverview.tsx(23,35): error TS2345: Argument of type '{ _id: string; needEditor?: boolean | undefined; applying_program_count?: number | undefined; attributes?: { name: string; value: number; }[] | undefined; profile?: { name: string; required: boolean; updatedAt?: Date | undefined; path?: string | undefined; status?: string | undefined; feedback?: string | undefined; ...' is not assignable to parameter of type 'IUser'.
  Type 'null' is not assignable to type 'IUser'.
src/pages/StudentOverview/MyStudentsOverview.tsx(34,21): error TS18048: 'student.editors' is possibly 'undefined'.
src/pages/StudentOverview/MyStudentsOverview.tsx(37,21): error TS18048: 'student.agents' is possibly 'undefined'.
src/pages/StudentOverview/MyStudentsOverview.tsx(45,25): error TS2345: Argument of type '{ _id: string; needEditor?: boolean | undefined; applying_program_count?: number | undefined; attributes?: { name: string; value: number; }[] | undefined; profile?: { name: string; required: boolean; updatedAt?: Date | undefined; path?: string | undefined; status?: string | undefined; feedback?: string | undefined; ...' is not assignable to parameter of type 'IUser'.
  Type 'null' is not assignable to type 'IUser'.
src/pages/Survey/components/SurveyAcademicBackgroundCard.test.tsx(65,18): error TS2322: Type '{ survey: any; user: { role: string; _id: string; archiv: boolean; }; t: (k: string) => string; handleChangeAcademic: Mock<Procedure>; handleAcademicBackgroundSubmit: Mock<Procedure>; ... 4 more ...; onOpenPopover: Mock<...>; }' is not assignable to type 'SurveyAcademicBackgroundCardProps'.
  Types of property 't' are incompatible.
    Property '$TFunctionBrand' is missing in type '(k: string) => string' but required in type 'TFunction<"translation", undefined>'.
src/pages/Survey/components/SurveyApplicationPreferenceCard.test.tsx(61,18): error TS2322: Type '{ survey: any; user: { role: string; _id: string; archiv: boolean; }; t: (k: string) => string; handleChangeApplicationPreference: Mock<Procedure>; setApplicationPreferenceByField: Mock<...>; handleApplicationPreferenceSubmit: Mock<...>; }' is not assignable to type 'SurveyApplicationPreferenceCardProps'.
  Types of property 't' are incompatible.
    Property '$TFunctionBrand' is missing in type '(k: string) => string' but required in type 'TFunction<"translation", undefined>'.
src/pages/Survey/components/SurveyDocLinkEditDialog.test.tsx(23,18): error TS2322: Type '{ open: boolean; onClose: Mock<Procedure>; onSave: Mock<Procedure>; surveyLink: string; onChangeURL: Mock<Procedure>; docName: string; saving: boolean; t: (k: string) => string; }' is not assignable to type 'SurveyDocLinkEditDialogProps'.
  Types of property 't' are incompatible.
    Property '$TFunctionBrand' is missing in type '(k: string) => string' but required in type 'TFunction<"translation", undefined>'.
src/pages/Survey/components/SurveyLanguagesCard.test.tsx(67,18): error TS2322: Type '{ survey: any; user: { role: string; _id: string; archiv: boolean; }; t: (k: string) => string; handleChangeLanguage: Mock<Procedure>; handleTestDate: Mock<Procedure>; handleSurveyLanguageSubmit: Mock<...>; }' is not assignable to type 'SurveyLanguagesCardProps'.
  Types of property 't' are incompatible.
    Property '$TFunctionBrand' is missing in type '(k: string) => string' but required in type 'TFunction<"translation", undefined>'.
src/pages/Survey/components/SurveyMissingFieldsAlerts.test.tsx(33,69): error TS2741: Property '$TFunctionBrand' is missing in type '(k: string) => string' but required in type 'TFunction<"translation", undefined>'.
src/pages/Survey/components/SurveyMissingFieldsAlerts.test.tsx(40,69): error TS2741: Property '$TFunctionBrand' is missing in type '(k: string) => string' but required in type 'TFunction<"translation", undefined>'.
src/pages/Survey/components/SurveyMissingFieldsAlerts.test.tsx(46,69): error TS2741: Property '$TFunctionBrand' is missing in type '(k: string) => string' but required in type 'TFunction<"translation", undefined>'.
src/pages/Survey/index.test.tsx(25,29): error TS2339: Property 'to' does not exist on type '{}'.
src/pages/Survey/index.test.tsx(29,19): error TS2339: Property 'children' does not exist on type '{}'.
src/pages/Survey/index.tsx(31,24): error TS2345: Argument of type '{ _id: string; needEditor?: boolean | undefined; applying_program_count?: number | undefined; attributes?: { name: string; value: number; }[] | undefined; profile?: { name: string; required: boolean; updatedAt?: Date | undefined; path?: string | undefined; status?: string | undefined; feedback?: string | undefined; ...' is not assignable to parameter of type 'IUser'.
  Type 'null' is not assignable to type 'IUser'.
src/pages/Survey/index.tsx(37,32): error TS2345: Argument of type '{ _id: string; needEditor?: boolean | undefined; applying_program_count?: number | undefined; attributes?: { name: string; value: number; }[] | undefined; profile?: { name: string; required: boolean; updatedAt?: Date | undefined; path?: string | undefined; status?: string | undefined; feedback?: string | undefined; ...' is not assignable to parameter of type 'IUser'.
  Type 'null' is not assignable to type 'IUser'.
src/pages/Survey/index.tsx(65,21): error TS2322: Type 'unknown' is not assignable to type '{ university?: Record<string, unknown> | undefined; language?: Record<string, unknown> | undefined; } | undefined'.
src/pages/Survey/index.tsx(66,21): error TS2322: Type 'unknown' is not assignable to type 'Record<string, unknown> | undefined'.
src/pages/Survey/index.tsx(68,33): error TS18047: 'user' is possibly 'null'.
src/pages/Survey/SurveyAcademicBackgroundCard.test.tsx(51,14): error TS2322: Type '{ survey: SurveyStateValue; user: IUser; t: (key: string) => string; handleChangeAcademic: Mock<Procedure>; handleAcademicBackgroundSubmit: Mock<...>; ... 4 more ...; onOpenPopover: Mock<...>; }' is not assignable to type 'SurveyAcademicBackgroundCardProps'.
  Types of property 't' are incompatible.
    Property '$TFunctionBrand' is missing in type '(key: string) => string' but required in type 'TFunction<"translation", undefined>'.
src/pages/Survey/SurveyAcademicBackgroundCard.test.tsx(278,36): error TS2322: Type 'HTMLDivElement' is not assignable to type 'null'.
src/pages/Survey/SurveyApplicationPreferenceCard.test.tsx(31,17): error TS2322: Type '{ survey: { student_id: string; survey_link: string; academic_background: {}; application_preference: { expected_application_date: string; expected_application_semester: string; }; }; user: { ...; }; t: (key: string) => string; handleChangeApplicationPreference: Mock<...>; setApplicationPreferenceByField: () => Mock...' is not assignable to type 'SurveyApplicationPreferenceCardProps'.
  Types of property 't' are incompatible.
    Property '$TFunctionBrand' is missing in type '(key: string) => string' but required in type 'TFunction<"translation", undefined>'.
src/pages/Survey/SurveyApplicationPreferenceCard.test.tsx(36,17): error TS2322: Type '{ survey: { student_id: string; survey_link: string; academic_background: {}; application_preference: { expected_application_date: string; expected_application_semester: string; }; }; user: { ...; }; t: (key: string) => string; handleChangeApplicationPreference: Mock<...>; setApplicationPreferenceByField: () => Mock...' is not assignable to type 'SurveyApplicationPreferenceCardProps'.
  Types of property 't' are incompatible.
    Property '$TFunctionBrand' is missing in type '(key: string) => string' but required in type 'TFunction<"translation", undefined>'.
src/pages/Survey/SurveyApplicationPreferenceCard.test.tsx(43,17): error TS2322: Type '{ survey: { student_id: string; survey_link: string; academic_background: {}; application_preference: { expected_application_date: string; expected_application_semester: string; }; }; user: { ...; }; t: (key: string) => string; handleChangeApplicationPreference: Mock<...>; setApplicationPreferenceByField: () => Mock...' is not assignable to type 'SurveyApplicationPreferenceCardProps'.
  Types of property 't' are incompatible.
    Property '$TFunctionBrand' is missing in type '(key: string) => string' but required in type 'TFunction<"translation", undefined>'.
src/pages/Survey/SurveyDocLinkEditDialog.test.tsx(17,17): error TS2322: Type '{ open: boolean; onClose: Mock<Procedure>; onSave: Mock<Procedure>; surveyLink: string; onChangeURL: Mock<Procedure>; docName: string; saving: boolean; t: (key: string) => string; }' is not assignable to type 'SurveyDocLinkEditDialogProps'.
  Types of property 't' are incompatible.
    Property '$TFunctionBrand' is missing in type '(key: string) => string' but required in type 'TFunction<"translation", undefined>'.
src/pages/Survey/SurveyDocLinkEditDialog.test.tsx(25,17): error TS2322: Type '{ open: boolean; onClose: Mock<Procedure>; onSave: Mock<Procedure>; surveyLink: string; onChangeURL: Mock<Procedure>; docName: string; saving: boolean; t: (key: string) => string; }' is not assignable to type 'SurveyDocLinkEditDialogProps'.
  Types of property 't' are incompatible.
    Property '$TFunctionBrand' is missing in type '(key: string) => string' but required in type 'TFunction<"translation", undefined>'.
src/pages/Survey/SurveyDocLinkEditDialog.test.tsx(33,17): error TS2322: Type '{ onSave: Mock<Procedure>; open: boolean; onClose: Mock<Procedure>; surveyLink: string; onChangeURL: Mock<Procedure>; docName: string; saving: boolean; t: (key: string) => string; }' is not assignable to type 'SurveyDocLinkEditDialogProps'.
  Types of property 't' are incompatible.
    Property '$TFunctionBrand' is missing in type '(key: string) => string' but required in type 'TFunction<"translation", undefined>'.
src/pages/Survey/SurveyDocLinkEditDialog.test.tsx(39,17): error TS2322: Type '{ saving: true; open: boolean; onClose: Mock<Procedure>; onSave: Mock<Procedure>; surveyLink: string; onChangeURL: Mock<Procedure>; docName: string; t: (key: string) => string; }' is not assignable to type 'SurveyDocLinkEditDialogProps'.
  Types of property 't' are incompatible.
    Property '$TFunctionBrand' is missing in type '(key: string) => string' but required in type 'TFunction<"translation", undefined>'.
src/pages/Survey/SurveyLanguagesCard.test.tsx(37,13): error TS2322: Type '{ survey: SurveyStateValue; user: IUser; t: (key: string) => string; handleChangeLanguage: Mock<Procedure>; handleTestDate: Mock<Procedure>; handleSurveyLanguageSubmit: Mock<...>; }' is not assignable to type 'SurveyLanguagesCardProps'.
  Types of property 't' are incompatible.
    Property '$TFunctionBrand' is missing in type '(key: string) => string' but required in type 'TFunction<"translation", undefined>'.
src/pages/Survey/SurveyMissingFieldsAlerts.test.tsx(15,59): error TS2741: Property '$TFunctionBrand' is missing in type '(key: string) => string' but required in type 'TFunction<"translation", undefined>'.
src/pages/Survey/SurveyMissingFieldsAlerts.test.tsx(40,59): error TS2741: Property '$TFunctionBrand' is missing in type '(key: string) => string' but required in type 'TFunction<"translation", undefined>'.
src/pages/TaiGerOrg/AdminPage.tsx(24,25): error TS2345: Argument of type '{ _id: string; needEditor?: boolean | undefined; applying_program_count?: number | undefined; attributes?: { name: string; value: number; }[] | undefined; profile?: { name: string; required: boolean; updatedAt?: Date | undefined; path?: string | undefined; status?: string | undefined; feedback?: string | undefined; ...' is not assignable to parameter of type 'IUser'.
  Type 'null' is not assignable to type 'IUser'.
src/pages/TaiGerOrg/AgentPage.tsx(294,49): error TS2345: Argument of type 'Date | undefined' is not assignable to parameter of type 'string | Date'.
  Type 'undefined' is not assignable to type 'string | Date'.
src/pages/TaiGerOrg/GrantPermissionModal.tsx(129,42): error TS2741: Property 'label' is missing in type '{ control: Element; }' but required in type 'FormControlLabelProps'.
src/pages/TaiGerOrg/GrantPermissionModal.tsx(166,71): error TS2345: Argument of type 'ChangeEvent<HTMLInputElement | HTMLTextAreaElement>' is not assignable to parameter of type 'ChangeEvent<HTMLInputElement>'.
  Type 'HTMLInputElement | HTMLTextAreaElement' is not assignable to type 'HTMLInputElement'.
    Type 'HTMLTextAreaElement' is missing the following properties from type 'HTMLInputElement': accept, align, alt, capture, and 29 more.
src/pages/TaiGerOrg/index.tsx(158,35): error TS2749: 'Role' refers to a value, but is being used as a type here. Did you mean 'typeof Role'?
src/pages/TaiGerOrg/index.tsx(171,30): error TS2749: 'Role' refers to a value, but is being used as a type here. Did you mean 'typeof Role'?
src/pages/TaiGerOrg/index.tsx(252,47): error TS2339: Property 'sx' does not exist on type '{}'.
src/pages/TaiGerOrg/index.tsx(255,40): error TS2339: Property 'children' does not exist on type '{}'.
src/pages/TaiGerOrg/index.tsx(308,21): error TS2322: Type '{ children: Element; MenuListProps: { 'aria-labelledby': string; }; anchorEl: HTMLElement | null; disabled: boolean; id: string; onClose: () => void; open: boolean; }' is not assignable to type 'IntrinsicAttributes & MenuProps'.
  Property 'disabled' does not exist on type 'IntrinsicAttributes & MenuProps'.
src/pages/TaiGerOrg/index.tsx(480,44): error TS2345: Argument of type 'UserPermissions' is not assignable to parameter of type 'ApiPayload'.
  Index signature for type 'string' is missing in type 'UserPermissions'.
src/pages/TaiGerOrg/index.tsx(706,21): error TS2322: Type '{ firstname: string; lastname: string; managerModalShow: true; onUpdatePermissions: (e: FormEvent<Element>, permissions: Record<string, unknown> | UserPermissions) => void; setManagerModalHide: () => void; user_permissions: UserPermissions[]; }' is not assignable to type 'IntrinsicAttributes & GrantManagerModalProps'.
  Property 'user_permissions' does not exist on type 'IntrinsicAttributes & GrantManagerModalProps'.
src/pages/TaiGerOrg/InternalDashboard/AgentDashboard.test.tsx(25,32): error TS2322: Type '({ name: string; admission: { '2024': number; '2025': number; }; noAdmission: { '2024': number; '2025': number; }; } | { name: string; admission: { '2024': number; '2025'?: undefined; }; noAdmission: { '2025': number; '2024'?: undefined; }; })[]' is not assignable to type 'AgentDistribution[]'.
  Type '{ name: string; admission: { '2024': number; '2025': number; }; noAdmission: { '2024': number; '2025': number; }; } | { name: string; admission: { '2024': number; '2025'?: undefined; }; noAdmission: { '2025': number; '2024'?: undefined; }; }' is not assignable to type 'AgentDistribution'.
    Type '{ name: string; admission: { '2024': number; '2025'?: undefined; }; noAdmission: { '2025': number; '2024'?: undefined; }; }' is not assignable to type 'AgentDistribution'.
      Types of property 'admission' are incompatible.
        Type '{ '2024': number; '2025'?: undefined; }' is not assignable to type 'Record<string, number>'.
          Property ''2025'' is incompatible with index signature.
            Type 'undefined' is not assignable to type 'number'.
src/pages/TaiGerOrg/InternalDashboard/AgentDashboard.tsx(29,11): error TS7034: Variable 'admissionDataset' implicitly has type 'any[]' in some locations where its type cannot be determined.
src/pages/TaiGerOrg/InternalDashboard/AgentDashboard.tsx(30,11): error TS7034: Variable 'noAdmissionDataset' implicitly has type 'any[]' in some locations where its type cannot be determined.
src/pages/TaiGerOrg/InternalDashboard/AgentDashboard.tsx(43,48): error TS7005: Variable 'noAdmissionDataset' implicitly has an 'any[]' type.
src/pages/TaiGerOrg/InternalDashboard/AgentDashboard.tsx(44,49): error TS7005: Variable 'admissionDataset' implicitly has an 'any[]' type.
src/pages/TaiGerOrg/InternalDashboard/index.tsx(71,9): error TS7053: Element implicitly has an 'any' type because expression of type 'string' can't be used to index type '{ overview: number; agents: number; kpi: number; programList: number; responseTime: number; }'.
  No index signature with a parameter of type 'string' was found on type '{ overview: number; agents: number; kpi: number; programList: number; responseTime: number; }'.
src/pages/TaiGerOrg/InternalDashboard/index.tsx(215,25): error TS2345: Argument of type '{ _id: string; needEditor?: boolean | undefined; applying_program_count?: number | undefined; attributes?: { name: string; value: number; }[] | undefined; profile?: { name: string; required: boolean; updatedAt?: Date | undefined; path?: string | undefined; status?: string | undefined; feedback?: string | undefined; ...' is not assignable to parameter of type 'IUser'.
  Type 'null' is not assignable to type 'IUser'.
src/pages/TaiGerOrg/InternalDashboard/index.tsx(228,32): error TS7053: Element implicitly has an 'any' type because expression of type 'number' can't be used to index type '{ 0: string; 1: string; 2: string; 3: string; 4: string; }'.
  No index signature with a parameter of type 'number' was found on type '{ 0: string; 1: string; 2: string; 3: string; 4: string; }'.
src/pages/TaiGerOrg/InternalDashboard/index.tsx(289,25): error TS2322: Type 'unknown[]' is not assignable to type '{ key: string; student_num_no_offer: number; student_num_with_offer: number; }[]'.
  Type 'unknown' is not assignable to type '{ key: string; student_num_no_offer: number; student_num_with_offer: number; }'.
src/pages/TaiGerOrg/InternalDashboard/index.tsx(290,25): error TS2322: Type 'unknown[]' is not assignable to type 'Record<string, { count?: number | undefined; }>'.
  Index signature for type 'string' is missing in type 'unknown[]'.
src/pages/TaiGerOrg/InternalDashboard/index.tsx(291,25): error TS2322: Type 'unknown[]' is not assignable to type 'EditorDataItem[]'.
  Type 'unknown' is not assignable to type 'EditorDataItem'.
src/pages/TaiGerOrg/InternalDashboard/index.tsx(292,25): error TS2322: Type 'unknown[]' is not assignable to type '{ createdAt: string; }[]'.
  Type 'unknown' is not assignable to type '{ createdAt: string; }'.
src/pages/TaiGerOrg/InternalDashboard/index.tsx(295,25): error TS2322: Type 'unknown[]' is not assignable to type '{ name: string; uv: number; }[]'.
  Type 'unknown' is not assignable to type '{ name: string; uv: number; }'.
src/pages/TaiGerOrg/InternalDashboard/index.tsx(302,25): error TS2322: Type 'unknown[]' is not assignable to type 'AgentDistribution[]'.
  Type 'unknown' is not assignable to type 'AgentDistribution'.
src/pages/TaiGerOrg/InternalDashboard/index.tsx(360,25): error TS2322: Type 'unknown' is not assignable to type 'UserAvgResponseTime[]'.
src/pages/TaiGerOrg/InternalDashboard/OverviewDashboardTab.tsx(56,11): error TS7034: Variable 'documents_data' implicitly has type 'any[]' in some locations where its type cannot be determined.
src/pages/TaiGerOrg/InternalDashboard/OverviewDashboardTab.tsx(201,35): error TS7005: Variable 'documents_data' implicitly has an 'any[]' type.
src/pages/TaiGerOrg/InternalDashboard/OverviewDashboardTab.tsx(233,29): error TS2322: Type 'EditorDataItem[]' is not assignable to type '{ key: string; student_num: number; }[]'.
  Type 'EditorDataItem' is missing the following properties from type '{ key: string; student_num: number; }': key, student_num
src/pages/TaiGerOrg/ProgramConflict/index.tsx(28,25): error TS2345: Argument of type '{ _id: string; needEditor?: boolean | undefined; applying_program_count?: number | undefined; attributes?: { name: string; value: number; }[] | undefined; profile?: { name: string; required: boolean; updatedAt?: Date | undefined; path?: string | undefined; status?: string | undefined; feedback?: string | undefined; ...' is not assignable to parameter of type 'IUser'.
  Type 'null' is not assignable to type 'IUser'.
src/pages/TaiGerOrg/ProgramConflict/index.tsx(38,31): error TS2339: Property 'data' does not exist on type '{}'.
src/pages/TaiGerOrg/ProgramConflict/index.tsx(39,38): error TS2339: Property 'status' does not exist on type '{}'.
src/pages/TaiGerOrg/ProgramConflict/index.tsx(39,56): error TS2339: Property 'response' does not exist on type 'Error'.
src/pages/TaiGerOrg/ProgramConflict/index.tsx(43,31): error TS2339: Property 'data' does not exist on type '{}'.
src/pages/TaiGerOrg/ProgramConflict/index.tsx(63,14): error TS2741: Property 'program' is missing in type '{ students: any; }' but required in type 'TabProgramConflictProps'.
src/pages/TaiGerOrg/ProgramTaskDelta/index.tsx(36,55): error TS2345: Argument of type '(prevState: { error: string; isLoaded: boolean; data: never[]; success: boolean; res_status: number; res_modal_message: string; res_modal_status: number; }) => { isLoaded: true; data: { students: unknown[]; program: { ...; }; }[] | undefined; ... 4 more ...; res_modal_status: number; }' is not assignable to parameter of type 'SetStateAction<{ error: string; isLoaded: boolean; data: never[]; success: boolean; res_status: number; res_modal_message: string; res_modal_status: number; }>'.
  Type '(prevState: { error: string; isLoaded: boolean; data: never[]; success: boolean; res_status: number; res_modal_message: string; res_modal_status: number; }) => { isLoaded: true; data: { students: unknown[]; program: { ...; }; }[] | undefined; ... 4 more ...; res_modal_status: number; }' is not assignable to type '(prevState: { error: string; isLoaded: boolean; data: never[]; success: boolean; res_status: number; res_modal_message: string; res_modal_status: number; }) => { error: string; isLoaded: boolean; ... 4 more ...; res_modal_status: number; }'.
    Call signature return types '{ isLoaded: true; data: { students: unknown[]; program: { school: string; program_name: string; _id: string; isArchiv?: boolean | undefined; isLocked?: boolean | undefined; programSubjects?: string[] | undefined; ... 72 more ...; vcId?: string | undefined; }; }[] | undefined; ... 4 more ...; res_modal_status: number...' and '{ error: string; isLoaded: boolean; data: never[]; success: boolean; res_status: number; res_modal_message: string; res_modal_status: number; }' are incompatible.
      The types of 'data' are incompatible between these types.
        Type '{ students: unknown[]; program: { school: string; program_name: string; _id: string; isArchiv?: boolean | undefined; isLocked?: boolean | undefined; programSubjects?: string[] | undefined; degree?: string | undefined; ... 71 more ...; vcId?: string | undefined; }; }[] | undefined' is not assignable to type 'never[]'.
          Type 'undefined' is not assignable to type 'never[]'.
src/pages/TaiGerOrg/ProgramTaskDelta/index.tsx(62,25): error TS2345: Argument of type '{ _id: string; needEditor?: boolean | undefined; applying_program_count?: number | undefined; attributes?: { name: string; value: number; }[] | undefined; profile?: { name: string; required: boolean; updatedAt?: Date | undefined; path?: string | undefined; status?: string | undefined; feedback?: string | undefined; ...' is not assignable to parameter of type 'IUser'.
  Type 'null' is not assignable to type 'IUser'.
src/pages/TaiGerOrg/ProgramTaskDelta/index.tsx(79,35): error TS2532: Object is possibly 'undefined'.
src/pages/TaiGerPublicProfile/AgentProfile.tsx(40,13): error TS18047: 'user' is possibly 'null'.
src/pages/TaiGerPublicProfile/AgentProfile.tsx(49,25): error TS2345: Argument of type 'string | undefined' is not assignable to parameter of type 'string'.
  Type 'undefined' is not assignable to type 'string'.
src/pages/TaiGerPublicProfile/AgentProfile.tsx(54,42): error TS2345: Argument of type '(prevState: { error: string; role: string; isLoaded: boolean; data: null; success: boolean; agent: IAgent; selectedTimezone: string; updateconfirmed: boolean; updatecredentialconfirmed: boolean; res_status: number; res_modal_message: string; res_modal_status: number; }) => { ...; }' is not assignable to parameter of type 'SetStateAction<{ error: string; role: string; isLoaded: boolean; data: null; success: boolean; agent: IAgent; selectedTimezone: string; updateconfirmed: boolean; updatecredentialconfirmed: boolean; res_status: number; res_modal_message: string; res_modal_status: number; }>'.
  Type '(prevState: { error: string; role: string; isLoaded: boolean; data: null; success: boolean; agent: import("C:/Users/steve/workspace/TaiGerPortalStaticWebsite/node_modules/@taiger-common/model/dist/types/model/User").IAgent; ... 5 more ...; res_modal_status: number; }) => { ...; }' is not assignable to type '(prevState: { error: string; role: string; isLoaded: boolean; data: null; success: boolean; agent: import("C:/Users/steve/workspace/TaiGerPortalStaticWebsite/node_modules/@taiger-common/model/dist/types/model/User").IAgent; ... 5 more ...; res_modal_status: number; }) => { ...; }'. Two different types with this name exist, but they are unrelated.
    Call signature return types '{ isLoaded: true; agent: { _id: string; needEditor?: boolean | undefined; applying_program_count?: number | undefined; attributes?: { name: string; value: number; }[] | undefined; profile?: { ...; }[] | undefined; ... 19 more ...; courses?: { ...; } | undefined; } | undefined; ... 9 more ...; res_modal_status: numbe...' and '{ error: string; role: string; isLoaded: boolean; data: null; success: boolean; agent: IAgent; selectedTimezone: string; updateconfirmed: boolean; updatecredentialconfirmed: boolean; res_status: number; res_modal_message: string; res_modal_status: number; }' are incompatible.
      The types of 'agent' are incompatible between these types.
        Type '{ _id: string; needEditor?: boolean | undefined; applying_program_count?: number | undefined; attributes?: { name: string; value: number; }[] | undefined; profile?: { name: string; required: boolean; updatedAt?: Date | undefined; path?: string | undefined; status?: string | undefined; feedback?: string | undefined; ...' is not assignable to type 'IAgent'.
          Type 'undefined' is not assignable to type 'IAgent'.
src/pages/TaiGerPublicProfile/AgentProfile.tsx(149,57): error TS18048: 'agentProfileState.agent.officehours' is possibly 'undefined'.
src/pages/TaiGerPublicProfile/AgentProfile.tsx(159,53): error TS2322: Type '{ checked: boolean | undefined; name: string; sx: { '& .MuiSvgIcon-root': { fontSize: string; }; }; type: string; }' is not assignable to type 'IntrinsicAttributes & CheckboxProps'.
  Property 'type' does not exist on type 'IntrinsicAttributes & CheckboxProps'.
src/pages/TaiGerPublicProfile/AgentProfile.tsx(172,45): error TS2322: Type '{ id: string; isDisabled: true; isMulti: true; label: string; options: { value: string; label: string; }[]; value: unknown[] | undefined; }' is not assignable to type 'IntrinsicAttributes & Omit<PublicBaseSelectProps<unknown, true, GroupBase<unknown>>, StateManagedPropKeys> & Partial<...> & StateManagerAdditionalProps<...> & RefAttributes<...>'.
  Property 'label' does not exist on type 'IntrinsicAttributes & Omit<PublicBaseSelectProps<unknown, true, GroupBase<unknown>>, StateManagedPropKeys> & Partial<...> & StateManagerAdditionalProps<...> & RefAttributes<...>'.
src/pages/TaiGerPublicProfile/AgentProfile.tsx(189,44): error TS2345: Argument of type '{ _id: string; needEditor?: boolean | undefined; applying_program_count?: number | undefined; attributes?: { name: string; value: number; }[] | undefined; profile?: { name: string; required: boolean; updatedAt?: Date | undefined; path?: string | undefined; status?: string | undefined; feedback?: string | undefined; ...' is not assignable to parameter of type 'IUser'.
  Type 'null' is not assignable to type 'IUser'.
src/pages/TaiGerPublicProfile/AgentProfile.tsx(197,41): error TS18047: 'user' is possibly 'null'.
src/pages/UniAssist/index.tsx(20,47): error TS18047: 'user' is possibly 'null'.
src/pages/UniAssist/index.tsx(23,28): error TS2345: Argument of type '{ _id: string; needEditor?: boolean | undefined; applying_program_count?: number | undefined; attributes?: { name: string; value: number; }[] | undefined; profile?: { name: string; required: boolean; updatedAt?: Date | undefined; path?: string | undefined; status?: string | undefined; feedback?: string | undefined; ...' is not assignable to parameter of type 'IUser'.
  Type 'null' is not assignable to type 'IUser'.
src/pages/UniAssist/index.tsx(49,45): error TS2345: Argument of type 'unknown' is not assignable to parameter of type 'IStudentResponseDef'.
src/pages/UniAssist/index.tsx(65,40): error TS2322: Type 'unknown' is not assignable to type 'IStudentResponseDef'.
src/pages/Users/AddUserModal.tsx(41,9): error TS7053: Element implicitly has an 'any' type because expression of type 'string' can't be used to index type '{ role: string; }'.
  No index signature with a parameter of type 'string' was found on type '{ role: string; }'.
src/pages/Users/AddUserModal.tsx(125,25): error TS2322: Type '(e: ChangeEvent<HTMLInputElement>) => void' is not assignable to type '(event: SelectChangeEvent<string>, child: ReactNode) => void'.
  Types of parameters 'e' and 'event' are incompatible.
    Type 'SelectChangeEvent<string>' is not assignable to type 'ChangeEvent<HTMLInputElement>'.
      Type 'Event & { target: { value: string; name: string; }; }' is missing the following properties from type 'ChangeEvent<HTMLInputElement>': nativeEvent, isDefaultPrevented, isPropagationStopped, persist
src/pages/Users/AddUserModal.tsx(161,39): error TS2339: Property 'applying_program_count' does not exist on type '{ role: string; }'.
src/pages/Users/AddUserModal.tsx(197,56): error TS2339: Property 'firstname' does not exist on type '{ role: string; }'.
src/pages/Users/AddUserModal.tsx(198,56): error TS2339: Property 'lastname' does not exist on type '{ role: string; }'.
src/pages/Users/AddUserModal.tsx(199,56): error TS2339: Property 'email' does not exist on type '{ role: string; }'.
src/pages/Users/AddUserModal.tsx(203,39): error TS2345: Argument of type 'MouseEvent<HTMLButtonElement, MouseEvent>' is not assignable to parameter of type 'FormEvent<HTMLFormElement>'.
  Types of property 'currentTarget' are incompatible.
    Type 'EventTarget & HTMLButtonElement' is not assignable to type 'EventTarget & HTMLFormElement'.
      Type 'EventTarget & HTMLButtonElement' is missing the following properties from type 'HTMLFormElement': acceptCharset, action, autocomplete, elements, and 12 more.
src/pages/Users/UsersTable.tsx(94,25): error TS2345: Argument of type '{ _id: string; needEditor?: boolean | undefined; applying_program_count?: number | undefined; attributes?: { name: string; value: number; }[] | undefined; profile?: { name: string; required: boolean; updatedAt?: Date | undefined; path?: string | undefined; status?: string | undefined; feedback?: string | undefined; ...' is not assignable to parameter of type 'IUser'.
  Type 'null' is not assignable to type 'IUser'.
src/pages/Users/UsersTable.tsx(153,41): error TS2339: Property 'studentCount' does not exist on type '{}'.
src/pages/Users/UsersTable.tsx(159,81): error TS2339: Property 'agentCount' does not exist on type '{}'.
src/pages/Users/UsersTable.tsx(164,81): error TS2339: Property 'editorCount' does not exist on type '{}'.
src/pages/Users/UsersTable.tsx(170,41): error TS2339: Property 'externalCount' does not exist on type '{}'.
src/pages/Users/UsersTable.tsx(176,80): error TS2339: Property 'adminCount' does not exist on type '{}'.
src/pages/Users/UsersTable.tsx(217,50): error TS2339: Property 'selected_user_id' does not exist on type '{ addUserModalState: boolean; users: null; }'.
src/pages/Utils/checking-functions.tsx(41,14): error TS2322: Type '{ wordBreak: string; whiteSpace: string; }' is not assignable to type 'Properties<string | number, string & {}>'.
  Types of property 'wordBreak' are incompatible.
    Type 'string' is not assignable to type 'WordBreak | undefined'.
src/pages/Utils/checking-functions.tsx(120,45): error TS2345: Argument of type 'string | undefined' is not assignable to parameter of type 'string'.
  Type 'undefined' is not assignable to type 'string'.
src/pages/Utils/checking-functions.tsx(121,45): error TS2367: This comparison appears to be unintentional because the types 'number' and 'string' have no overlap.
src/pages/Utils/checking-functions.tsx(126,45): error TS2367: This comparison appears to be unintentional because the types 'number' and 'string' have no overlap.
src/pages/Utils/checking-functions.tsx(131,40): error TS2367: This comparison appears to be unintentional because the types 'number' and 'string' have no overlap.
src/pages/Utils/checking-functions.tsx(175,29): error TS7053: Element implicitly has an 'any' type because expression of type 'string' can't be used to index type 'IUserApplicationPreference'.
  No index signature with a parameter of type 'string' was found on type 'IUserApplicationPreference'.
src/pages/Utils/checking-functions.tsx(176,24): error TS7053: Element implicitly has an 'any' type because expression of type 'string' can't be used to index type 'IUserApplicationPreference'.
  No index signature with a parameter of type 'string' was found on type 'IUserApplicationPreference'.
src/pages/Utils/document-status.ts(209,24): error TS2339: Property 'decided' does not exist on type '{ programId?: Record<string, unknown> | undefined; }'.
src/reportWebVitals.ts(1,36): error TS2307: Cannot find module 'web-vitals' or its corresponding type declarations.
src/reportWebVitals.ts(5,16): error TS2307: Cannot find module 'web-vitals' or its corresponding type declarations.
src/routes.tsx(83,9): error TS2322: Type 'Promise<typeof import("C:/Users/steve/workspace/TaiGerPortalStaticWebsite/src/pages/CVMLRLCenter/DocModificationThreadPage/DocumentThreadsPage/DocumentCommunicatiomExpandPage")>' is not assignable to type 'Promise<{ default: ComponentType<any>; }>'.
  Type 'typeof import("C:/Users/steve/workspace/TaiGerPortalStaticWebsite/src/pages/CVMLRLCenter/DocModificationThreadPage/DocumentThreadsPage/DocumentCommunicatiomExpandPage")' is not assignable to type '{ default: ComponentType<any>; }'.
    Types of property 'default' are incompatible.
      Type '() => Error | JSX.Element' is not assignable to type 'ComponentType<any>'.
        Type '() => Error | JSX.Element' is not assignable to type 'FunctionComponent<any>'.
          Type 'Error | Element' is not assignable to type 'ReactNode'.
            Type 'Error' is not assignable to type 'ReactNode'.
src/routes.tsx(966,9): error TS2322: Type 'LazyExoticComponent<ComponentType<any>>' is not assignable to type 'LazyExoticComponent<(props: PortalCredentialPageProps) => Element>'.
  Type 'ComponentType<any>' is not assignable to type '(props: PortalCredentialPageProps) => Element'.
    Type 'FunctionComponent<any>' is not assignable to type '(props: PortalCredentialPageProps) => Element'.
      Type 'ReactNode' is not assignable to type 'Element'.
        Type 'undefined' is not assignable to type 'ReactElement<any, any>'.
src/types/global-d.ts(7,5): error TS2667: Imports are not permitted in module augmentations. Consider moving them to the enclosing external module.
src/types/global-d.ts(7,40): error TS2307: Cannot find module 'react' or its corresponding type declarations.
src/types/global-d.ts(23,5): error TS2666: Exports and export assignments are not permitted in module augmentations.
src/types/global-d.ts(24,5): error TS2666: Exports and export assignments are not permitted in module augmentations.
src/utils/contants.tsx(1284,23): error TS2345: Argument of type 'string | undefined' is not assignable to parameter of type 'string'.
  Type 'undefined' is not assignable to type 'string'.
src/utils/contants.tsx(1692,17): error TS2345: Argument of type 'string | undefined' is not assignable to parameter of type 'string'.
  Type 'undefined' is not assignable to type 'string'.
src/utils/contants.tsx(1860,17): error TS2345: Argument of type 'string | undefined' is not assignable to parameter of type 'string'.
  Type 'undefined' is not assignable to type 'string'.
src/utils/contants.tsx(2019,17): error TS2345: Argument of type 'string | undefined' is not assignable to parameter of type 'string'.
  Type 'undefined' is not assignable to type 'string'.
src/utils/contants.tsx(2099,17): error TS2345: Argument of type 'string | undefined' is not assignable to parameter of type 'string'.
  Type 'undefined' is not assignable to type 'string'.
src/utils/contants.tsx(2393,17): error TS7053: Element implicitly has an 'any' type because expression of type 'string' can't be used to index type '{ SSM: { categoryName: string; color: "#7986cb"; }; NS: { categoryName: string; color: "#009688"; }; LSM: { categoryName: string; color: "#ef5350"; }; ET: { categoryName: string; color: "#607d8b"; }; AH: { ...; }; }'.
  No index signature with a parameter of type 'string' was found on type '{ SSM: { categoryName: string; color: "#7986cb"; }; NS: { categoryName: string; color: "#009688"; }; LSM: { categoryName: string; color: "#ef5350"; }; ET: { categoryName: string; color: "#607d8b"; }; AH: { ...; }; }'.
src/utils/contants.tsx(2396,17): error TS7053: Element implicitly has an 'any' type because expression of type 'string' can't be used to index type '{ SSM: { categoryName: string; color: "#7986cb"; }; NS: { categoryName: string; color: "#009688"; }; LSM: { categoryName: string; color: "#ef5350"; }; ET: { categoryName: string; color: "#607d8b"; }; AH: { ...; }; }'.
  No index signature with a parameter of type 'string' was found on type '{ SSM: { categoryName: string; color: "#7986cb"; }; NS: { categoryName: string; color: "#009688"; }; LSM: { categoryName: string; color: "#ef5350"; }; ET: { categoryName: string; color: "#607d8b"; }; AH: { ...; }; }'.
